
[1m[46m RUN [49m[22m [36mv3.2.4 [39m[90mC:/Thesis/dvconf/dvconf-daemons[39m

{"level":30,"time":1781878813224,"pid":27868,"hostname":"Quang","name":"canary-slash-e2e","module":"canary-localnet-helpers","action":"fund_keypair","context":{"address":"0x275470a49a7b20870e325e5fd19ed849ab97a9642c12bbf1c764052fddc5c622"},"msg":"funded fresh keypair"}
{"level":30,"time":1781878816202,"pid":27868,"hostname":"Quang","name":"canary-slash-e2e","module":"canary-localnet-helpers","action":"register","context":{"digest":"4GzhkiBxJm6qFvNKUAYww9aGnD3SoZ1mvqEtMGXuneJX"},"msg":"register succeeded on-chain"}
{"level":30,"time":1781878818547,"pid":27868,"hostname":"Quang","name":"canary-slash-e2e","module":"canary-localnet-helpers","action":"register_cp","context":{"digest":"EpUJgyWZ9qvfSLDtvfgpBYTsgkZgw21vNFdcwyBbhANh"},"msg":"register_cp succeeded on-chain"}
{"level":30,"time":1781878820592,"pid":27868,"hostname":"Quang","name":"canary-slash-e2e","module":"canary-localnet-helpers","action":"fund_keypair","context":{"address":"0xce43884210ab4eeae8c1f7a2fcb9fd8647e0c5fa97bce60f76ccc7303c9466a2"},"msg":"funded fresh keypair"}
{"level":30,"time":1781878823423,"pid":27868,"hostname":"Quang","name":"canary-slash-e2e","module":"canary-localnet-helpers","action":"register","context":{"digest":"7iEhWGnLct9Vcnh8jjozhMFULAfYjGhSMdoqH6EhMsJq"},"msg":"register succeeded on-chain"}
{"level":30,"time":1781878825688,"pid":27868,"hostname":"Quang","name":"canary-slash-e2e","module":"canary-localnet-helpers","action":"cast_role_vote","context":{"digest":"BnLcYmLWnQ9L1uKduJHwPe9nNZSadxwPQQoNhhvRLmxf"},"msg":"cast_role_vote succeeded on-chain"}
{"level":30,"time":1781878828001,"pid":27868,"hostname":"Quang","name":"canary-slash-e2e","module":"canary-localnet-helpers","action":"apply_voted_role","context":{"digest":"85ZKv2oAZpS4PJVrKNQhS3DG12dn8qEyqsuKwwPQoVZU"},"msg":"apply_voted_role succeeded on-chain"}
{"level":30,"time":1781878830311,"pid":27868,"hostname":"Quang","name":"canary-slash-e2e","module":"canary-localnet-helpers","action":"register_relay","context":{"digest":"FSiqeNU3Xb2cRzH3G2AchDT4Mgm7QFGCuWZ4vdSHqhD4"},"msg":"register_relay succeeded on-chain"}
{"level":30,"time":1781878830311,"pid":27868,"hostname":"Quang","name":"canary-slash-e2e","module":"canary-localnet-helpers","action":"register_relay","context":{"minerId":"0xce43884210ab4eeae8c1f7a2fcb9fd8647e0c5fa97bce60f76ccc7303c9466a2"},"msg":"relay registered"}
{"level":30,"time":1781878832209,"pid":27868,"hostname":"Quang","name":"canary-slash-e2e","module":"canary-localnet-helpers","action":"fund_keypair","context":{"address":"0xd5ebfcb5875de1d72c38a1a80115a2ba6793bff034847c56fbd6642f27d24452"},"msg":"funded fresh keypair"}
{"level":30,"time":1781878834930,"pid":27868,"hostname":"Quang","name":"canary-slash-e2e","module":"canary-localnet-helpers","action":"register","context":{"digest":"HZXMVNxpaRrBSVpiQxUdutW4WDafcFCsKrjGtg3Yye31"},"msg":"register succeeded on-chain"}
{"level":30,"time":1781878837179,"pid":27868,"hostname":"Quang","name":"canary-slash-e2e","module":"canary-localnet-helpers","action":"cast_role_vote","context":{"digest":"8mb7sYXU5wfcEYKFHbY28Qc5pjGcyDuCM2DQeNEMgryY"},"msg":"cast_role_vote succeeded on-chain"}
{"level":30,"time":1781878839519,"pid":27868,"hostname":"Quang","name":"canary-slash-e2e","module":"canary-localnet-helpers","action":"apply_voted_role","context":{"digest":"3BMq4uDgDBw51VseGBqtQUiXPWyP32xphCALw1wfSXvy"},"msg":"apply_voted_role succeeded on-chain"}
{"level":30,"time":1781878841748,"pid":27868,"hostname":"Quang","name":"canary-slash-e2e","module":"canary-localnet-helpers","action":"register_validator","context":{"digest":"CY1dSJihf3hnYM49J1DucLWDGijsTjAWAVVQq31v6sWh"},"msg":"register_validator succeeded on-chain"}
{"level":30,"time":1781878844111,"pid":27868,"hostname":"Quang","name":"canary-slash-e2e","module":"canary-localnet-helpers","action":"self_assign_session_wallet","context":{"digest":"hEgPGS7eUNpuivRnXkAWfFssFdnCazH8syhyDao27aa"},"msg":"self_assign_session_wallet succeeded on-chain"}
{"level":30,"time":1781878844111,"pid":27868,"hostname":"Quang","name":"canary-slash-e2e","module":"canary-localnet-helpers","action":"register_validator","context":{"minerId":"0xd5ebfcb5875de1d72c38a1a80115a2ba6793bff034847c56fbd6642f27d24452"},"msg":"validator registered + session-wallet bound"}
{"level":30,"time":1781878846099,"pid":27868,"hostname":"Quang","name":"canary-slash-e2e","module":"canary-localnet-helpers","action":"fund_keypair","context":{"address":"0x8039e8aa81ced1d0e3ecf75a433a9b6ee01f9afb4b4b8f49de4354bdd7abe8a0"},"msg":"funded fresh keypair"}
{"level":30,"time":1781878848853,"pid":27868,"hostname":"Quang","name":"canary-slash-e2e","module":"canary-localnet-helpers","action":"register","context":{"digest":"Dp6opQL4bpRRJU8krd9gQ7K4TRFSoYpwnurJ3Q8nrqzy"},"msg":"register succeeded on-chain"}
{"level":30,"time":1781878851162,"pid":27868,"hostname":"Quang","name":"canary-slash-e2e","module":"canary-localnet-helpers","action":"cast_role_vote","context":{"digest":"GVUgsxuTe6t8DMmzTS5coWem3Y16dNmFXgrPmdazaCqf"},"msg":"cast_role_vote succeeded on-chain"}
{"level":30,"time":1781878853573,"pid":27868,"hostname":"Quang","name":"canary-slash-e2e","module":"canary-localnet-helpers","action":"apply_voted_role","context":{"digest":"8JtPsDskzqPZqtt19WBL2GdCsHJ2XewJ3HjdTBJ55759"},"msg":"apply_voted_role succeeded on-chain"}
{"level":30,"time":1781878855953,"pid":27868,"hostname":"Quang","name":"canary-slash-e2e","module":"canary-localnet-helpers","action":"register_validator","context":{"digest":"4L3HCwgRxaPbKkrvft1jytXMtNrocq4Ht6cb3fJkoBHz"},"msg":"register_validator succeeded on-chain"}
{"level":30,"time":1781878858254,"pid":27868,"hostname":"Quang","name":"canary-slash-e2e","module":"canary-localnet-helpers","action":"self_assign_session_wallet","context":{"digest":"EWNTKg3WhJibHHbdBenH72mHrVrR3Z1LhfVRFC6BT7zJ"},"msg":"self_assign_session_wallet succeeded on-chain"}
{"level":30,"time":1781878858255,"pid":27868,"hostname":"Quang","name":"canary-slash-e2e","module":"canary-localnet-helpers","action":"register_validator","context":{"minerId":"0x8039e8aa81ced1d0e3ecf75a433a9b6ee01f9afb4b4b8f49de4354bdd7abe8a0"},"msg":"validator registered + session-wallet bound"}
{"level":30,"time":1781878862992,"pid":27868,"hostname":"Quang","name":"canary-slash-e2e","module":"canary-localnet-helpers","action":"register_user","context":{"digest":"7zLkUZz5KQnNmseQza3Lv5zBBNgLEJFVdNDe7ueAVKY5"},"msg":"register_user succeeded on-chain"}
{"level":30,"time":1781878865397,"pid":27868,"hostname":"Quang","name":"canary-slash-e2e","module":"canary-localnet-helpers","action":"create_room","context":{"digest":"3FA8di937c351Z1yLBZiaX4FFAzPXrWWQsxGekkYdX6V"},"msg":"create_room succeeded on-chain"}
{"level":30,"time":1781878867707,"pid":27868,"hostname":"Quang","name":"canary-slash-e2e","module":"canary-localnet-helpers","action":"assign_relay_and_signaling","context":{"digest":"iWrfP7frX6xhsuZ5efWph1b1APw3wvLtBJBPCF1f8KD"},"msg":"assign_relay_and_signaling succeeded on-chain"}
{"level":30,"time":1781878867708,"pid":27868,"hostname":"Quang","name":"canary-slash-e2e","module":"canary-localnet-helpers","action":"create_room_with_relay","context":{"roomId":"0x62a7bfa73593752d341223f86d32367a05f3e0614902b624af05296d0452e736","relayMinerId":"0xce43884210ab4eeae8c1f7a2fcb9fd8647e0c5fa97bce60f76ccc7303c9466a2"},"msg":"room created + relay assigned"}
[90mstdout[2m | apps/validator-daemon/src/__tests__/integration/canary-slash-e2e.integration.test.ts[2m > [22m[2mCanary divergence on-chain slash — localnet E2E (REQ-CFA-006/007/008, INV-A/C)[2m > [22m[2mHAPPY: real divergence + 2 Wallet-B sigs → CanaryDivergenceSlashed fires AND R_k bond decreases
[22m[39m{"timestamp":"2026-06-19T14:21:07.713Z","level":"INFO","source":"frontend","module":"webrtc/sframe-transform","message":"encrypted frame","context":{"kid":7,"ctr":0,"byteLength":62,"codecOffset":10}}

[90mstdout[2m | apps/validator-daemon/src/__tests__/integration/canary-slash-e2e.integration.test.ts[2m > [22m[2mCanary divergence on-chain slash — localnet E2E (REQ-CFA-006/007/008, INV-A/C)[2m > [22m[2mHAPPY: real divergence + 2 Wallet-B sigs → CanaryDivergenceSlashed fires AND R_k bond decreases
[22m[39m{"timestamp":"2026-06-19T14:21:07.715Z","level":"INFO","source":"frontend","module":"webrtc/sframe-transform","message":"encrypted frame","context":{"kid":7,"ctr":1,"byteLength":62,"codecOffset":10}}

[90mstdout[2m | apps/validator-daemon/src/__tests__/integration/canary-slash-e2e.integration.test.ts[2m > [22m[2mCanary divergence on-chain slash — localnet E2E (REQ-CFA-006/007/008, INV-A/C)[2m > [22m[2mHAPPY: real divergence + 2 Wallet-B sigs → CanaryDivergenceSlashed fires AND R_k bond decreases
[22m[39m{"timestamp":"2026-06-19T14:21:07.716Z","level":"INFO","source":"frontend","module":"webrtc/sframe-transform","message":"encrypted frame","context":{"kid":7,"ctr":2,"byteLength":62,"codecOffset":10}}

[90mstdout[2m | apps/validator-daemon/src/__tests__/integration/canary-slash-e2e.integration.test.ts[2m > [22m[2mCanary divergence on-chain slash — localnet E2E (REQ-CFA-006/007/008, INV-A/C)[2m > [22m[2mHAPPY: real divergence + 2 Wallet-B sigs → CanaryDivergenceSlashed fires AND R_k bond decreases
[22m[39m{"timestamp":"2026-06-19T14:21:07.717Z","level":"INFO","source":"frontend","module":"webrtc/sframe-transform","message":"encrypted frame","context":{"kid":7,"ctr":3,"byteLength":62,"codecOffset":10}}

[90mstdout[2m | apps/validator-daemon/src/__tests__/integration/canary-slash-e2e.integration.test.ts[2m > [22m[2mCanary divergence on-chain slash — localnet E2E (REQ-CFA-006/007/008, INV-A/C)[2m > [22m[2mHAPPY: real divergence + 2 Wallet-B sigs → CanaryDivergenceSlashed fires AND R_k bond decreases
[22m[39m{"timestamp":"2026-06-19T14:21:07.718Z","level":"INFO","source":"frontend","module":"webrtc/sframe-transform","message":"encrypted frame","context":{"kid":7,"ctr":4,"byteLength":62,"codecOffset":10}}

[90mstdout[2m | apps/validator-daemon/src/__tests__/integration/canary-slash-e2e.integration.test.ts[2m > [22m[2mCanary divergence on-chain slash — localnet E2E (REQ-CFA-006/007/008, INV-A/C)[2m > [22m[2mHAPPY: real divergence + 2 Wallet-B sigs → CanaryDivergenceSlashed fires AND R_k bond decreases
[22m[39m{"timestamp":"2026-06-19T14:21:07.719Z","level":"INFO","source":"frontend","module":"webrtc/sframe-transform","message":"encrypted frame","context":{"kid":7,"ctr":0,"byteLength":62,"codecOffset":10}}

[90mstdout[2m | apps/validator-daemon/src/__tests__/integration/canary-slash-e2e.integration.test.ts[2m > [22m[2mCanary divergence on-chain slash — localnet E2E (REQ-CFA-006/007/008, INV-A/C)[2m > [22m[2mHAPPY: real divergence + 2 Wallet-B sigs → CanaryDivergenceSlashed fires AND R_k bond decreases
[22m[39m{"timestamp":"2026-06-19T14:21:07.720Z","level":"INFO","source":"frontend","module":"webrtc/sframe-transform","message":"encrypted frame","context":{"kid":7,"ctr":1,"byteLength":62,"codecOffset":10}}

[90mstdout[2m | apps/validator-daemon/src/__tests__/integration/canary-slash-e2e.integration.test.ts[2m > [22m[2mCanary divergence on-chain slash — localnet E2E (REQ-CFA-006/007/008, INV-A/C)[2m > [22m[2mHAPPY: real divergence + 2 Wallet-B sigs → CanaryDivergenceSlashed fires AND R_k bond decreases
[22m[39m{"timestamp":"2026-06-19T14:21:07.721Z","level":"INFO","source":"frontend","module":"webrtc/sframe-transform","message":"encrypted frame","context":{"kid":7,"ctr":2,"byteLength":62,"codecOffset":10}}

[90mstdout[2m | apps/validator-daemon/src/__tests__/integration/canary-slash-e2e.integration.test.ts[2m > [22m[2mCanary divergence on-chain slash — localnet E2E (REQ-CFA-006/007/008, INV-A/C)[2m > [22m[2mHAPPY: real divergence + 2 Wallet-B sigs → CanaryDivergenceSlashed fires AND R_k bond decreases
[22m[39m{"timestamp":"2026-06-19T14:21:07.721Z","level":"INFO","source":"frontend","module":"webrtc/sframe-transform","message":"encrypted frame","context":{"kid":7,"ctr":3,"byteLength":62,"codecOffset":10}}

[90mstdout[2m | apps/validator-daemon/src/__tests__/integration/canary-slash-e2e.integration.test.ts[2m > [22m[2mCanary divergence on-chain slash — localnet E2E (REQ-CFA-006/007/008, INV-A/C)[2m > [22m[2mHAPPY: real divergence + 2 Wallet-B sigs → CanaryDivergenceSlashed fires AND R_k bond decreases
[22m[39m{"timestamp":"2026-06-19T14:21:07.722Z","level":"INFO","source":"frontend","module":"webrtc/sframe-transform","message":"encrypted frame","context":{"kid":7,"ctr":4,"byteLength":62,"codecOffset":10}}

{"level":30,"time":1781878867723,"pid":27868,"hostname":"Quang","name":"canary/verifier","canaryKid":7,"mediaPackets":5,"byteIdentical":4,"divergences":1,"msg":"canary forwarding verified"}
{"level":30,"time":1781878867726,"pid":27868,"hostname":"Quang","name":"canary/proof","roomId":"0x62a7bfa73593752d341223f86d32367a05f3e0614902b624af05296d0452e736","relayMinerId":"0xce43884210ab4eeae8c1f7a2fcb9fd8647e0c5fa97bce60f76ccc7303c9466a2","canaryId":7,"frameSeq":2,"drop":false,"attesters":2,"msg":"canary proof-of-divergence built (Wallet-B only)"}
{"level":30,"time":1781878870094,"pid":27868,"hostname":"Quang","name":"canary-slash-e2e","module":"canary/slash-submitter","action":"submit_slash","context":{"roomId":"0x62a7bfa73593752d341223f86d32367a05f3e0614902b624af05296d0452e736","relayMinerId":"0xce43884210ab4eeae8c1f7a2fcb9fd8647e0c5fa97bce60f76ccc7303c9466a2","canaryId":7,"frameSeq":2,"attesterCount":2,"digest":"7iwLXrQD12LzzC6PN4vQCdE6QAwxi4nNLGwAfqMZqK7M"},"msg":"canary divergence slash submitted on-chain"}
{"level":30,"time":1781878870119,"pid":27868,"hostname":"Quang","name":"canary-slash-e2e","module":"canary-slash-e2e","action":"bond_delta_happy","context":{"bondBefore":"300000000","bondAfter":"270000000","slashAmount":"30000000","delta":"30000000"},"msg":"EVIDENCE: R_k bond before/after slash"}
{"level":30,"time":1781878870123,"pid":27868,"hostname":"Quang","name":"canary/proof","roomId":"0x62a7bfa73593752d341223f86d32367a05f3e0614902b624af05296d0452e736","relayMinerId":"0xce43884210ab4eeae8c1f7a2fcb9fd8647e0c5fa97bce60f76ccc7303c9466a2","canaryId":7,"frameSeq":0,"drop":false,"attesters":2,"msg":"canary proof-of-divergence built (Wallet-B only)"}
{"level":30,"time":1781878870184,"pid":27868,"hostname":"Quang","name":"canary-slash-e2e","module":"canary-localnet-helpers","action":"honest-run-no-divergence","context":{"expectedCode":686},"msg":"honest-run-no-divergence aborted with the expected code 686"}
{"level":30,"time":1781878872125,"pid":27868,"hostname":"Quang","name":"canary-slash-e2e","module":"canary-localnet-helpers","action":"fund_keypair","context":{"address":"0x52b13d3027046bc11ecb1dcf1f7a3691acad603c220285d9ca0868548d269726"},"msg":"funded fresh keypair"}
{"level":30,"time":1781878874922,"pid":27868,"hostname":"Quang","name":"canary-slash-e2e","module":"canary-localnet-helpers","action":"register","context":{"digest":"82oLhh9Pt9SmeGTCszb3Xk9egXA5B3NE4R4Us3Ppqo2W"},"msg":"register succeeded on-chain"}
{"level":30,"time":1781878877332,"pid":27868,"hostname":"Quang","name":"canary-slash-e2e","module":"canary-localnet-helpers","action":"cast_role_vote","context":{"digest":"76Jky9hTRe9aN67Fcna3suQ8KSGGTcp4gKBjVYVG1LvH"},"msg":"cast_role_vote succeeded on-chain"}
{"level":30,"time":1781878879671,"pid":27868,"hostname":"Quang","name":"canary-slash-e2e","module":"canary-localnet-helpers","action":"apply_voted_role","context":{"digest":"GoRisgkkUgvriGUWoKD4yFBN6iCyfJwCLHSMRGPHsLd5"},"msg":"apply_voted_role succeeded on-chain"}
{"level":30,"time":1781878882051,"pid":27868,"hostname":"Quang","name":"canary-slash-e2e","module":"canary-localnet-helpers","action":"register_relay","context":{"digest":"6XDvawqiaHtSS2Cf2ahtfHuDqEzjVGW351fioPqq8xL3"},"msg":"register_relay succeeded on-chain"}
{"level":30,"time":1781878882051,"pid":27868,"hostname":"Quang","name":"canary-slash-e2e","module":"canary-localnet-helpers","action":"register_relay","context":{"minerId":"0x52b13d3027046bc11ecb1dcf1f7a3691acad603c220285d9ca0868548d269726"},"msg":"relay registered"}
{"level":30,"time":1781878886595,"pid":27868,"hostname":"Quang","name":"canary-slash-e2e","module":"canary-localnet-helpers","action":"register_user","context":{"digest":"3oLRPa2NRMUvT8i3hKtpxg4P6hz5kTppoHV1Vg4whw8K"},"msg":"register_user succeeded on-chain"}
{"level":30,"time":1781878888981,"pid":27868,"hostname":"Quang","name":"canary-slash-e2e","module":"canary-localnet-helpers","action":"create_room","context":{"digest":"E3odb95iiJEbtp2bzpCN5bxe4fLTjrawtU3hHTU76iGr"},"msg":"create_room succeeded on-chain"}
{"level":30,"time":1781878891298,"pid":27868,"hostname":"Quang","name":"canary-slash-e2e","module":"canary-localnet-helpers","action":"assign_relay_and_signaling","context":{"digest":"6vexYfnQBV1uvX1mwzt5N7pa2fZtUCsx8yDETqCSF921"},"msg":"assign_relay_and_signaling succeeded on-chain"}
{"level":30,"time":1781878891298,"pid":27868,"hostname":"Quang","name":"canary-slash-e2e","module":"canary-localnet-helpers","action":"create_room_with_relay","context":{"roomId":"0xb8c05318e74e764c5a9bc990e58eb2a2d0b1c62fbac544bd8b7dba42a53ebd63","relayMinerId":"0x52b13d3027046bc11ecb1dcf1f7a3691acad603c220285d9ca0868548d269726"},"msg":"room created + relay assigned"}
[90mstdout[2m | apps/validator-daemon/src/__tests__/integration/canary-slash-e2e.integration.test.ts[2m > [22m[2mCanary divergence on-chain slash — localnet E2E (REQ-CFA-006/007/008, INV-A/C)[2m > [22m[2mNxM ATTRIBUTION (REQ-CFA-007): R2 proof slashes ONLY R2; submitting it against R1 aborts E_WRONG_STAKE
[22m[39m{"timestamp":"2026-06-19T14:21:31.299Z","level":"INFO","source":"frontend","module":"webrtc/sframe-transform","message":"encrypted frame","context":{"kid":7,"ctr":0,"byteLength":62,"codecOffset":10}}

[90mstdout[2m | apps/validator-daemon/src/__tests__/integration/canary-slash-e2e.integration.test.ts[2m > [22m[2mCanary divergence on-chain slash — localnet E2E (REQ-CFA-006/007/008, INV-A/C)[2m > [22m[2mNxM ATTRIBUTION (REQ-CFA-007): R2 proof slashes ONLY R2; submitting it against R1 aborts E_WRONG_STAKE
[22m[39m{"timestamp":"2026-06-19T14:21:31.299Z","level":"INFO","source":"frontend","module":"webrtc/sframe-transform","message":"encrypted frame","context":{"kid":7,"ctr":1,"byteLength":62,"codecOffset":10}}

[90mstdout[2m | apps/validator-daemon/src/__tests__/integration/canary-slash-e2e.integration.test.ts[2m > [22m[2mCanary divergence on-chain slash — localnet E2E (REQ-CFA-006/007/008, INV-A/C)[2m > [22m[2mNxM ATTRIBUTION (REQ-CFA-007): R2 proof slashes ONLY R2; submitting it against R1 aborts E_WRONG_STAKE
[22m[39m{"timestamp":"2026-06-19T14:21:31.300Z","level":"INFO","source":"frontend","module":"webrtc/sframe-transform","message":"encrypted frame","context":{"kid":7,"ctr":2,"byteLength":62,"codecOffset":10}}

[90mstdout[2m | apps/validator-daemon/src/__tests__/integration/canary-slash-e2e.integration.test.ts[2m > [22m[2mCanary divergence on-chain slash — localnet E2E (REQ-CFA-006/007/008, INV-A/C)[2m > [22m[2mNxM ATTRIBUTION (REQ-CFA-007): R2 proof slashes ONLY R2; submitting it against R1 aborts E_WRONG_STAKE
[22m[39m{"timestamp":"2026-06-19T14:21:31.301Z","level":"INFO","source":"frontend","module":"webrtc/sframe-transform","message":"encrypted frame","context":{"kid":7,"ctr":3,"byteLength":62,"codecOffset":10}}

[90mstdout[2m | apps/validator-daemon/src/__tests__/integration/canary-slash-e2e.integration.test.ts[2m > [22m[2mCanary divergence on-chain slash — localnet E2E (REQ-CFA-006/007/008, INV-A/C)[2m > [22m[2mNxM ATTRIBUTION (REQ-CFA-007): R2 proof slashes ONLY R2; submitting it against R1 aborts E_WRONG_STAKE
[22m[39m{"timestamp":"2026-06-19T14:21:31.301Z","level":"INFO","source":"frontend","module":"webrtc/sframe-transform","message":"encrypted frame","context":{"kid":7,"ctr":4,"byteLength":62,"codecOffset":10}}

[90mstdout[2m | apps/validator-daemon/src/__tests__/integration/canary-slash-e2e.integration.test.ts[2m > [22m[2mCanary divergence on-chain slash — localnet E2E (REQ-CFA-006/007/008, INV-A/C)[2m > [22m[2mNxM ATTRIBUTION (REQ-CFA-007): R2 proof slashes ONLY R2; submitting it against R1 aborts E_WRONG_STAKE
[22m[39m{"timestamp":"2026-06-19T14:21:31.302Z","level":"INFO","source":"frontend","module":"webrtc/sframe-transform","message":"encrypted frame","context":{"kid":7,"ctr":0,"byteLength":62,"codecOffset":10}}

[90mstdout[2m | apps/validator-daemon/src/__tests__/integration/canary-slash-e2e.integration.test.ts[2m > [22m[2mCanary divergence on-chain slash — localnet E2E (REQ-CFA-006/007/008, INV-A/C)[2m > [22m[2mNxM ATTRIBUTION (REQ-CFA-007): R2 proof slashes ONLY R2; submitting it against R1 aborts E_WRONG_STAKE
[22m[39m{"timestamp":"2026-06-19T14:21:31.302Z","level":"INFO","source":"frontend","module":"webrtc/sframe-transform","message":"encrypted frame","context":{"kid":7,"ctr":1,"byteLength":62,"codecOffset":10}}

[90mstdout[2m | apps/validator-daemon/src/__tests__/integration/canary-slash-e2e.integration.test.ts[2m > [22m[2mCanary divergence on-chain slash — localnet E2E (REQ-CFA-006/007/008, INV-A/C)[2m > [22m[2mNxM ATTRIBUTION (REQ-CFA-007): R2 proof slashes ONLY R2; submitting it against R1 aborts E_WRONG_STAKE
[22m[39m{"timestamp":"2026-06-19T14:21:31.302Z","level":"INFO","source":"frontend","module":"webrtc/sframe-transform","message":"encrypted frame","context":{"kid":7,"ctr":2,"byteLength":62,"codecOffset":10}}

[90mstdout[2m | apps/validator-daemon/src/__tests__/integration/canary-slash-e2e.integration.test.ts[2m > [22m[2mCanary divergence on-chain slash — localnet E2E (REQ-CFA-006/007/008, INV-A/C)[2m > [22m[2mNxM ATTRIBUTION (REQ-CFA-007): R2 proof slashes ONLY R2; submitting it against R1 aborts E_WRONG_STAKE
[22m[39m{"timestamp":"2026-06-19T14:21:31.303Z","level":"INFO","source":"frontend","module":"webrtc/sframe-transform","message":"encrypted frame","context":{"kid":7,"ctr":3,"byteLength":62,"codecOffset":10}}

[90mstdout[2m | apps/validator-daemon/src/__tests__/integration/canary-slash-e2e.integration.test.ts[2m > [22m[2mCanary divergence on-chain slash — localnet E2E (REQ-CFA-006/007/008, INV-A/C)[2m > [22m[2mNxM ATTRIBUTION (REQ-CFA-007): R2 proof slashes ONLY R2; submitting it against R1 aborts E_WRONG_STAKE
[22m[39m{"timestamp":"2026-06-19T14:21:31.303Z","level":"INFO","source":"frontend","module":"webrtc/sframe-transform","message":"encrypted frame","context":{"kid":7,"ctr":4,"byteLength":62,"codecOffset":10}}

{"level":30,"time":1781878891304,"pid":27868,"hostname":"Quang","name":"canary/verifier","canaryKid":7,"mediaPackets":5,"byteIdentical":4,"divergences":1,"msg":"canary forwarding verified"}
{"level":30,"time":1781878891306,"pid":27868,"hostname":"Quang","name":"canary/proof","roomId":"0xb8c05318e74e764c5a9bc990e58eb2a2d0b1c62fbac544bd8b7dba42a53ebd63","relayMinerId":"0x52b13d3027046bc11ecb1dcf1f7a3691acad603c220285d9ca0868548d269726","canaryId":7,"frameSeq":2,"drop":false,"attesters":2,"msg":"canary proof-of-divergence built (Wallet-B only)"}
{"level":30,"time":1781878891390,"pid":27868,"hostname":"Quang","name":"canary-slash-e2e","module":"canary-localnet-helpers","action":"wrong-bond-r2-proof-against-r1","context":{"expectedCode":687},"msg":"wrong-bond-r2-proof-against-r1 aborted with the expected code 687"}
{"level":30,"time":1781878893631,"pid":27868,"hostname":"Quang","name":"canary-slash-e2e","module":"canary/slash-submitter","action":"submit_slash","context":{"roomId":"0xb8c05318e74e764c5a9bc990e58eb2a2d0b1c62fbac544bd8b7dba42a53ebd63","relayMinerId":"0x52b13d3027046bc11ecb1dcf1f7a3691acad603c220285d9ca0868548d269726","canaryId":7,"frameSeq":2,"attesterCount":2,"digest":"4eqrZTphMvAb6d3AasVcWYqLeNroi7CN8qypgZBRikoo"},"msg":"canary divergence slash submitted on-chain"}
{"level":30,"time":1781878893681,"pid":27868,"hostname":"Quang","name":"canary-slash-e2e","module":"canary-slash-e2e","action":"bond_delta_nxm","context":{"r1Before":"270000000","r1After":"270000000","r2Before":"300000000","r2After":"270000000"},"msg":"EVIDENCE: NxM attribution — only R2 slashed, R1 untouched"}
 [32m✓[39m apps/validator-daemon/src/__tests__/integration/canary-slash-e2e.integration.test.ts [2m([22m[2m3 tests[22m[2m)[22m[33m 110862[2mms[22m[39m
   [33m[2m✓[22m[39m Canary divergence on-chain slash — localnet E2E (REQ-CFA-006/007/008, INV-A/C)[2m > [22mHAPPY: real divergence + 2 Wallet-B sigs → CanaryDivergenceSlashed fires AND R_k bond decreases [33m 2411[2mms[22m[39m
   [33m[2m✓[22m[39m Canary divergence on-chain slash — localnet E2E (REQ-CFA-006/007/008, INV-A/C)[2m > [22mNxM ATTRIBUTION (REQ-CFA-007): R2 proof slashes ONLY R2; submitting it against R1 aborts E_WRONG_STAKE [33m 23468[2mms[22m[39m

[2m Test Files [22m [1m[32m1 passed[39m[22m[90m (1)[39m
[2m      Tests [22m [1m[32m3 passed[39m[22m[90m (3)[39m
[2m   Start at [22m 21:19:41
[2m   Duration [22m 112.14s[2m (transform 202ms, setup 0ms, collect 987ms, tests 110.86s, environment 0ms, prepare 106ms)[22m

