
[1m[46m RUN [49m[22m [36mv3.2.4 [39m[90mC:/Thesis/dvconf/dvconf-daemons[39m


[31m⎯⎯⎯⎯⎯⎯[39m[1m[41m Failed Suites 2 [49m[22m[31m⎯⎯⎯⎯⎯⎯⎯[39m

[41m[1m FAIL [22m[49m apps/validator-daemon/src/canary/__tests__/room-scope-staleness.test.ts[2m [ apps/validator-daemon/src/canary/__tests__/room-scope-staleness.test.ts ][22m
[31m[1mError[22m: Cannot find module '../validator-pool.js' imported from 'C:/Thesis/dvconf/dvconf-daemons/apps/validator-daemon/src/canary/__tests__/room-scope-staleness.test.ts'[39m
[36m [2m❯[22m apps/validator-daemon/src/canary/__tests__/room-scope-staleness.test.ts:[2m21:1[22m[39m
    [90m 19| [39m
    [90m 20| [39m[35mimport[39m { describe[33m,[39m it[33m,[39m expect } [35mfrom[39m [32m'vitest'[39m[33m;[39m
    [90m 21| [39m[35mimport[39m {
    [90m   | [39m[31m^[39m
    [90m 22| [39m  applyRoomAssigned[33m,[39m
    [90m 23| [39m  applyRelayPromoted[33m,[39m

[31m[1mCaused by: Error[22m: Failed to load url ../validator-pool.js (resolved id: ../validator-pool.js) in C:/Thesis/dvconf/dvconf-daemons/apps/validator-daemon/src/canary/__tests__/room-scope-staleness.test.ts. Does the file exist?[39m
[90m [2m❯[22m loadAndTransform node_modules/.pnpm/vite@7.3.1_@types+node@22.19.13_tsx@4.21.0/node_modules/vite/dist/node/chunks/config.js:[2m22663:33[22m[39m

[31m[2m⎯⎯⎯⎯⎯⎯⎯⎯⎯⎯⎯⎯⎯⎯⎯⎯⎯⎯⎯⎯⎯⎯⎯⎯[1/2]⎯[22m[39m

[41m[1m FAIL [22m[49m apps/validator-daemon/src/canary/__tests__/validator-pool.test.ts[2m [ apps/validator-daemon/src/canary/__tests__/validator-pool.test.ts ][22m
[31m[1mError[22m: Cannot find module '../validator-pool.js' imported from 'C:/Thesis/dvconf/dvconf-daemons/apps/validator-daemon/src/canary/__tests__/validator-pool.test.ts'[39m
[36m [2m❯[22m apps/validator-daemon/src/canary/__tests__/validator-pool.test.ts:[2m25:1[22m[39m
    [90m 23| [39m
    [90m 24| [39m[35mimport[39m { describe[33m,[39m it[33m,[39m expect } [35mfrom[39m [32m'vitest'[39m[33m;[39m
    [90m 25| [39m[35mimport[39m {
    [90m   | [39m[31m^[39m
    [90m 26| [39m  buildRoomScopedValidatorPool[33m,[39m
    [90m 27| [39m  type [33mRoomScopeInput[39m[33m,[39m

[31m[1mCaused by: Error[22m: Failed to load url ../validator-pool.js (resolved id: ../validator-pool.js) in C:/Thesis/dvconf/dvconf-daemons/apps/validator-daemon/src/canary/__tests__/room-scope-staleness.test.ts. Does the file exist?[39m
[90m [2m❯[22m loadAndTransform node_modules/.pnpm/vite@7.3.1_@types+node@22.19.13_tsx@4.21.0/node_modules/vite/dist/node/chunks/config.js:[2m22663:33[22m[39m

[31m[2m⎯⎯⎯⎯⎯⎯⎯⎯⎯⎯⎯⎯⎯⎯⎯⎯⎯⎯⎯⎯⎯⎯⎯⎯[2/2]⎯[22m[39m


[2m Test Files [22m [1m[31m2 failed[39m[22m[90m (2)[39m
[2m      Tests [22m [2mno tests[22m
[2m   Start at [22m 10:55:41
[2m   Duration [22m 527ms[2m (transform 81ms, setup 0ms, collect 0ms, tests 0ms, environment 0ms, prepare 398ms)[22m

