
[1m[46m RUN [49m[22m [36mv3.2.4 [39m[90mC:/Thesis/dvconf/dvconf-daemons/apps/validator-daemon[39m


[31m⎯⎯⎯⎯⎯⎯[39m[1m[41m Failed Suites 1 [49m[22m[31m⎯⎯⎯⎯⎯⎯⎯[39m

[41m[1m FAIL [22m[49m src/canary/__tests__/cell.test.ts[2m [ src/canary/__tests__/cell.test.ts ][22m
[31m[1mError[22m: Cannot find module '../cell.js' imported from 'C:/Thesis/dvconf/dvconf-daemons/apps/validator-daemon/src/canary/__tests__/cell.test.ts'[39m
[36m [2m❯[22m src/canary/__tests__/cell.test.ts:[2m27:1[22m[39m
    [90m 25| [39m
    [90m 26| [39m[35mimport[39m { describe[33m,[39m it[33m,[39m expect } [35mfrom[39m [32m'vitest'[39m[33m;[39m
    [90m 27| [39m[35mimport[39m {
    [90m   | [39m[31m^[39m
    [90m 28| [39m  assignCells[33m,[39m
    [90m 29| [39m  [33mMIN_DISTINCT_CANARY_VALIDATORS[39m[33m,[39m

[31m[1mCaused by: Error[22m: Failed to load url ../cell.js (resolved id: ../cell.js) in C:/Thesis/dvconf/dvconf-daemons/apps/validator-daemon/src/canary/__tests__/cell.test.ts. Does the file exist?[39m
[90m [2m❯[22m loadAndTransform ../../node_modules/.pnpm/vite@7.3.1_@types+node@22.19.13_tsx@4.21.0/node_modules/vite/dist/node/chunks/config.js:[2m22663:33[22m[39m

[31m[2m⎯⎯⎯⎯⎯⎯⎯⎯⎯⎯⎯⎯⎯⎯⎯⎯⎯⎯⎯⎯⎯⎯⎯⎯[1/1]⎯[22m[39m


[2m Test Files [22m [1m[31m1 failed[39m[22m[90m (1)[39m
[2m      Tests [22m [2mno tests[22m
[2m   Start at [22m 21:44:43
[2m   Duration [22m 723ms[2m (transform 69ms, setup 0ms, collect 0ms, tests 0ms, environment 0ms, prepare 313ms)[22m

undefined
C:\Thesis\dvconf\dvconf-daemons\apps\validator-daemon:
 ERR_PNPM_RECURSIVE_EXEC_FIRST_FAIL  Command failed with exit code 1: vitest run src/canary/__tests__/cell.test.ts
