
[1m[46m RUN [49m[22m [36mv3.2.4 [39m[90mC:/Thesis/dvconf/dvconf-daemons[39m

 [32m✓[39m apps/validator-daemon/src/canary/__tests__/coverage-server.test.ts [2m([22m[2m6 tests[22m[2m)[22m[32m 44[2mms[22m[39m
[90mstdout[2m | apps/validator-daemon/src/canary/__tests__/keying.test.ts[2m > [22m[2mREQ-CFA-001 deriveCanaryKey — PathC salt-mix equivalence[2m > [22m[2m(a) deriveCanaryKey returns an AES-GCM CryptoKey usable by encryptFrame
[22m[39m{"timestamp":"2026-06-19T18:50:23.762Z","level":"INFO","source":"frontend","module":"webrtc/sframe-transform","message":"encrypted frame","context":{"kid":42,"ctr":0,"byteLength":69,"codecOffset":10}}

 [32m✓[39m apps/validator-daemon/src/canary/__tests__/cell-salt.test.ts [2m([22m[2m5 tests[22m[2m)[22m[32m 169[2mms[22m[39m
 [32m✓[39m apps/validator-daemon/src/canary/__tests__/cell.test.ts [2m([22m[2m9 tests[22m[2m)[22m[32m 202[2mms[22m[39m
{"level":40,"time":1781895023910,"pid":34344,"hostname":"Quang","name":"test/validator-discovery","target":"0x0000000000000000000000000000000000000000000000000000000000000099::validator_registry::get_active_validators","err":"MoveAbort(...)","msg":"validator discovery devInspect error — falling back to self-only"}
 [32m✓[39m apps/validator-daemon/src/canary/__tests__/keying.test.ts [2m([22m[2m6 tests[22m[2m)[22m[32m 247[2mms[22m[39m
{"level":40,"time":1781895023926,"pid":34344,"hostname":"Quang","name":"test/validator-discovery","target":"0x0000000000000000000000000000000000000000000000000000000000000099::validator_registry::get_active_validators","msg":"validator discovery devInspect returned no values — falling back to self-only"}
{"level":40,"time":1781895023934,"pid":34344,"hostname":"Quang","name":"test/validator-discovery","target":"0x0000000000000000000000000000000000000000000000000000000000000099::validator_registry::get_active_validators","err":{"type":"Error","message":"RPC unreachable","stack":"Error: RPC unreachable\n    at Object.devInspectTransactionBlock (C:\\Thesis\\dvconf\\dvconf-daemons\\apps\\validator-daemon\\src\\canary\\__tests__\\validator-discovery.test.ts:78:13)\n    at discoverActiveValidatorMinerIds (C:\\Thesis\\dvconf\\dvconf-daemons\\apps\\validator-daemon\\src\\canary\\validator-discovery.ts:82:29)\n    at C:\\Thesis\\dvconf\\dvconf-daemons\\apps\\validator-daemon\\src\\canary\\__tests__\\validator-discovery.test.ts:130:23\n    at file:///C:/Thesis/dvconf/dvconf-daemons/node_modules/.pnpm/@vitest+runner@3.2.4/node_modules/@vitest/runner/dist/chunk-hooks.js:155:11\n    at file:///C:/Thesis/dvconf/dvconf-daemons/node_modules/.pnpm/@vitest+runner@3.2.4/node_modules/@vitest/runner/dist/chunk-hooks.js:752:26\n    at file:///C:/Thesis/dvconf/dvconf-daemons/node_modules/.pnpm/@vitest+runner@3.2.4/node_modules/@vitest/runner/dist/chunk-hooks.js:1897:20\n    at new Promise (<anonymous>)\n    at runWithTimeout (file:///C:/Thesis/dvconf/dvconf-daemons/node_modules/.pnpm/@vitest+runner@3.2.4/node_modules/@vitest/runner/dist/chunk-hooks.js:1863:10)\n    at runTest (file:///C:/Thesis/dvconf/dvconf-daemons/node_modules/.pnpm/@vitest+runner@3.2.4/node_modules/@vitest/runner/dist/chunk-hooks.js:1574:12)\n    at processTicksAndRejections (node:internal/process/task_queues:95:5)"},"msg":"validator discovery failed — falling back to self-only"}
 [32m✓[39m apps/validator-daemon/src/canary/__tests__/validator-discovery.test.ts [2m([22m[2m7 tests[22m[2m)[22m[32m 207[2mms[22m[39m
{"level":30,"time":1781895024361,"pid":3496,"hostname":"Quang","name":"canary/proof","roomId":"0x1111111111111111111111111111111111111111111111111111111111111111","relayMinerId":"0x2222222222222222222222222222222222222222222222222222222222222222","canaryId":7,"frameSeq":42,"drop":false,"attesters":2,"msg":"canary proof-of-divergence built (Wallet-B only)"}
{"level":30,"time":1781895024419,"pid":3496,"hostname":"Quang","name":"canary/proof","roomId":"0x1111111111111111111111111111111111111111111111111111111111111111","relayMinerId":"0x2222222222222222222222222222222222222222222222222222222222222222","canaryId":7,"frameSeq":42,"drop":false,"attesters":2,"msg":"canary proof-of-divergence built (Wallet-B only)"}
{"level":30,"time":1781895024529,"pid":3496,"hostname":"Quang","name":"canary/proof","roomId":"0x1111111111111111111111111111111111111111111111111111111111111111","relayMinerId":"0x2222222222222222222222222222222222222222222222222222222222222222","canaryId":7,"frameSeq":42,"drop":false,"attesters":2,"msg":"canary proof-of-divergence built (Wallet-B only)"}
{"level":30,"time":1781895024573,"pid":3496,"hostname":"Quang","name":"canary/proof","roomId":"0x1111111111111111111111111111111111111111111111111111111111111111","relayMinerId":"0x2222222222222222222222222222222222222222222222222222222222222222","canaryId":7,"frameSeq":42,"drop":false,"attesters":2,"msg":"canary proof-of-divergence built (Wallet-B only)"}
{"level":30,"time":1781895024615,"pid":3496,"hostname":"Quang","name":"canary/proof","roomId":"0x1111111111111111111111111111111111111111111111111111111111111111","relayMinerId":"0x2222222222222222222222222222222222222222222222222222222222222222","canaryId":7,"frameSeq":42,"drop":true,"attesters":2,"msg":"canary proof-of-divergence built (Wallet-B only)"}
{"level":30,"time":1781895024720,"pid":3496,"hostname":"Quang","name":"canary/proof","roomId":"0x1111111111111111111111111111111111111111111111111111111111111111","relayMinerId":"0x2222222222222222222222222222222222222222222222222222222222222222","canaryId":7,"frameSeq":42,"drop":false,"attesters":2,"msg":"canary proof-of-divergence built (Wallet-B only)"}
{"level":30,"time":1781895024755,"pid":3496,"hostname":"Quang","name":"canary/proof","roomId":"0x1111111111111111111111111111111111111111111111111111111111111111","relayMinerId":"0x2222222222222222222222222222222222222222222222222222222222222222","canaryId":7,"frameSeq":42,"drop":true,"attesters":2,"msg":"canary proof-of-divergence built (Wallet-B only)"}
 [32m✓[39m apps/validator-daemon/src/canary/__tests__/proof.test.ts [2m([22m[2m12 tests[22m[2m)[22m[33m 1100[2mms[22m[39m
   [33m[2m✓[22m[39m buildDivergenceProof (>=2 Wallet-B attestations, INV-C identity-hiding)[2m > [22myields attestations.length === 2 for 2 distinct session keypairs [33m 662[2mms[22m[39m
 [32m✓[39m apps/validator-daemon/src/__tests__/graceful-shutdown-wiring.test.ts [2m([22m[2m7 tests[22m[2m)[22m[32m 89[2mms[22m[39m
 [32m✓[39m apps/validator-daemon/src/__tests__/index.test.ts [2m([22m[2m12 tests[22m[2m)[22m[33m 778[2mms[22m[39m
[90mstdout[2m | apps/validator-daemon/src/canary/__tests__/publisher.test.ts[2m > [22m[2mREQ-CFA-002 CanaryPublisher.produce — DRY byte-equality with the verifier[2m > [22m[2m(a) produced frames EQUAL the verifier-recomputed expected set (DRY, no re-implementation)
[22m[39m{"timestamp":"2026-06-19T18:50:26.586Z","level":"INFO","source":"frontend","module":"webrtc/sframe-transform","message":"encrypted frame","context":{"kid":7,"ctr":0,"byteLength":62,"codecOffset":10}}

[90mstdout[2m | apps/validator-daemon/src/canary/__tests__/publisher.test.ts[2m > [22m[2mREQ-CFA-002 CanaryPublisher.produce — DRY byte-equality with the verifier[2m > [22m[2m(a) produced frames EQUAL the verifier-recomputed expected set (DRY, no re-implementation)
[22m[39m{"timestamp":"2026-06-19T18:50:26.608Z","level":"INFO","source":"frontend","module":"webrtc/sframe-transform","message":"encrypted frame","context":{"kid":7,"ctr":1,"byteLength":62,"codecOffset":10}}

[90mstdout[2m | apps/validator-daemon/src/canary/__tests__/publisher.test.ts[2m > [22m[2mREQ-CFA-002 CanaryPublisher.produce — DRY byte-equality with the verifier[2m > [22m[2m(a) produced frames EQUAL the verifier-recomputed expected set (DRY, no re-implementation)
[22m[39m{"timestamp":"2026-06-19T18:50:26.617Z","level":"INFO","source":"frontend","module":"webrtc/sframe-transform","message":"encrypted frame","context":{"kid":7,"ctr":2,"byteLength":62,"codecOffset":10}}

[90mstdout[2m | apps/validator-daemon/src/canary/__tests__/publisher.test.ts[2m > [22m[2mREQ-CFA-002 CanaryPublisher.produce — DRY byte-equality with the verifier[2m > [22m[2m(a) produced frames EQUAL the verifier-recomputed expected set (DRY, no re-implementation)
[22m[39m{"timestamp":"2026-06-19T18:50:26.621Z","level":"INFO","source":"frontend","module":"webrtc/sframe-transform","message":"encrypted frame","context":{"kid":7,"ctr":3,"byteLength":62,"codecOffset":10}}

[90mstdout[2m | apps/validator-daemon/src/canary/__tests__/publisher.test.ts[2m > [22m[2mREQ-CFA-002 CanaryPublisher.produce — DRY byte-equality with the verifier[2m > [22m[2m(a) produced frames EQUAL the verifier-recomputed expected set (DRY, no re-implementation)
[22m[39m{"timestamp":"2026-06-19T18:50:26.625Z","level":"INFO","source":"frontend","module":"webrtc/sframe-transform","message":"encrypted frame","context":{"kid":7,"ctr":4,"byteLength":62,"codecOffset":10}}

[90mstdout[2m | apps/validator-daemon/src/canary/__tests__/publisher.test.ts[2m > [22m[2mREQ-CFA-002 CanaryPublisher.produce — DRY byte-equality with the verifier[2m > [22m[2m(a) produced frames EQUAL the verifier-recomputed expected set (DRY, no re-implementation)
[22m[39m{"timestamp":"2026-06-19T18:50:26.631Z","level":"INFO","source":"frontend","module":"webrtc/sframe-transform","message":"encrypted frame","context":{"kid":7,"ctr":5,"byteLength":62,"codecOffset":10}}

[90mstdout[2m | apps/validator-daemon/src/canary/__tests__/publisher.test.ts[2m > [22m[2mREQ-CFA-002 CanaryPublisher.produce — DRY byte-equality with the verifier[2m > [22m[2m(a) produced frames EQUAL the verifier-recomputed expected set (DRY, no re-implementation)
[22m[39m{"timestamp":"2026-06-19T18:50:26.639Z","level":"INFO","source":"frontend","module":"webrtc/sframe-transform","message":"encrypted frame","context":{"kid":7,"ctr":0,"byteLength":62,"codecOffset":10}}

[90mstdout[2m | apps/validator-daemon/src/canary/__tests__/publisher.test.ts[2m > [22m[2mREQ-CFA-002 CanaryPublisher.produce — DRY byte-equality with the verifier[2m > [22m[2m(a) produced frames EQUAL the verifier-recomputed expected set (DRY, no re-implementation)
[22m[39m{"timestamp":"2026-06-19T18:50:26.644Z","level":"INFO","source":"frontend","module":"webrtc/sframe-transform","message":"encrypted frame","context":{"kid":7,"ctr":1,"byteLength":62,"codecOffset":10}}

[90mstdout[2m | apps/validator-daemon/src/canary/__tests__/publisher.test.ts[2m > [22m[2mREQ-CFA-002 CanaryPublisher.produce — DRY byte-equality with the verifier[2m > [22m[2m(a) produced frames EQUAL the verifier-recomputed expected set (DRY, no re-implementation)
[22m[39m{"timestamp":"2026-06-19T18:50:26.651Z","level":"INFO","source":"frontend","module":"webrtc/sframe-transform","message":"encrypted frame","context":{"kid":7,"ctr":2,"byteLength":62,"codecOffset":10}}

[90mstdout[2m | apps/validator-daemon/src/canary/__tests__/publisher.test.ts[2m > [22m[2mREQ-CFA-002 CanaryPublisher.produce — DRY byte-equality with the verifier[2m > [22m[2m(a) produced frames EQUAL the verifier-recomputed expected set (DRY, no re-implementation)
[22m[39m{"timestamp":"2026-06-19T18:50:26.658Z","level":"INFO","source":"frontend","module":"webrtc/sframe-transform","message":"encrypted frame","context":{"kid":7,"ctr":3,"byteLength":62,"codecOffset":10}}

[90mstdout[2m | apps/validator-daemon/src/canary/__tests__/publisher.test.ts[2m > [22m[2mREQ-CFA-002 CanaryPublisher.produce — DRY byte-equality with the verifier[2m > [22m[2m(a) produced frames EQUAL the verifier-recomputed expected set (DRY, no re-implementation)
[22m[39m{"timestamp":"2026-06-19T18:50:26.663Z","level":"INFO","source":"frontend","module":"webrtc/sframe-transform","message":"encrypted frame","context":{"kid":7,"ctr":4,"byteLength":62,"codecOffset":10}}

[90mstdout[2m | apps/validator-daemon/src/canary/__tests__/publisher.test.ts[2m > [22m[2mREQ-CFA-002 CanaryPublisher.produce — DRY byte-equality with the verifier[2m > [22m[2m(a) produced frames EQUAL the verifier-recomputed expected set (DRY, no re-implementation)
[22m[39m{"timestamp":"2026-06-19T18:50:26.667Z","level":"INFO","source":"frontend","module":"webrtc/sframe-transform","message":"encrypted frame","context":{"kid":7,"ctr":5,"byteLength":62,"codecOffset":10}}

[90mstdout[2m | apps/validator-daemon/src/canary/__tests__/publisher.test.ts[2m > [22m[2mREQ-CFA-002 CanaryPublisher.produce — DRY byte-equality with the verifier[2m > [22m[2m(a) every produced frame carries the real partial-SFrame layout (config 0x01 trailer, fixed length, kid+ctr)
[22m[39m{"timestamp":"2026-06-19T18:50:26.674Z","level":"INFO","source":"frontend","module":"webrtc/sframe-transform","message":"encrypted frame","context":{"kid":7,"ctr":0,"byteLength":62,"codecOffset":10}}

[90mstdout[2m | apps/validator-daemon/src/canary/__tests__/publisher.test.ts[2m > [22m[2mREQ-CFA-002 CanaryPublisher.produce — DRY byte-equality with the verifier[2m > [22m[2m(a) every produced frame carries the real partial-SFrame layout (config 0x01 trailer, fixed length, kid+ctr)
[22m[39m{"timestamp":"2026-06-19T18:50:26.677Z","level":"INFO","source":"frontend","module":"webrtc/sframe-transform","message":"encrypted frame","context":{"kid":7,"ctr":1,"byteLength":62,"codecOffset":10}}

[90mstdout[2m | apps/validator-daemon/src/canary/__tests__/publisher.test.ts[2m > [22m[2mREQ-CFA-002 CanaryPublisher.produce — DRY byte-equality with the verifier[2m > [22m[2m(a) every produced frame carries the real partial-SFrame layout (config 0x01 trailer, fixed length, kid+ctr)
[22m[39m{"timestamp":"2026-06-19T18:50:26.681Z","level":"INFO","source":"frontend","module":"webrtc/sframe-transform","message":"encrypted frame","context":{"kid":7,"ctr":2,"byteLength":62,"codecOffset":10}}

[90mstdout[2m | apps/validator-daemon/src/canary/__tests__/publisher.test.ts[2m > [22m[2mREQ-CFA-002 CanaryPublisher.produce — DRY byte-equality with the verifier[2m > [22m[2m(a) every produced frame carries the real partial-SFrame layout (config 0x01 trailer, fixed length, kid+ctr)
[22m[39m{"timestamp":"2026-06-19T18:50:26.686Z","level":"INFO","source":"frontend","module":"webrtc/sframe-transform","message":"encrypted frame","context":{"kid":7,"ctr":3,"byteLength":62,"codecOffset":10}}

[90mstdout[2m | apps/validator-daemon/src/canary/__tests__/publisher.test.ts[2m > [22m[2mREQ-CFA-002 CanaryPublisher.produce — DRY byte-equality with the verifier[2m > [22m[2m(a) every produced frame carries the real partial-SFrame layout (config 0x01 trailer, fixed length, kid+ctr)
[22m[39m{"timestamp":"2026-06-19T18:50:26.692Z","level":"INFO","source":"frontend","module":"webrtc/sframe-transform","message":"encrypted frame","context":{"kid":7,"ctr":4,"byteLength":62,"codecOffset":10}}

[90mstdout[2m | apps/validator-daemon/src/canary/__tests__/publisher.test.ts[2m > [22m[2mREQ-CFA-002 CanaryPublisher.produce — DRY byte-equality with the verifier[2m > [22m[2m(a) every produced frame carries the real partial-SFrame layout (config 0x01 trailer, fixed length, kid+ctr)
[22m[39m{"timestamp":"2026-06-19T18:50:26.695Z","level":"INFO","source":"frontend","module":"webrtc/sframe-transform","message":"encrypted frame","context":{"kid":7,"ctr":5,"byteLength":62,"codecOffset":10}}

[90mstdout[2m | apps/validator-daemon/src/canary/__tests__/publisher.test.ts[2m > [22m[2mREQ-CFA-002 CanaryPublisher.produce — DRY byte-equality with the verifier[2m > [22m[2m(a) SELF-FORWARD: publisher output fed to verifyForwardedCanary ⇒ byteIdentical==mediaPackets, 0 divergences
[22m[39m{"timestamp":"2026-06-19T18:50:26.715Z","level":"INFO","source":"frontend","module":"webrtc/sframe-transform","message":"encrypted frame","context":{"kid":7,"ctr":0,"byteLength":62,"codecOffset":10}}

[90mstdout[2m | apps/validator-daemon/src/canary/__tests__/publisher.test.ts[2m > [22m[2mREQ-CFA-002 CanaryPublisher.produce — DRY byte-equality with the verifier[2m > [22m[2m(a) SELF-FORWARD: publisher output fed to verifyForwardedCanary ⇒ byteIdentical==mediaPackets, 0 divergences
[22m[39m{"timestamp":"2026-06-19T18:50:26.721Z","level":"INFO","source":"frontend","module":"webrtc/sframe-transform","message":"encrypted frame","context":{"kid":7,"ctr":1,"byteLength":62,"codecOffset":10}}

[90mstdout[2m | apps/validator-daemon/src/canary/__tests__/publisher.test.ts[2m > [22m[2mREQ-CFA-002 CanaryPublisher.produce — DRY byte-equality with the verifier[2m > [22m[2m(a) SELF-FORWARD: publisher output fed to verifyForwardedCanary ⇒ byteIdentical==mediaPackets, 0 divergences
[22m[39m{"timestamp":"2026-06-19T18:50:26.725Z","level":"INFO","source":"frontend","module":"webrtc/sframe-transform","message":"encrypted frame","context":{"kid":7,"ctr":2,"byteLength":62,"codecOffset":10}}

[90mstdout[2m | apps/validator-daemon/src/canary/__tests__/publisher.test.ts[2m > [22m[2mREQ-CFA-002 CanaryPublisher.produce — DRY byte-equality with the verifier[2m > [22m[2m(a) SELF-FORWARD: publisher output fed to verifyForwardedCanary ⇒ byteIdentical==mediaPackets, 0 divergences
[22m[39m{"timestamp":"2026-06-19T18:50:26.728Z","level":"INFO","source":"frontend","module":"webrtc/sframe-transform","message":"encrypted frame","context":{"kid":7,"ctr":3,"byteLength":62,"codecOffset":10}}

[90mstdout[2m | apps/validator-daemon/src/canary/__tests__/publisher.test.ts[2m > [22m[2mREQ-CFA-002 CanaryPublisher.produce — DRY byte-equality with the verifier[2m > [22m[2m(a) SELF-FORWARD: publisher output fed to verifyForwardedCanary ⇒ byteIdentical==mediaPackets, 0 divergences
[22m[39m{"timestamp":"2026-06-19T18:50:26.731Z","level":"INFO","source":"frontend","module":"webrtc/sframe-transform","message":"encrypted frame","context":{"kid":7,"ctr":4,"byteLength":62,"codecOffset":10}}

[90mstdout[2m | apps/validator-daemon/src/canary/__tests__/publisher.test.ts[2m > [22m[2mREQ-CFA-002 CanaryPublisher.produce — DRY byte-equality with the verifier[2m > [22m[2m(a) SELF-FORWARD: publisher output fed to verifyForwardedCanary ⇒ byteIdentical==mediaPackets, 0 divergences
[22m[39m{"timestamp":"2026-06-19T18:50:26.733Z","level":"INFO","source":"frontend","module":"webrtc/sframe-transform","message":"encrypted frame","context":{"kid":7,"ctr":5,"byteLength":62,"codecOffset":10}}

[90mstdout[2m | apps/validator-daemon/src/canary/__tests__/publisher.test.ts[2m > [22m[2mREQ-CFA-002 CanaryPublisher.produce — DRY byte-equality with the verifier[2m > [22m[2m(a) SELF-FORWARD: publisher output fed to verifyForwardedCanary ⇒ byteIdentical==mediaPackets, 0 divergences
[22m[39m{"timestamp":"2026-06-19T18:50:26.739Z","level":"INFO","source":"frontend","module":"webrtc/sframe-transform","message":"encrypted frame","context":{"kid":7,"ctr":0,"byteLength":62,"codecOffset":10}}

[90mstdout[2m | apps/validator-daemon/src/canary/__tests__/publisher.test.ts[2m > [22m[2mREQ-CFA-002 CanaryPublisher.produce — DRY byte-equality with the verifier[2m > [22m[2m(a) SELF-FORWARD: publisher output fed to verifyForwardedCanary ⇒ byteIdentical==mediaPackets, 0 divergences
[22m[39m{"timestamp":"2026-06-19T18:50:26.742Z","level":"INFO","source":"frontend","module":"webrtc/sframe-transform","message":"encrypted frame","context":{"kid":7,"ctr":1,"byteLength":62,"codecOffset":10}}

[90mstdout[2m | apps/validator-daemon/src/canary/__tests__/publisher.test.ts[2m > [22m[2mREQ-CFA-002 CanaryPublisher.produce — DRY byte-equality with the verifier[2m > [22m[2m(a) SELF-FORWARD: publisher output fed to verifyForwardedCanary ⇒ byteIdentical==mediaPackets, 0 divergences
[22m[39m{"timestamp":"2026-06-19T18:50:26.744Z","level":"INFO","source":"frontend","module":"webrtc/sframe-transform","message":"encrypted frame","context":{"kid":7,"ctr":2,"byteLength":62,"codecOffset":10}}

[90mstdout[2m | apps/validator-daemon/src/canary/__tests__/publisher.test.ts[2m > [22m[2mREQ-CFA-002 CanaryPublisher.produce — DRY byte-equality with the verifier[2m > [22m[2m(a) SELF-FORWARD: publisher output fed to verifyForwardedCanary ⇒ byteIdentical==mediaPackets, 0 divergences
[22m[39m{"timestamp":"2026-06-19T18:50:26.746Z","level":"INFO","source":"frontend","module":"webrtc/sframe-transform","message":"encrypted frame","context":{"kid":7,"ctr":3,"byteLength":62,"codecOffset":10}}

[90mstdout[2m | apps/validator-daemon/src/canary/__tests__/publisher.test.ts[2m > [22m[2mREQ-CFA-002 CanaryPublisher.produce — DRY byte-equality with the verifier[2m > [22m[2m(a) SELF-FORWARD: publisher output fed to verifyForwardedCanary ⇒ byteIdentical==mediaPackets, 0 divergences
[22m[39m{"timestamp":"2026-06-19T18:50:26.748Z","level":"INFO","source":"frontend","module":"webrtc/sframe-transform","message":"encrypted frame","context":{"kid":7,"ctr":4,"byteLength":62,"codecOffset":10}}

[90mstdout[2m | apps/validator-daemon/src/canary/__tests__/publisher.test.ts[2m > [22m[2mREQ-CFA-002 CanaryPublisher.produce — DRY byte-equality with the verifier[2m > [22m[2m(a) SELF-FORWARD: publisher output fed to verifyForwardedCanary ⇒ byteIdentical==mediaPackets, 0 divergences
[22m[39m{"timestamp":"2026-06-19T18:50:26.750Z","level":"INFO","source":"frontend","module":"webrtc/sframe-transform","message":"encrypted frame","context":{"kid":7,"ctr":5,"byteLength":62,"codecOffset":10}}

{"level":30,"time":1781895026753,"pid":39048,"hostname":"Quang","name":"canary/verifier","canaryKid":7,"mediaPackets":6,"byteIdentical":6,"divergences":0,"msg":"canary forwarding verified"}
[90mstdout[2m | apps/validator-daemon/src/canary/__tests__/publisher.test.ts[2m > [22m[2mREQ-CFA-002 CanaryPublisher.publish — covert no-password join + media-plane emission[2m > [22m[2m(b) joins via the NO-PASSWORD path (no roster broadcast) and emits every produced frame
[22m[39m{"timestamp":"2026-06-19T18:50:26.760Z","level":"INFO","source":"frontend","module":"webrtc/sframe-transform","message":"encrypted frame","context":{"kid":7,"ctr":0,"byteLength":62,"codecOffset":10}}

[90mstdout[2m | apps/validator-daemon/src/canary/__tests__/publisher.test.ts[2m > [22m[2mREQ-CFA-002 CanaryPublisher.publish — covert no-password join + media-plane emission[2m > [22m[2m(b) joins via the NO-PASSWORD path (no roster broadcast) and emits every produced frame
[22m[39m{"timestamp":"2026-06-19T18:50:26.762Z","level":"INFO","source":"frontend","module":"webrtc/sframe-transform","message":"encrypted frame","context":{"kid":7,"ctr":1,"byteLength":62,"codecOffset":10}}

[90mstdout[2m | apps/validator-daemon/src/canary/__tests__/publisher.test.ts[2m > [22m[2mREQ-CFA-002 CanaryPublisher.publish — covert no-password join + media-plane emission[2m > [22m[2m(b) joins via the NO-PASSWORD path (no roster broadcast) and emits every produced frame
[22m[39m{"timestamp":"2026-06-19T18:50:26.767Z","level":"INFO","source":"frontend","module":"webrtc/sframe-transform","message":"encrypted frame","context":{"kid":7,"ctr":2,"byteLength":62,"codecOffset":10}}

[90mstdout[2m | apps/validator-daemon/src/canary/__tests__/publisher.test.ts[2m > [22m[2mREQ-CFA-002 CanaryPublisher.publish — covert no-password join + media-plane emission[2m > [22m[2m(b) joins via the NO-PASSWORD path (no roster broadcast) and emits every produced frame
[22m[39m{"timestamp":"2026-06-19T18:50:26.769Z","level":"INFO","source":"frontend","module":"webrtc/sframe-transform","message":"encrypted frame","context":{"kid":7,"ctr":3,"byteLength":62,"codecOffset":10}}

[90mstdout[2m | apps/validator-daemon/src/canary/__tests__/publisher.test.ts[2m > [22m[2mREQ-CFA-002 CanaryPublisher.publish — covert no-password join + media-plane emission[2m > [22m[2m(b) joins via the NO-PASSWORD path (no roster broadcast) and emits every produced frame
[22m[39m{"timestamp":"2026-06-19T18:50:26.771Z","level":"INFO","source":"frontend","module":"webrtc/sframe-transform","message":"encrypted frame","context":{"kid":7,"ctr":4,"byteLength":62,"codecOffset":10}}

[90mstdout[2m | apps/validator-daemon/src/canary/__tests__/publisher.test.ts[2m > [22m[2mREQ-CFA-002 CanaryPublisher.publish — covert no-password join + media-plane emission[2m > [22m[2m(b) joins via the NO-PASSWORD path (no roster broadcast) and emits every produced frame
[22m[39m{"timestamp":"2026-06-19T18:50:26.774Z","level":"INFO","source":"frontend","module":"webrtc/sframe-transform","message":"encrypted frame","context":{"kid":7,"ctr":5,"byteLength":62,"codecOffset":10}}

{"level":30,"time":1781895026775,"pid":39048,"hostname":"Quang","name":"canary/publisher","relayHomeId":"relay-home-7","canaryKid":7,"frames":6,"msg":"covert canary stream published (no-password join, no roster broadcast)"}
[90mstdout[2m | apps/validator-daemon/src/canary/__tests__/publisher.test.ts[2m > [22m[2mREQ-CFA-002 CanaryPublisher.publish — covert no-password join + media-plane emission[2m > [22m[2m(b) the emitted frames verify clean against the verifier (publish ≡ produce on the wire)
[22m[39m{"timestamp":"2026-06-19T18:50:26.778Z","level":"INFO","source":"frontend","module":"webrtc/sframe-transform","message":"encrypted frame","context":{"kid":7,"ctr":0,"byteLength":62,"codecOffset":10}}

[90mstdout[2m | apps/validator-daemon/src/canary/__tests__/publisher.test.ts[2m > [22m[2mREQ-CFA-002 CanaryPublisher.publish — covert no-password join + media-plane emission[2m > [22m[2m(b) the emitted frames verify clean against the verifier (publish ≡ produce on the wire)
[22m[39m{"timestamp":"2026-06-19T18:50:26.779Z","level":"INFO","source":"frontend","module":"webrtc/sframe-transform","message":"encrypted frame","context":{"kid":7,"ctr":1,"byteLength":62,"codecOffset":10}}

[90mstdout[2m | apps/validator-daemon/src/canary/__tests__/publisher.test.ts[2m > [22m[2mREQ-CFA-002 CanaryPublisher.publish — covert no-password join + media-plane emission[2m > [22m[2m(b) the emitted frames verify clean against the verifier (publish ≡ produce on the wire)
[22m[39m{"timestamp":"2026-06-19T18:50:26.781Z","level":"INFO","source":"frontend","module":"webrtc/sframe-transform","message":"encrypted frame","context":{"kid":7,"ctr":2,"byteLength":62,"codecOffset":10}}

[90mstdout[2m | apps/validator-daemon/src/canary/__tests__/publisher.test.ts[2m > [22m[2mREQ-CFA-002 CanaryPublisher.publish — covert no-password join + media-plane emission[2m > [22m[2m(b) the emitted frames verify clean against the verifier (publish ≡ produce on the wire)
[22m[39m{"timestamp":"2026-06-19T18:50:26.785Z","level":"INFO","source":"frontend","module":"webrtc/sframe-transform","message":"encrypted frame","context":{"kid":7,"ctr":3,"byteLength":62,"codecOffset":10}}

[90mstdout[2m | apps/validator-daemon/src/canary/__tests__/publisher.test.ts[2m > [22m[2mREQ-CFA-002 CanaryPublisher.publish — covert no-password join + media-plane emission[2m > [22m[2m(b) the emitted frames verify clean against the verifier (publish ≡ produce on the wire)
[22m[39m{"timestamp":"2026-06-19T18:50:26.788Z","level":"INFO","source":"frontend","module":"webrtc/sframe-transform","message":"encrypted frame","context":{"kid":7,"ctr":4,"byteLength":62,"codecOffset":10}}

[90mstdout[2m | apps/validator-daemon/src/canary/__tests__/publisher.test.ts[2m > [22m[2mREQ-CFA-002 CanaryPublisher.publish — covert no-password join + media-plane emission[2m > [22m[2m(b) the emitted frames verify clean against the verifier (publish ≡ produce on the wire)
[22m[39m{"timestamp":"2026-06-19T18:50:26.789Z","level":"INFO","source":"frontend","module":"webrtc/sframe-transform","message":"encrypted frame","context":{"kid":7,"ctr":5,"byteLength":62,"codecOffset":10}}

{"level":30,"time":1781895026790,"pid":39048,"hostname":"Quang","name":"canary/publisher","relayHomeId":"relay-home-7","canaryKid":7,"frames":6,"msg":"covert canary stream published (no-password join, no roster broadcast)"}
[90mstdout[2m | apps/validator-daemon/src/canary/__tests__/publisher.test.ts[2m > [22m[2mREQ-CFA-002 CanaryPublisher.publish — covert no-password join + media-plane emission[2m > [22m[2m(b) the emitted frames verify clean against the verifier (publish ≡ produce on the wire)
[22m[39m{"timestamp":"2026-06-19T18:50:26.792Z","level":"INFO","source":"frontend","module":"webrtc/sframe-transform","message":"encrypted frame","context":{"kid":7,"ctr":0,"byteLength":62,"codecOffset":10}}

[90mstdout[2m | apps/validator-daemon/src/canary/__tests__/publisher.test.ts[2m > [22m[2mREQ-CFA-002 CanaryPublisher.publish — covert no-password join + media-plane emission[2m > [22m[2m(b) the emitted frames verify clean against the verifier (publish ≡ produce on the wire)
[22m[39m{"timestamp":"2026-06-19T18:50:26.794Z","level":"INFO","source":"frontend","module":"webrtc/sframe-transform","message":"encrypted frame","context":{"kid":7,"ctr":1,"byteLength":62,"codecOffset":10}}

[90mstdout[2m | apps/validator-daemon/src/canary/__tests__/publisher.test.ts[2m > [22m[2mREQ-CFA-002 CanaryPublisher.publish — covert no-password join + media-plane emission[2m > [22m[2m(b) the emitted frames verify clean against the verifier (publish ≡ produce on the wire)
[22m[39m{"timestamp":"2026-06-19T18:50:26.800Z","level":"INFO","source":"frontend","module":"webrtc/sframe-transform","message":"encrypted frame","context":{"kid":7,"ctr":2,"byteLength":62,"codecOffset":10}}

[90mstdout[2m | apps/validator-daemon/src/canary/__tests__/publisher.test.ts[2m > [22m[2mREQ-CFA-002 CanaryPublisher.publish — covert no-password join + media-plane emission[2m > [22m[2m(b) the emitted frames verify clean against the verifier (publish ≡ produce on the wire)
[22m[39m{"timestamp":"2026-06-19T18:50:26.803Z","level":"INFO","source":"frontend","module":"webrtc/sframe-transform","message":"encrypted frame","context":{"kid":7,"ctr":3,"byteLength":62,"codecOffset":10}}

[90mstdout[2m | apps/validator-daemon/src/canary/__tests__/publisher.test.ts[2m > [22m[2mREQ-CFA-002 CanaryPublisher.publish — covert no-password join + media-plane emission[2m > [22m[2m(b) the emitted frames verify clean against the verifier (publish ≡ produce on the wire)
[22m[39m{"timestamp":"2026-06-19T18:50:26.806Z","level":"INFO","source":"frontend","module":"webrtc/sframe-transform","message":"encrypted frame","context":{"kid":7,"ctr":4,"byteLength":62,"codecOffset":10}}

[90mstdout[2m | apps/validator-daemon/src/canary/__tests__/publisher.test.ts[2m > [22m[2mREQ-CFA-002 CanaryPublisher.publish — covert no-password join + media-plane emission[2m > [22m[2m(b) the emitted frames verify clean against the verifier (publish ≡ produce on the wire)
[22m[39m{"timestamp":"2026-06-19T18:50:26.809Z","level":"INFO","source":"frontend","module":"webrtc/sframe-transform","message":"encrypted frame","context":{"kid":7,"ctr":5,"byteLength":62,"codecOffset":10}}

{"level":30,"time":1781895026810,"pid":39048,"hostname":"Quang","name":"canary/verifier","canaryKid":7,"mediaPackets":6,"byteIdentical":6,"divergences":0,"msg":"canary forwarding verified"}
 [32m✓[39m apps/validator-daemon/src/canary/__tests__/publisher.test.ts [2m([22m[2m5 tests[22m[2m)[22m[32m 274[2mms[22m[39m

[2m Test Files [22m [1m[32m9 passed[39m[22m[90m (9)[39m
[2m      Tests [22m [1m[32m69 passed[39m[22m[90m (69)[39m
[2m   Start at [22m 01:50:20
[2m   Duration [22m 6.84s[2m (transform 3.62s, setup 0ms, collect 29.19s, tests 3.11s, environment 4ms, prepare 3.80s)[22m

