
[1m[46m RUN [49m[22m [36mv3.2.4 [39m[90mC:/Thesis/dvconf/dvconf-daemons/apps/validator-daemon[39m

 [32m✓[39m src/canary/__tests__/room-scope-staleness.test.ts [2m([22m[2m4 tests[22m[2m)[22m[32m 6[2mms[22m[39m
 [32m✓[39m src/canary/__tests__/coverage-server.test.ts [2m([22m[2m6 tests[22m[2m)[22m[32m 6[2mms[22m[39m
{"level":30,"time":1781929569030,"pid":10116,"hostname":"Quang","name":"canary/loss-classifier","relayMinerId":"relay-under-audit","promoted":1,"absorbed":0,"tampers":1,"cumulativeCrossed":false,"msg":"canary divergences classified (drop gate / tamper p=1)"}
{"level":30,"time":1781929569034,"pid":10116,"hostname":"Quang","name":"canary/loss-classifier","relayMinerId":"relay-under-audit","promoted":1,"absorbed":1,"tampers":1,"cumulativeCrossed":false,"msg":"canary divergences classified (drop gate / tamper p=1)"}
{"level":30,"time":1781929569035,"pid":10116,"hostname":"Quang","name":"canary/loss-classifier","relayMinerId":"relay-under-audit","promoted":0,"absorbed":1,"tampers":0,"cumulativeCrossed":false,"msg":"canary divergences classified (drop gate / tamper p=1)"}
{"level":30,"time":1781929569036,"pid":10116,"hostname":"Quang","name":"canary/loss-classifier","relayMinerId":"relay-under-audit","promoted":0,"absorbed":1,"tampers":0,"cumulativeCrossed":false,"msg":"canary divergences classified (drop gate / tamper p=1)"}
{"level":30,"time":1781929569037,"pid":10116,"hostname":"Quang","name":"canary/loss-classifier","relayMinerId":"relay-under-audit","promoted":1,"absorbed":0,"tampers":0,"cumulativeCrossed":true,"msg":"canary divergences classified (drop gate / tamper p=1)"}
{"level":30,"time":1781929569037,"pid":10116,"hostname":"Quang","name":"canary/loss-classifier","relayMinerId":"relay-under-audit","promoted":0,"absorbed":1,"tampers":0,"cumulativeCrossed":true,"msg":"canary divergences classified (drop gate / tamper p=1)"}
{"level":30,"time":1781929569038,"pid":10116,"hostname":"Quang","name":"canary/loss-classifier","relayMinerId":"relay-under-audit","promoted":0,"absorbed":1,"tampers":0,"cumulativeCrossed":false,"msg":"canary divergences classified (drop gate / tamper p=1)"}
{"level":30,"time":1781929569038,"pid":10116,"hostname":"Quang","name":"canary/loss-classifier","relayMinerId":"relay-under-audit","promoted":1,"absorbed":0,"tampers":1,"cumulativeCrossed":true,"msg":"canary divergences classified (drop gate / tamper p=1)"}
{"level":30,"time":1781929569039,"pid":10116,"hostname":"Quang","name":"canary/loss-classifier","relayMinerId":"relay-X","promoted":1,"absorbed":0,"tampers":0,"cumulativeCrossed":true,"msg":"canary divergences classified (drop gate / tamper p=1)"}
{"level":30,"time":1781929569039,"pid":10116,"hostname":"Quang","name":"canary/loss-classifier","relayMinerId":"relay-Y","promoted":0,"absorbed":1,"tampers":0,"cumulativeCrossed":false,"msg":"canary divergences classified (drop gate / tamper p=1)"}
{"level":30,"time":1781929569040,"pid":10116,"hostname":"Quang","name":"canary/loss-classifier","relayMinerId":"relay-under-audit","promoted":0,"absorbed":1,"tampers":0,"cumulativeCrossed":false,"msg":"canary divergences classified (drop gate / tamper p=1)"}
{"level":30,"time":1781929569040,"pid":10116,"hostname":"Quang","name":"canary/loss-classifier","relayMinerId":"relay-under-audit","promoted":0,"absorbed":1,"tampers":0,"cumulativeCrossed":false,"msg":"canary divergences classified (drop gate / tamper p=1)"}
{"level":30,"time":1781929569040,"pid":10116,"hostname":"Quang","name":"canary/loss-classifier","relayMinerId":"relay-under-audit","promoted":0,"absorbed":1,"tampers":0,"cumulativeCrossed":false,"msg":"canary divergences classified (drop gate / tamper p=1)"}
{"level":30,"time":1781929569040,"pid":10116,"hostname":"Quang","name":"canary/loss-classifier","relayMinerId":"relay-under-audit","promoted":0,"absorbed":1,"tampers":0,"cumulativeCrossed":false,"msg":"canary divergences classified (drop gate / tamper p=1)"}
{"level":30,"time":1781929569040,"pid":10116,"hostname":"Quang","name":"canary/loss-classifier","relayMinerId":"relay-under-audit","promoted":1,"absorbed":0,"tampers":0,"cumulativeCrossed":true,"msg":"canary divergences classified (drop gate / tamper p=1)"}
{"level":30,"time":1781929569040,"pid":10116,"hostname":"Quang","name":"canary/loss-classifier","relayMinerId":"relay-under-audit","promoted":1,"absorbed":0,"tampers":0,"cumulativeCrossed":true,"msg":"canary divergences classified (drop gate / tamper p=1)"}
{"level":30,"time":1781929569041,"pid":10116,"hostname":"Quang","name":"canary/loss-classifier","relayMinerId":"relay-under-audit","promoted":1,"absorbed":0,"tampers":0,"cumulativeCrossed":true,"msg":"canary divergences classified (drop gate / tamper p=1)"}
{"level":30,"time":1781929569041,"pid":10116,"hostname":"Quang","name":"canary/loss-classifier","relayMinerId":"relay-under-audit","promoted":1,"absorbed":0,"tampers":0,"cumulativeCrossed":true,"msg":"canary divergences classified (drop gate / tamper p=1)"}
{"level":30,"time":1781929569041,"pid":10116,"hostname":"Quang","name":"canary/loss-classifier","relayMinerId":"relay-under-audit","promoted":1,"absorbed":0,"tampers":0,"cumulativeCrossed":true,"msg":"canary divergences classified (drop gate / tamper p=1)"}
{"level":30,"time":1781929569041,"pid":10116,"hostname":"Quang","name":"canary/loss-classifier","relayMinerId":"relay-under-audit","promoted":1,"absorbed":0,"tampers":0,"cumulativeCrossed":true,"msg":"canary divergences classified (drop gate / tamper p=1)"}
{"level":30,"time":1781929569041,"pid":10116,"hostname":"Quang","name":"canary/loss-classifier","relayMinerId":"relay-under-audit","promoted":1,"absorbed":0,"tampers":0,"cumulativeCrossed":true,"msg":"canary divergences classified (drop gate / tamper p=1)"}
{"level":30,"time":1781929569041,"pid":10116,"hostname":"Quang","name":"canary/loss-classifier","relayMinerId":"relay-under-audit","promoted":1,"absorbed":0,"tampers":0,"cumulativeCrossed":true,"msg":"canary divergences classified (drop gate / tamper p=1)"}
{"level":30,"time":1781929569041,"pid":10116,"hostname":"Quang","name":"canary/loss-classifier","relayMinerId":"relay-under-audit","promoted":1,"absorbed":0,"tampers":0,"cumulativeCrossed":true,"msg":"canary divergences classified (drop gate / tamper p=1)"}
{"level":30,"time":1781929569041,"pid":10116,"hostname":"Quang","name":"canary/loss-classifier","relayMinerId":"relay-under-audit","promoted":1,"absorbed":0,"tampers":0,"cumulativeCrossed":true,"msg":"canary divergences classified (drop gate / tamper p=1)"}
{"level":30,"time":1781929569041,"pid":10116,"hostname":"Quang","name":"canary/loss-classifier","relayMinerId":"relay-under-audit","promoted":1,"absorbed":0,"tampers":0,"cumulativeCrossed":true,"msg":"canary divergences classified (drop gate / tamper p=1)"}
{"level":30,"time":1781929569041,"pid":10116,"hostname":"Quang","name":"canary/loss-classifier","relayMinerId":"relay-under-audit","promoted":1,"absorbed":0,"tampers":0,"cumulativeCrossed":true,"msg":"canary divergences classified (drop gate / tamper p=1)"}
{"level":30,"time":1781929569041,"pid":10116,"hostname":"Quang","name":"canary/loss-classifier","relayMinerId":"relay-under-audit","promoted":1,"absorbed":0,"tampers":0,"cumulativeCrossed":true,"msg":"canary divergences classified (drop gate / tamper p=1)"}
{"level":30,"time":1781929569041,"pid":10116,"hostname":"Quang","name":"canary/loss-classifier","relayMinerId":"relay-under-audit","promoted":1,"absorbed":0,"tampers":0,"cumulativeCrossed":true,"msg":"canary divergences classified (drop gate / tamper p=1)"}
{"level":30,"time":1781929569041,"pid":10116,"hostname":"Quang","name":"canary/loss-classifier","relayMinerId":"relay-under-audit","promoted":1,"absorbed":0,"tampers":0,"cumulativeCrossed":true,"msg":"canary divergences classified (drop gate / tamper p=1)"}
{"level":30,"time":1781929569041,"pid":10116,"hostname":"Quang","name":"canary/loss-classifier","relayMinerId":"relay-under-audit","promoted":1,"absorbed":0,"tampers":0,"cumulativeCrossed":true,"msg":"canary divergences classified (drop gate / tamper p=1)"}
{"level":30,"time":1781929569041,"pid":10116,"hostname":"Quang","name":"canary/loss-classifier","relayMinerId":"relay-under-audit","promoted":1,"absorbed":0,"tampers":0,"cumulativeCrossed":true,"msg":"canary divergences classified (drop gate / tamper p=1)"}
{"level":30,"time":1781929569041,"pid":10116,"hostname":"Quang","name":"canary/loss-classifier","relayMinerId":"relay-under-audit","promoted":1,"absorbed":0,"tampers":0,"cumulativeCrossed":true,"msg":"canary divergences classified (drop gate / tamper p=1)"}
{"level":30,"time":1781929569041,"pid":10116,"hostname":"Quang","name":"canary/loss-classifier","relayMinerId":"relay-under-audit","promoted":1,"absorbed":0,"tampers":0,"cumulativeCrossed":true,"msg":"canary divergences classified (drop gate / tamper p=1)"}
{"level":30,"time":1781929569041,"pid":10116,"hostname":"Quang","name":"canary/loss-classifier","relayMinerId":"relay-under-audit","promoted":1,"absorbed":0,"tampers":0,"cumulativeCrossed":true,"msg":"canary divergences classified (drop gate / tamper p=1)"}
{"level":30,"time":1781929569041,"pid":10116,"hostname":"Quang","name":"canary/loss-classifier","relayMinerId":"relay-under-audit","promoted":1,"absorbed":0,"tampers":0,"cumulativeCrossed":true,"msg":"canary divergences classified (drop gate / tamper p=1)"}
{"level":30,"time":1781929569041,"pid":10116,"hostname":"Quang","name":"canary/loss-classifier","relayMinerId":"relay-under-audit","promoted":1,"absorbed":0,"tampers":0,"cumulativeCrossed":true,"msg":"canary divergences classified (drop gate / tamper p=1)"}
{"level":30,"time":1781929569041,"pid":10116,"hostname":"Quang","name":"canary/loss-classifier","relayMinerId":"relay-under-audit","promoted":1,"absorbed":0,"tampers":0,"cumulativeCrossed":true,"msg":"canary divergences classified (drop gate / tamper p=1)"}
{"level":30,"time":1781929569041,"pid":10116,"hostname":"Quang","name":"canary/loss-classifier","relayMinerId":"relay-under-audit","promoted":1,"absorbed":0,"tampers":0,"cumulativeCrossed":true,"msg":"canary divergences classified (drop gate / tamper p=1)"}
{"level":30,"time":1781929569041,"pid":10116,"hostname":"Quang","name":"canary/loss-classifier","relayMinerId":"relay-under-audit","promoted":1,"absorbed":0,"tampers":0,"cumulativeCrossed":true,"msg":"canary divergences classified (drop gate / tamper p=1)"}
{"level":30,"time":1781929569041,"pid":10116,"hostname":"Quang","name":"canary/loss-classifier","relayMinerId":"relay-under-audit","promoted":1,"absorbed":0,"tampers":0,"cumulativeCrossed":true,"msg":"canary divergences classified (drop gate / tamper p=1)"}
{"level":30,"time":1781929569041,"pid":10116,"hostname":"Quang","name":"canary/loss-classifier","relayMinerId":"relay-under-audit","promoted":1,"absorbed":0,"tampers":0,"cumulativeCrossed":true,"msg":"canary divergences classified (drop gate / tamper p=1)"}
{"level":30,"time":1781929569041,"pid":10116,"hostname":"Quang","name":"canary/loss-classifier","relayMinerId":"relay-under-audit","promoted":1,"absorbed":0,"tampers":0,"cumulativeCrossed":true,"msg":"canary divergences classified (drop gate / tamper p=1)"}
{"level":30,"time":1781929569041,"pid":10116,"hostname":"Quang","name":"canary/loss-classifier","relayMinerId":"relay-under-audit","promoted":1,"absorbed":0,"tampers":0,"cumulativeCrossed":true,"msg":"canary divergences classified (drop gate / tamper p=1)"}
{"level":30,"time":1781929569041,"pid":10116,"hostname":"Quang","name":"canary/loss-classifier","relayMinerId":"relay-under-audit","promoted":1,"absorbed":0,"tampers":0,"cumulativeCrossed":true,"msg":"canary divergences classified (drop gate / tamper p=1)"}
{"level":30,"time":1781929569042,"pid":10116,"hostname":"Quang","name":"canary/loss-classifier","relayMinerId":"relay-under-audit","promoted":1,"absorbed":0,"tampers":0,"cumulativeCrossed":true,"msg":"canary divergences classified (drop gate / tamper p=1)"}
{"level":30,"time":1781929569042,"pid":10116,"hostname":"Quang","name":"canary/loss-classifier","relayMinerId":"relay-under-audit","promoted":1,"absorbed":0,"tampers":0,"cumulativeCrossed":true,"msg":"canary divergences classified (drop gate / tamper p=1)"}
{"level":30,"time":1781929569042,"pid":10116,"hostname":"Quang","name":"canary/loss-classifier","relayMinerId":"relay-under-audit","promoted":1,"absorbed":0,"tampers":0,"cumulativeCrossed":true,"msg":"canary divergences classified (drop gate / tamper p=1)"}
{"level":30,"time":1781929569042,"pid":10116,"hostname":"Quang","name":"canary/loss-classifier","relayMinerId":"relay-under-audit","promoted":1,"absorbed":0,"tampers":0,"cumulativeCrossed":true,"msg":"canary divergences classified (drop gate / tamper p=1)"}
{"level":30,"time":1781929569042,"pid":10116,"hostname":"Quang","name":"canary/loss-classifier","relayMinerId":"relay-under-audit","promoted":1,"absorbed":0,"tampers":0,"cumulativeCrossed":true,"msg":"canary divergences classified (drop gate / tamper p=1)"}
{"level":30,"time":1781929569042,"pid":10116,"hostname":"Quang","name":"canary/loss-classifier","relayMinerId":"relay-under-audit","promoted":1,"absorbed":0,"tampers":0,"cumulativeCrossed":true,"msg":"canary divergences classified (drop gate / tamper p=1)"}
{"level":30,"time":1781929569042,"pid":10116,"hostname":"Quang","name":"canary/loss-classifier","relayMinerId":"relay-under-audit","promoted":0,"absorbed":1,"tampers":0,"cumulativeCrossed":false,"msg":"canary divergences classified (drop gate / tamper p=1)"}
{"level":30,"time":1781929569042,"pid":10116,"hostname":"Quang","name":"canary/loss-classifier","relayMinerId":"relay-under-audit","promoted":0,"absorbed":1,"tampers":0,"cumulativeCrossed":false,"msg":"canary divergences classified (drop gate / tamper p=1)"}
{"level":30,"time":1781929569042,"pid":10116,"hostname":"Quang","name":"canary/loss-classifier","relayMinerId":"relay-under-audit","promoted":0,"absorbed":1,"tampers":0,"cumulativeCrossed":false,"msg":"canary divergences classified (drop gate / tamper p=1)"}
{"level":30,"time":1781929569042,"pid":10116,"hostname":"Quang","name":"canary/loss-classifier","relayMinerId":"relay-under-audit","promoted":0,"absorbed":1,"tampers":0,"cumulativeCrossed":false,"msg":"canary divergences classified (drop gate / tamper p=1)"}
{"level":30,"time":1781929569042,"pid":10116,"hostname":"Quang","name":"canary/loss-classifier","relayMinerId":"relay-under-audit","promoted":0,"absorbed":1,"tampers":0,"cumulativeCrossed":false,"msg":"canary divergences classified (drop gate / tamper p=1)"}
{"level":30,"time":1781929569042,"pid":10116,"hostname":"Quang","name":"canary/loss-classifier","relayMinerId":"relay-under-audit","promoted":0,"absorbed":1,"tampers":0,"cumulativeCrossed":false,"msg":"canary divergences classified (drop gate / tamper p=1)"}
{"level":30,"time":1781929569042,"pid":10116,"hostname":"Quang","name":"canary/loss-classifier","relayMinerId":"relay-under-audit","promoted":0,"absorbed":1,"tampers":0,"cumulativeCrossed":false,"msg":"canary divergences classified (drop gate / tamper p=1)"}
{"level":30,"time":1781929569042,"pid":10116,"hostname":"Quang","name":"canary/loss-classifier","relayMinerId":"relay-under-audit","promoted":0,"absorbed":1,"tampers":0,"cumulativeCrossed":false,"msg":"canary divergences classified (drop gate / tamper p=1)"}
{"level":30,"time":1781929569042,"pid":10116,"hostname":"Quang","name":"canary/loss-classifier","relayMinerId":"relay-under-audit","promoted":0,"absorbed":1,"tampers":0,"cumulativeCrossed":false,"msg":"canary divergences classified (drop gate / tamper p=1)"}
{"level":30,"time":1781929569042,"pid":10116,"hostname":"Quang","name":"canary/loss-classifier","relayMinerId":"relay-under-audit","promoted":0,"absorbed":1,"tampers":0,"cumulativeCrossed":false,"msg":"canary divergences classified (drop gate / tamper p=1)"}
{"level":30,"time":1781929569042,"pid":10116,"hostname":"Quang","name":"canary/loss-classifier","relayMinerId":"relay-under-audit","promoted":0,"absorbed":1,"tampers":0,"cumulativeCrossed":false,"msg":"canary divergences classified (drop gate / tamper p=1)"}
{"level":30,"time":1781929569043,"pid":10116,"hostname":"Quang","name":"canary/loss-classifier","relayMinerId":"relay-under-audit","promoted":0,"absorbed":1,"tampers":0,"cumulativeCrossed":false,"msg":"canary divergences classified (drop gate / tamper p=1)"}
{"level":30,"time":1781929569043,"pid":10116,"hostname":"Quang","name":"canary/loss-classifier","relayMinerId":"relay-under-audit","promoted":0,"absorbed":1,"tampers":0,"cumulativeCrossed":false,"msg":"canary divergences classified (drop gate / tamper p=1)"}
{"level":30,"time":1781929569043,"pid":10116,"hostname":"Quang","name":"canary/loss-classifier","relayMinerId":"relay-under-audit","promoted":0,"absorbed":1,"tampers":0,"cumulativeCrossed":false,"msg":"canary divergences classified (drop gate / tamper p=1)"}
{"level":30,"time":1781929569043,"pid":10116,"hostname":"Quang","name":"canary/loss-classifier","relayMinerId":"relay-under-audit","promoted":0,"absorbed":1,"tampers":0,"cumulativeCrossed":false,"msg":"canary divergences classified (drop gate / tamper p=1)"}
{"level":30,"time":1781929569043,"pid":10116,"hostname":"Quang","name":"canary/loss-classifier","relayMinerId":"relay-under-audit","promoted":0,"absorbed":1,"tampers":0,"cumulativeCrossed":false,"msg":"canary divergences classified (drop gate / tamper p=1)"}
{"level":30,"time":1781929569043,"pid":10116,"hostname":"Quang","name":"canary/loss-classifier","relayMinerId":"relay-under-audit","promoted":0,"absorbed":1,"tampers":0,"cumulativeCrossed":false,"msg":"canary divergences classified (drop gate / tamper p=1)"}
{"level":30,"time":1781929569043,"pid":10116,"hostname":"Quang","name":"canary/loss-classifier","relayMinerId":"relay-under-audit","promoted":0,"absorbed":1,"tampers":0,"cumulativeCrossed":false,"msg":"canary divergences classified (drop gate / tamper p=1)"}
{"level":30,"time":1781929569043,"pid":10116,"hostname":"Quang","name":"canary/loss-classifier","relayMinerId":"relay-under-audit","promoted":0,"absorbed":1,"tampers":0,"cumulativeCrossed":false,"msg":"canary divergences classified (drop gate / tamper p=1)"}
{"level":30,"time":1781929569043,"pid":10116,"hostname":"Quang","name":"canary/loss-classifier","relayMinerId":"relay-under-audit","promoted":0,"absorbed":1,"tampers":0,"cumulativeCrossed":false,"msg":"canary divergences classified (drop gate / tamper p=1)"}
{"level":30,"time":1781929569043,"pid":10116,"hostname":"Quang","name":"canary/loss-classifier","relayMinerId":"relay-under-audit","promoted":0,"absorbed":1,"tampers":0,"cumulativeCrossed":false,"msg":"canary divergences classified (drop gate / tamper p=1)"}
{"level":30,"time":1781929569043,"pid":10116,"hostname":"Quang","name":"canary/loss-classifier","relayMinerId":"relay-under-audit","promoted":0,"absorbed":1,"tampers":0,"cumulativeCrossed":false,"msg":"canary divergences classified (drop gate / tamper p=1)"}
{"level":30,"time":1781929569043,"pid":10116,"hostname":"Quang","name":"canary/loss-classifier","relayMinerId":"relay-under-audit","promoted":0,"absorbed":1,"tampers":0,"cumulativeCrossed":false,"msg":"canary divergences classified (drop gate / tamper p=1)"}
{"level":30,"time":1781929569043,"pid":10116,"hostname":"Quang","name":"canary/loss-classifier","relayMinerId":"relay-under-audit","promoted":0,"absorbed":1,"tampers":0,"cumulativeCrossed":false,"msg":"canary divergences classified (drop gate / tamper p=1)"}
{"level":30,"time":1781929569043,"pid":10116,"hostname":"Quang","name":"canary/loss-classifier","relayMinerId":"relay-under-audit","promoted":0,"absorbed":1,"tampers":0,"cumulativeCrossed":false,"msg":"canary divergences classified (drop gate / tamper p=1)"}
{"level":30,"time":1781929569043,"pid":10116,"hostname":"Quang","name":"canary/loss-classifier","relayMinerId":"relay-under-audit","promoted":0,"absorbed":1,"tampers":0,"cumulativeCrossed":false,"msg":"canary divergences classified (drop gate / tamper p=1)"}
{"level":30,"time":1781929569043,"pid":10116,"hostname":"Quang","name":"canary/loss-classifier","relayMinerId":"relay-under-audit","promoted":0,"absorbed":1,"tampers":0,"cumulativeCrossed":false,"msg":"canary divergences classified (drop gate / tamper p=1)"}
{"level":30,"time":1781929569043,"pid":10116,"hostname":"Quang","name":"canary/loss-classifier","relayMinerId":"relay-under-audit","promoted":0,"absorbed":1,"tampers":0,"cumulativeCrossed":false,"msg":"canary divergences classified (drop gate / tamper p=1)"}
{"level":30,"time":1781929569043,"pid":10116,"hostname":"Quang","name":"canary/loss-classifier","relayMinerId":"relay-under-audit","promoted":0,"absorbed":1,"tampers":0,"cumulativeCrossed":false,"msg":"canary divergences classified (drop gate / tamper p=1)"}
{"level":30,"time":1781929569043,"pid":10116,"hostname":"Quang","name":"canary/loss-classifier","relayMinerId":"relay-under-audit","promoted":0,"absorbed":1,"tampers":0,"cumulativeCrossed":false,"msg":"canary divergences classified (drop gate / tamper p=1)"}
{"level":30,"time":1781929569043,"pid":10116,"hostname":"Quang","name":"canary/loss-classifier","relayMinerId":"relay-under-audit","promoted":0,"absorbed":1,"tampers":0,"cumulativeCrossed":false,"msg":"canary divergences classified (drop gate / tamper p=1)"}
{"level":30,"time":1781929569043,"pid":10116,"hostname":"Quang","name":"canary/loss-classifier","relayMinerId":"relay-under-audit","promoted":0,"absorbed":1,"tampers":0,"cumulativeCrossed":false,"msg":"canary divergences classified (drop gate / tamper p=1)"}
{"level":30,"time":1781929569043,"pid":10116,"hostname":"Quang","name":"canary/loss-classifier","relayMinerId":"relay-under-audit","promoted":0,"absorbed":1,"tampers":0,"cumulativeCrossed":false,"msg":"canary divergences classified (drop gate / tamper p=1)"}
{"level":30,"time":1781929569043,"pid":10116,"hostname":"Quang","name":"canary/loss-classifier","relayMinerId":"relay-under-audit","promoted":0,"absorbed":1,"tampers":0,"cumulativeCrossed":false,"msg":"canary divergences classified (drop gate / tamper p=1)"}
{"level":30,"time":1781929569043,"pid":10116,"hostname":"Quang","name":"canary/loss-classifier","relayMinerId":"relay-under-audit","promoted":0,"absorbed":1,"tampers":0,"cumulativeCrossed":false,"msg":"canary divergences classified (drop gate / tamper p=1)"}
{"level":30,"time":1781929569043,"pid":10116,"hostname":"Quang","name":"canary/loss-classifier","relayMinerId":"relay-under-audit","promoted":0,"absorbed":1,"tampers":0,"cumulativeCrossed":false,"msg":"canary divergences classified (drop gate / tamper p=1)"}
{"level":30,"time":1781929569043,"pid":10116,"hostname":"Quang","name":"canary/loss-classifier","relayMinerId":"relay-under-audit","promoted":0,"absorbed":1,"tampers":0,"cumulativeCrossed":false,"msg":"canary divergences classified (drop gate / tamper p=1)"}
{"level":30,"time":1781929569043,"pid":10116,"hostname":"Quang","name":"canary/loss-classifier","relayMinerId":"relay-under-audit","promoted":0,"absorbed":1,"tampers":0,"cumulativeCrossed":false,"msg":"canary divergences classified (drop gate / tamper p=1)"}
{"level":30,"time":1781929569043,"pid":10116,"hostname":"Quang","name":"canary/loss-classifier","relayMinerId":"relay-under-audit","promoted":0,"absorbed":1,"tampers":0,"cumulativeCrossed":false,"msg":"canary divergences classified (drop gate / tamper p=1)"}
{"level":30,"time":1781929569043,"pid":10116,"hostname":"Quang","name":"canary/loss-classifier","relayMinerId":"relay-under-audit","promoted":0,"absorbed":1,"tampers":0,"cumulativeCrossed":false,"msg":"canary divergences classified (drop gate / tamper p=1)"}
{"level":30,"time":1781929569043,"pid":10116,"hostname":"Quang","name":"canary/loss-classifier","relayMinerId":"relay-under-audit","promoted":0,"absorbed":1,"tampers":0,"cumulativeCrossed":false,"msg":"canary divergences classified (drop gate / tamper p=1)"}
{"level":30,"time":1781929569043,"pid":10116,"hostname":"Quang","name":"canary/loss-classifier","relayMinerId":"relay-under-audit","promoted":0,"absorbed":1,"tampers":0,"cumulativeCrossed":false,"msg":"canary divergences classified (drop gate / tamper p=1)"}
{"level":30,"time":1781929569043,"pid":10116,"hostname":"Quang","name":"canary/loss-classifier","relayMinerId":"relay-under-audit","promoted":0,"absorbed":1,"tampers":0,"cumulativeCrossed":false,"msg":"canary divergences classified (drop gate / tamper p=1)"}
{"level":30,"time":1781929569043,"pid":10116,"hostname":"Quang","name":"canary/loss-classifier","relayMinerId":"relay-under-audit","promoted":0,"absorbed":1,"tampers":0,"cumulativeCrossed":false,"msg":"canary divergences classified (drop gate / tamper p=1)"}
{"level":30,"time":1781929569043,"pid":10116,"hostname":"Quang","name":"canary/loss-classifier","relayMinerId":"relay-under-audit","promoted":0,"absorbed":1,"tampers":0,"cumulativeCrossed":false,"msg":"canary divergences classified (drop gate / tamper p=1)"}
{"level":30,"time":1781929569043,"pid":10116,"hostname":"Quang","name":"canary/loss-classifier","relayMinerId":"relay-under-audit","promoted":0,"absorbed":1,"tampers":0,"cumulativeCrossed":false,"msg":"canary divergences classified (drop gate / tamper p=1)"}
{"level":30,"time":1781929569043,"pid":10116,"hostname":"Quang","name":"canary/loss-classifier","relayMinerId":"relay-under-audit","promoted":0,"absorbed":1,"tampers":0,"cumulativeCrossed":false,"msg":"canary divergences classified (drop gate / tamper p=1)"}
{"level":30,"time":1781929569043,"pid":10116,"hostname":"Quang","name":"canary/loss-classifier","relayMinerId":"relay-under-audit","promoted":0,"absorbed":1,"tampers":0,"cumulativeCrossed":false,"msg":"canary divergences classified (drop gate / tamper p=1)"}
{"level":30,"time":1781929569043,"pid":10116,"hostname":"Quang","name":"canary/loss-classifier","relayMinerId":"relay-under-audit","promoted":0,"absorbed":1,"tampers":0,"cumulativeCrossed":false,"msg":"canary divergences classified (drop gate / tamper p=1)"}
{"level":30,"time":1781929569043,"pid":10116,"hostname":"Quang","name":"canary/loss-classifier","relayMinerId":"relay-under-audit","promoted":0,"absorbed":1,"tampers":0,"cumulativeCrossed":false,"msg":"canary divergences classified (drop gate / tamper p=1)"}
{"level":30,"time":1781929569043,"pid":10116,"hostname":"Quang","name":"canary/loss-classifier","relayMinerId":"relay-under-audit","promoted":0,"absorbed":1,"tampers":0,"cumulativeCrossed":false,"msg":"canary divergences classified (drop gate / tamper p=1)"}
{"level":30,"time":1781929569043,"pid":10116,"hostname":"Quang","name":"canary/loss-classifier","relayMinerId":"relay-under-audit","promoted":0,"absorbed":1,"tampers":0,"cumulativeCrossed":false,"msg":"canary divergences classified (drop gate / tamper p=1)"}
{"level":30,"time":1781929569043,"pid":10116,"hostname":"Quang","name":"canary/loss-classifier","relayMinerId":"relay-under-audit","promoted":0,"absorbed":1,"tampers":0,"cumulativeCrossed":false,"msg":"canary divergences classified (drop gate / tamper p=1)"}
{"level":30,"time":1781929569043,"pid":10116,"hostname":"Quang","name":"canary/loss-classifier","relayMinerId":"relay-under-audit","promoted":0,"absorbed":1,"tampers":0,"cumulativeCrossed":false,"msg":"canary divergences classified (drop gate / tamper p=1)"}
{"level":30,"time":1781929569043,"pid":10116,"hostname":"Quang","name":"canary/loss-classifier","relayMinerId":"relay-under-audit","promoted":0,"absorbed":1,"tampers":0,"cumulativeCrossed":false,"msg":"canary divergences classified (drop gate / tamper p=1)"}
{"level":30,"time":1781929569043,"pid":10116,"hostname":"Quang","name":"canary/loss-classifier","relayMinerId":"relay-under-audit","promoted":0,"absorbed":1,"tampers":0,"cumulativeCrossed":false,"msg":"canary divergences classified (drop gate / tamper p=1)"}
{"level":30,"time":1781929569044,"pid":10116,"hostname":"Quang","name":"canary/loss-classifier","relayMinerId":"relay-under-audit","promoted":0,"absorbed":1,"tampers":0,"cumulativeCrossed":false,"msg":"canary divergences classified (drop gate / tamper p=1)"}
{"level":30,"time":1781929569044,"pid":10116,"hostname":"Quang","name":"canary/loss-classifier","relayMinerId":"relay-under-audit","promoted":0,"absorbed":1,"tampers":0,"cumulativeCrossed":false,"msg":"canary divergences classified (drop gate / tamper p=1)"}
{"level":30,"time":1781929569044,"pid":10116,"hostname":"Quang","name":"canary/loss-classifier","relayMinerId":"relay-under-audit","promoted":0,"absorbed":1,"tampers":0,"cumulativeCrossed":false,"msg":"canary divergences classified (drop gate / tamper p=1)"}
{"level":30,"time":1781929569044,"pid":10116,"hostname":"Quang","name":"canary/loss-classifier","relayMinerId":"relay-under-audit","promoted":0,"absorbed":1,"tampers":0,"cumulativeCrossed":false,"msg":"canary divergences classified (drop gate / tamper p=1)"}
{"level":30,"time":1781929569044,"pid":10116,"hostname":"Quang","name":"canary/loss-classifier","relayMinerId":"relay-under-audit","promoted":0,"absorbed":1,"tampers":0,"cumulativeCrossed":false,"msg":"canary divergences classified (drop gate / tamper p=1)"}
{"level":30,"time":1781929569044,"pid":10116,"hostname":"Quang","name":"canary/loss-classifier","relayMinerId":"relay-under-audit","promoted":0,"absorbed":1,"tampers":0,"cumulativeCrossed":false,"msg":"canary divergences classified (drop gate / tamper p=1)"}
{"level":30,"time":1781929569044,"pid":10116,"hostname":"Quang","name":"canary/loss-classifier","relayMinerId":"relay-under-audit","promoted":0,"absorbed":1,"tampers":0,"cumulativeCrossed":false,"msg":"canary divergences classified (drop gate / tamper p=1)"}
{"level":30,"time":1781929569044,"pid":10116,"hostname":"Quang","name":"canary/loss-classifier","relayMinerId":"relay-under-audit","promoted":0,"absorbed":1,"tampers":0,"cumulativeCrossed":false,"msg":"canary divergences classified (drop gate / tamper p=1)"}
{"level":30,"time":1781929569044,"pid":10116,"hostname":"Quang","name":"canary/loss-classifier","relayMinerId":"relay-under-audit","promoted":0,"absorbed":1,"tampers":0,"cumulativeCrossed":false,"msg":"canary divergences classified (drop gate / tamper p=1)"}
{"level":30,"time":1781929569044,"pid":10116,"hostname":"Quang","name":"canary/loss-classifier","relayMinerId":"relay-under-audit","promoted":0,"absorbed":1,"tampers":0,"cumulativeCrossed":false,"msg":"canary divergences classified (drop gate / tamper p=1)"}
{"level":30,"time":1781929569044,"pid":10116,"hostname":"Quang","name":"canary/loss-classifier","relayMinerId":"relay-under-audit","promoted":0,"absorbed":1,"tampers":0,"cumulativeCrossed":false,"msg":"canary divergences classified (drop gate / tamper p=1)"}
{"level":30,"time":1781929569044,"pid":10116,"hostname":"Quang","name":"canary/loss-classifier","relayMinerId":"relay-under-audit","promoted":0,"absorbed":1,"tampers":0,"cumulativeCrossed":false,"msg":"canary divergences classified (drop gate / tamper p=1)"}
{"level":30,"time":1781929569044,"pid":10116,"hostname":"Quang","name":"canary/loss-classifier","relayMinerId":"relay-under-audit","promoted":0,"absorbed":1,"tampers":0,"cumulativeCrossed":false,"msg":"canary divergences classified (drop gate / tamper p=1)"}
{"level":30,"time":1781929569044,"pid":10116,"hostname":"Quang","name":"canary/loss-classifier","relayMinerId":"relay-under-audit","promoted":0,"absorbed":1,"tampers":0,"cumulativeCrossed":false,"msg":"canary divergences classified (drop gate / tamper p=1)"}
{"level":30,"time":1781929569044,"pid":10116,"hostname":"Quang","name":"canary/loss-classifier","relayMinerId":"relay-under-audit","promoted":0,"absorbed":1,"tampers":0,"cumulativeCrossed":false,"msg":"canary divergences classified (drop gate / tamper p=1)"}
{"level":30,"time":1781929569044,"pid":10116,"hostname":"Quang","name":"canary/loss-classifier","relayMinerId":"relay-under-audit","promoted":0,"absorbed":1,"tampers":0,"cumulativeCrossed":false,"msg":"canary divergences classified (drop gate / tamper p=1)"}
{"level":30,"time":1781929569044,"pid":10116,"hostname":"Quang","name":"canary/loss-classifier","relayMinerId":"relay-under-audit","promoted":0,"absorbed":1,"tampers":0,"cumulativeCrossed":false,"msg":"canary divergences classified (drop gate / tamper p=1)"}
{"level":30,"time":1781929569044,"pid":10116,"hostname":"Quang","name":"canary/loss-classifier","relayMinerId":"relay-under-audit","promoted":0,"absorbed":1,"tampers":0,"cumulativeCrossed":false,"msg":"canary divergences classified (drop gate / tamper p=1)"}
{"level":30,"time":1781929569044,"pid":10116,"hostname":"Quang","name":"canary/loss-classifier","relayMinerId":"relay-under-audit","promoted":0,"absorbed":1,"tampers":0,"cumulativeCrossed":false,"msg":"canary divergences classified (drop gate / tamper p=1)"}
{"level":30,"time":1781929569044,"pid":10116,"hostname":"Quang","name":"canary/loss-classifier","relayMinerId":"relay-under-audit","promoted":0,"absorbed":1,"tampers":0,"cumulativeCrossed":false,"msg":"canary divergences classified (drop gate / tamper p=1)"}
{"level":30,"time":1781929569044,"pid":10116,"hostname":"Quang","name":"canary/loss-classifier","relayMinerId":"relay-under-audit","promoted":0,"absorbed":1,"tampers":0,"cumulativeCrossed":false,"msg":"canary divergences classified (drop gate / tamper p=1)"}
{"level":30,"time":1781929569044,"pid":10116,"hostname":"Quang","name":"canary/loss-classifier","relayMinerId":"relay-under-audit","promoted":0,"absorbed":1,"tampers":0,"cumulativeCrossed":false,"msg":"canary divergences classified (drop gate / tamper p=1)"}
{"level":30,"time":1781929569044,"pid":10116,"hostname":"Quang","name":"canary/loss-classifier","relayMinerId":"relay-under-audit","promoted":0,"absorbed":1,"tampers":0,"cumulativeCrossed":false,"msg":"canary divergences classified (drop gate / tamper p=1)"}
{"level":30,"time":1781929569044,"pid":10116,"hostname":"Quang","name":"canary/loss-classifier","relayMinerId":"relay-under-audit","promoted":0,"absorbed":1,"tampers":0,"cumulativeCrossed":false,"msg":"canary divergences classified (drop gate / tamper p=1)"}
{"level":30,"time":1781929569044,"pid":10116,"hostname":"Quang","name":"canary/loss-classifier","relayMinerId":"relay-under-audit","promoted":0,"absorbed":1,"tampers":0,"cumulativeCrossed":false,"msg":"canary divergences classified (drop gate / tamper p=1)"}
{"level":30,"time":1781929569044,"pid":10116,"hostname":"Quang","name":"canary/loss-classifier","relayMinerId":"relay-under-audit","promoted":0,"absorbed":1,"tampers":0,"cumulativeCrossed":false,"msg":"canary divergences classified (drop gate / tamper p=1)"}
{"level":30,"time":1781929569044,"pid":10116,"hostname":"Quang","name":"canary/loss-classifier","relayMinerId":"relay-under-audit","promoted":0,"absorbed":1,"tampers":0,"cumulativeCrossed":false,"msg":"canary divergences classified (drop gate / tamper p=1)"}
{"level":30,"time":1781929569044,"pid":10116,"hostname":"Quang","name":"canary/loss-classifier","relayMinerId":"relay-under-audit","promoted":0,"absorbed":1,"tampers":0,"cumulativeCrossed":false,"msg":"canary divergences classified (drop gate / tamper p=1)"}
{"level":30,"time":1781929569044,"pid":10116,"hostname":"Quang","name":"canary/loss-classifier","relayMinerId":"relay-under-audit","promoted":0,"absorbed":1,"tampers":0,"cumulativeCrossed":false,"msg":"canary divergences classified (drop gate / tamper p=1)"}
{"level":30,"time":1781929569044,"pid":10116,"hostname":"Quang","name":"canary/loss-classifier","relayMinerId":"relay-under-audit","promoted":0,"absorbed":1,"tampers":0,"cumulativeCrossed":false,"msg":"canary divergences classified (drop gate / tamper p=1)"}
{"level":30,"time":1781929569044,"pid":10116,"hostname":"Quang","name":"canary/loss-classifier","relayMinerId":"relay-under-audit","promoted":0,"absorbed":1,"tampers":0,"cumulativeCrossed":false,"msg":"canary divergences classified (drop gate / tamper p=1)"}
{"level":30,"time":1781929569044,"pid":10116,"hostname":"Quang","name":"canary/loss-classifier","relayMinerId":"relay-under-audit","promoted":0,"absorbed":1,"tampers":0,"cumulativeCrossed":false,"msg":"canary divergences classified (drop gate / tamper p=1)"}
{"level":30,"time":1781929569044,"pid":10116,"hostname":"Quang","name":"canary/loss-classifier","relayMinerId":"relay-under-audit","promoted":0,"absorbed":1,"tampers":0,"cumulativeCrossed":false,"msg":"canary divergences classified (drop gate / tamper p=1)"}
{"level":30,"time":1781929569044,"pid":10116,"hostname":"Quang","name":"canary/loss-classifier","relayMinerId":"relay-under-audit","promoted":0,"absorbed":1,"tampers":0,"cumulativeCrossed":false,"msg":"canary divergences classified (drop gate / tamper p=1)"}
{"level":30,"time":1781929569044,"pid":10116,"hostname":"Quang","name":"canary/loss-classifier","relayMinerId":"relay-under-audit","promoted":0,"absorbed":1,"tampers":0,"cumulativeCrossed":false,"msg":"canary divergences classified (drop gate / tamper p=1)"}
{"level":30,"time":1781929569044,"pid":10116,"hostname":"Quang","name":"canary/loss-classifier","relayMinerId":"relay-under-audit","promoted":0,"absorbed":1,"tampers":0,"cumulativeCrossed":false,"msg":"canary divergences classified (drop gate / tamper p=1)"}
{"level":30,"time":1781929569044,"pid":10116,"hostname":"Quang","name":"canary/loss-classifier","relayMinerId":"relay-under-audit","promoted":0,"absorbed":1,"tampers":0,"cumulativeCrossed":false,"msg":"canary divergences classified (drop gate / tamper p=1)"}
{"level":30,"time":1781929569044,"pid":10116,"hostname":"Quang","name":"canary/loss-classifier","relayMinerId":"relay-under-audit","promoted":0,"absorbed":1,"tampers":0,"cumulativeCrossed":false,"msg":"canary divergences classified (drop gate / tamper p=1)"}
{"level":30,"time":1781929569044,"pid":10116,"hostname":"Quang","name":"canary/loss-classifier","relayMinerId":"relay-under-audit","promoted":0,"absorbed":1,"tampers":0,"cumulativeCrossed":false,"msg":"canary divergences classified (drop gate / tamper p=1)"}
{"level":30,"time":1781929569044,"pid":10116,"hostname":"Quang","name":"canary/loss-classifier","relayMinerId":"relay-under-audit","promoted":0,"absorbed":1,"tampers":0,"cumulativeCrossed":false,"msg":"canary divergences classified (drop gate / tamper p=1)"}
{"level":30,"time":1781929569044,"pid":10116,"hostname":"Quang","name":"canary/loss-classifier","relayMinerId":"relay-under-audit","promoted":0,"absorbed":1,"tampers":0,"cumulativeCrossed":false,"msg":"canary divergences classified (drop gate / tamper p=1)"}
{"level":30,"time":1781929569044,"pid":10116,"hostname":"Quang","name":"canary/loss-classifier","relayMinerId":"relay-under-audit","promoted":0,"absorbed":1,"tampers":0,"cumulativeCrossed":false,"msg":"canary divergences classified (drop gate / tamper p=1)"}
{"level":30,"time":1781929569044,"pid":10116,"hostname":"Quang","name":"canary/loss-classifier","relayMinerId":"relay-under-audit","promoted":0,"absorbed":1,"tampers":0,"cumulativeCrossed":false,"msg":"canary divergences classified (drop gate / tamper p=1)"}
{"level":30,"time":1781929569044,"pid":10116,"hostname":"Quang","name":"canary/loss-classifier","relayMinerId":"relay-under-audit","promoted":0,"absorbed":1,"tampers":0,"cumulativeCrossed":false,"msg":"canary divergences classified (drop gate / tamper p=1)"}
{"level":30,"time":1781929569045,"pid":10116,"hostname":"Quang","name":"canary/loss-classifier","relayMinerId":"relay-under-audit","promoted":0,"absorbed":1,"tampers":0,"cumulativeCrossed":false,"msg":"canary divergences classified (drop gate / tamper p=1)"}
{"level":30,"time":1781929569045,"pid":10116,"hostname":"Quang","name":"canary/loss-classifier","relayMinerId":"relay-under-audit","promoted":0,"absorbed":1,"tampers":0,"cumulativeCrossed":false,"msg":"canary divergences classified (drop gate / tamper p=1)"}
{"level":30,"time":1781929569045,"pid":10116,"hostname":"Quang","name":"canary/loss-classifier","relayMinerId":"relay-under-audit","promoted":0,"absorbed":1,"tampers":0,"cumulativeCrossed":false,"msg":"canary divergences classified (drop gate / tamper p=1)"}
{"level":30,"time":1781929569045,"pid":10116,"hostname":"Quang","name":"canary/loss-classifier","relayMinerId":"relay-under-audit","promoted":0,"absorbed":1,"tampers":0,"cumulativeCrossed":false,"msg":"canary divergences classified (drop gate / tamper p=1)"}
{"level":30,"time":1781929569045,"pid":10116,"hostname":"Quang","name":"canary/loss-classifier","relayMinerId":"relay-under-audit","promoted":0,"absorbed":1,"tampers":0,"cumulativeCrossed":false,"msg":"canary divergences classified (drop gate / tamper p=1)"}
{"level":30,"time":1781929569045,"pid":10116,"hostname":"Quang","name":"canary/loss-classifier","relayMinerId":"relay-under-audit","promoted":0,"absorbed":1,"tampers":0,"cumulativeCrossed":false,"msg":"canary divergences classified (drop gate / tamper p=1)"}
{"level":30,"time":1781929569045,"pid":10116,"hostname":"Quang","name":"canary/loss-classifier","relayMinerId":"relay-under-audit","promoted":0,"absorbed":1,"tampers":0,"cumulativeCrossed":false,"msg":"canary divergences classified (drop gate / tamper p=1)"}
{"level":30,"time":1781929569045,"pid":10116,"hostname":"Quang","name":"canary/loss-classifier","relayMinerId":"relay-under-audit","promoted":0,"absorbed":1,"tampers":0,"cumulativeCrossed":false,"msg":"canary divergences classified (drop gate / tamper p=1)"}
{"level":30,"time":1781929569045,"pid":10116,"hostname":"Quang","name":"canary/loss-classifier","relayMinerId":"relay-under-audit","promoted":0,"absorbed":1,"tampers":0,"cumulativeCrossed":false,"msg":"canary divergences classified (drop gate / tamper p=1)"}
{"level":30,"time":1781929569045,"pid":10116,"hostname":"Quang","name":"canary/loss-classifier","relayMinerId":"relay-under-audit","promoted":0,"absorbed":1,"tampers":0,"cumulativeCrossed":false,"msg":"canary divergences classified (drop gate / tamper p=1)"}
{"level":30,"time":1781929569045,"pid":10116,"hostname":"Quang","name":"canary/loss-classifier","relayMinerId":"relay-under-audit","promoted":0,"absorbed":1,"tampers":0,"cumulativeCrossed":false,"msg":"canary divergences classified (drop gate / tamper p=1)"}
{"level":30,"time":1781929569045,"pid":10116,"hostname":"Quang","name":"canary/loss-classifier","relayMinerId":"relay-under-audit","promoted":0,"absorbed":1,"tampers":0,"cumulativeCrossed":false,"msg":"canary divergences classified (drop gate / tamper p=1)"}
{"level":30,"time":1781929569045,"pid":10116,"hostname":"Quang","name":"canary/loss-classifier","relayMinerId":"relay-under-audit","promoted":0,"absorbed":1,"tampers":0,"cumulativeCrossed":false,"msg":"canary divergences classified (drop gate / tamper p=1)"}
{"level":30,"time":1781929569045,"pid":10116,"hostname":"Quang","name":"canary/loss-classifier","relayMinerId":"relay-under-audit","promoted":0,"absorbed":1,"tampers":0,"cumulativeCrossed":false,"msg":"canary divergences classified (drop gate / tamper p=1)"}
{"level":30,"time":1781929569045,"pid":10116,"hostname":"Quang","name":"canary/loss-classifier","relayMinerId":"relay-under-audit","promoted":0,"absorbed":1,"tampers":0,"cumulativeCrossed":false,"msg":"canary divergences classified (drop gate / tamper p=1)"}
{"level":30,"time":1781929569045,"pid":10116,"hostname":"Quang","name":"canary/loss-classifier","relayMinerId":"relay-under-audit","promoted":0,"absorbed":1,"tampers":0,"cumulativeCrossed":false,"msg":"canary divergences classified (drop gate / tamper p=1)"}
{"level":30,"time":1781929569045,"pid":10116,"hostname":"Quang","name":"canary/loss-classifier","relayMinerId":"relay-under-audit","promoted":0,"absorbed":1,"tampers":0,"cumulativeCrossed":false,"msg":"canary divergences classified (drop gate / tamper p=1)"}
{"level":30,"time":1781929569045,"pid":10116,"hostname":"Quang","name":"canary/loss-classifier","relayMinerId":"relay-under-audit","promoted":0,"absorbed":1,"tampers":0,"cumulativeCrossed":false,"msg":"canary divergences classified (drop gate / tamper p=1)"}
{"level":30,"time":1781929569045,"pid":10116,"hostname":"Quang","name":"canary/loss-classifier","relayMinerId":"relay-under-audit","promoted":0,"absorbed":1,"tampers":0,"cumulativeCrossed":false,"msg":"canary divergences classified (drop gate / tamper p=1)"}
{"level":30,"time":1781929569045,"pid":10116,"hostname":"Quang","name":"canary/loss-classifier","relayMinerId":"relay-under-audit","promoted":0,"absorbed":1,"tampers":0,"cumulativeCrossed":false,"msg":"canary divergences classified (drop gate / tamper p=1)"}
{"level":30,"time":1781929569045,"pid":10116,"hostname":"Quang","name":"canary/loss-classifier","relayMinerId":"relay-under-audit","promoted":0,"absorbed":1,"tampers":0,"cumulativeCrossed":false,"msg":"canary divergences classified (drop gate / tamper p=1)"}
{"level":30,"time":1781929569045,"pid":10116,"hostname":"Quang","name":"canary/loss-classifier","relayMinerId":"relay-under-audit","promoted":0,"absorbed":1,"tampers":0,"cumulativeCrossed":false,"msg":"canary divergences classified (drop gate / tamper p=1)"}
{"level":30,"time":1781929569045,"pid":10116,"hostname":"Quang","name":"canary/loss-classifier","relayMinerId":"relay-under-audit","promoted":0,"absorbed":1,"tampers":0,"cumulativeCrossed":false,"msg":"canary divergences classified (drop gate / tamper p=1)"}
{"level":30,"time":1781929569045,"pid":10116,"hostname":"Quang","name":"canary/loss-classifier","relayMinerId":"relay-under-audit","promoted":0,"absorbed":1,"tampers":0,"cumulativeCrossed":false,"msg":"canary divergences classified (drop gate / tamper p=1)"}
{"level":30,"time":1781929569045,"pid":10116,"hostname":"Quang","name":"canary/loss-classifier","relayMinerId":"relay-under-audit","promoted":0,"absorbed":1,"tampers":0,"cumulativeCrossed":false,"msg":"canary divergences classified (drop gate / tamper p=1)"}
{"level":30,"time":1781929569045,"pid":10116,"hostname":"Quang","name":"canary/loss-classifier","relayMinerId":"relay-under-audit","promoted":0,"absorbed":1,"tampers":0,"cumulativeCrossed":false,"msg":"canary divergences classified (drop gate / tamper p=1)"}
{"level":30,"time":1781929569045,"pid":10116,"hostname":"Quang","name":"canary/loss-classifier","relayMinerId":"relay-under-audit","promoted":0,"absorbed":1,"tampers":0,"cumulativeCrossed":false,"msg":"canary divergences classified (drop gate / tamper p=1)"}
{"level":30,"time":1781929569045,"pid":10116,"hostname":"Quang","name":"canary/loss-classifier","relayMinerId":"relay-under-audit","promoted":0,"absorbed":1,"tampers":0,"cumulativeCrossed":false,"msg":"canary divergences classified (drop gate / tamper p=1)"}
{"level":30,"time":1781929569045,"pid":10116,"hostname":"Quang","name":"canary/loss-classifier","relayMinerId":"relay-under-audit","promoted":0,"absorbed":1,"tampers":0,"cumulativeCrossed":false,"msg":"canary divergences classified (drop gate / tamper p=1)"}
{"level":30,"time":1781929569045,"pid":10116,"hostname":"Quang","name":"canary/loss-classifier","relayMinerId":"relay-under-audit","promoted":0,"absorbed":1,"tampers":0,"cumulativeCrossed":false,"msg":"canary divergences classified (drop gate / tamper p=1)"}
{"level":30,"time":1781929569045,"pid":10116,"hostname":"Quang","name":"canary/loss-classifier","relayMinerId":"relay-under-audit","promoted":0,"absorbed":1,"tampers":0,"cumulativeCrossed":false,"msg":"canary divergences classified (drop gate / tamper p=1)"}
{"level":30,"time":1781929569045,"pid":10116,"hostname":"Quang","name":"canary/loss-classifier","relayMinerId":"relay-under-audit","promoted":0,"absorbed":1,"tampers":0,"cumulativeCrossed":false,"msg":"canary divergences classified (drop gate / tamper p=1)"}
{"level":30,"time":1781929569045,"pid":10116,"hostname":"Quang","name":"canary/loss-classifier","relayMinerId":"relay-under-audit","promoted":0,"absorbed":1,"tampers":0,"cumulativeCrossed":false,"msg":"canary divergences classified (drop gate / tamper p=1)"}
{"level":30,"time":1781929569045,"pid":10116,"hostname":"Quang","name":"canary/loss-classifier","relayMinerId":"relay-under-audit","promoted":0,"absorbed":1,"tampers":0,"cumulativeCrossed":false,"msg":"canary divergences classified (drop gate / tamper p=1)"}
{"level":30,"time":1781929569045,"pid":10116,"hostname":"Quang","name":"canary/loss-classifier","relayMinerId":"relay-under-audit","promoted":0,"absorbed":1,"tampers":0,"cumulativeCrossed":false,"msg":"canary divergences classified (drop gate / tamper p=1)"}
{"level":30,"time":1781929569045,"pid":10116,"hostname":"Quang","name":"canary/loss-classifier","relayMinerId":"relay-under-audit","promoted":0,"absorbed":1,"tampers":0,"cumulativeCrossed":false,"msg":"canary divergences classified (drop gate / tamper p=1)"}
{"level":30,"time":1781929569045,"pid":10116,"hostname":"Quang","name":"canary/loss-classifier","relayMinerId":"relay-under-audit","promoted":0,"absorbed":1,"tampers":0,"cumulativeCrossed":false,"msg":"canary divergences classified (drop gate / tamper p=1)"}
{"level":30,"time":1781929569045,"pid":10116,"hostname":"Quang","name":"canary/loss-classifier","relayMinerId":"relay-under-audit","promoted":0,"absorbed":1,"tampers":0,"cumulativeCrossed":false,"msg":"canary divergences classified (drop gate / tamper p=1)"}
{"level":30,"time":1781929569045,"pid":10116,"hostname":"Quang","name":"canary/loss-classifier","relayMinerId":"relay-under-audit","promoted":0,"absorbed":1,"tampers":0,"cumulativeCrossed":false,"msg":"canary divergences classified (drop gate / tamper p=1)"}
{"level":30,"time":1781929569045,"pid":10116,"hostname":"Quang","name":"canary/loss-classifier","relayMinerId":"relay-under-audit","promoted":0,"absorbed":1,"tampers":0,"cumulativeCrossed":false,"msg":"canary divergences classified (drop gate / tamper p=1)"}
{"level":30,"time":1781929569045,"pid":10116,"hostname":"Quang","name":"canary/loss-classifier","relayMinerId":"relay-under-audit","promoted":0,"absorbed":1,"tampers":0,"cumulativeCrossed":false,"msg":"canary divergences classified (drop gate / tamper p=1)"}
{"level":30,"time":1781929569045,"pid":10116,"hostname":"Quang","name":"canary/loss-classifier","relayMinerId":"relay-under-audit","promoted":0,"absorbed":1,"tampers":0,"cumulativeCrossed":false,"msg":"canary divergences classified (drop gate / tamper p=1)"}
{"level":30,"time":1781929569046,"pid":10116,"hostname":"Quang","name":"canary/loss-classifier","relayMinerId":"relay-under-audit","promoted":0,"absorbed":1,"tampers":0,"cumulativeCrossed":false,"msg":"canary divergences classified (drop gate / tamper p=1)"}
{"level":30,"time":1781929569046,"pid":10116,"hostname":"Quang","name":"canary/loss-classifier","relayMinerId":"relay-under-audit","promoted":0,"absorbed":1,"tampers":0,"cumulativeCrossed":false,"msg":"canary divergences classified (drop gate / tamper p=1)"}
{"level":30,"time":1781929569046,"pid":10116,"hostname":"Quang","name":"canary/loss-classifier","relayMinerId":"relay-under-audit","promoted":0,"absorbed":1,"tampers":0,"cumulativeCrossed":false,"msg":"canary divergences classified (drop gate / tamper p=1)"}
{"level":30,"time":1781929569046,"pid":10116,"hostname":"Quang","name":"canary/loss-classifier","relayMinerId":"relay-under-audit","promoted":0,"absorbed":1,"tampers":0,"cumulativeCrossed":false,"msg":"canary divergences classified (drop gate / tamper p=1)"}
{"level":30,"time":1781929569046,"pid":10116,"hostname":"Quang","name":"canary/loss-classifier","relayMinerId":"relay-under-audit","promoted":0,"absorbed":1,"tampers":0,"cumulativeCrossed":false,"msg":"canary divergences classified (drop gate / tamper p=1)"}
{"level":30,"time":1781929569046,"pid":10116,"hostname":"Quang","name":"canary/loss-classifier","relayMinerId":"relay-under-audit","promoted":0,"absorbed":1,"tampers":0,"cumulativeCrossed":false,"msg":"canary divergences classified (drop gate / tamper p=1)"}
{"level":30,"time":1781929569046,"pid":10116,"hostname":"Quang","name":"canary/loss-classifier","relayMinerId":"relay-under-audit","promoted":0,"absorbed":1,"tampers":0,"cumulativeCrossed":false,"msg":"canary divergences classified (drop gate / tamper p=1)"}
{"level":30,"time":1781929569046,"pid":10116,"hostname":"Quang","name":"canary/loss-classifier","relayMinerId":"relay-under-audit","promoted":0,"absorbed":1,"tampers":0,"cumulativeCrossed":false,"msg":"canary divergences classified (drop gate / tamper p=1)"}
{"level":30,"time":1781929569046,"pid":10116,"hostname":"Quang","name":"canary/loss-classifier","relayMinerId":"relay-under-audit","promoted":0,"absorbed":1,"tampers":0,"cumulativeCrossed":false,"msg":"canary divergences classified (drop gate / tamper p=1)"}
{"level":30,"time":1781929569046,"pid":10116,"hostname":"Quang","name":"canary/loss-classifier","relayMinerId":"relay-under-audit","promoted":0,"absorbed":1,"tampers":0,"cumulativeCrossed":false,"msg":"canary divergences classified (drop gate / tamper p=1)"}
{"level":30,"time":1781929569046,"pid":10116,"hostname":"Quang","name":"canary/loss-classifier","relayMinerId":"relay-under-audit","promoted":0,"absorbed":1,"tampers":0,"cumulativeCrossed":false,"msg":"canary divergences classified (drop gate / tamper p=1)"}
{"level":30,"time":1781929569046,"pid":10116,"hostname":"Quang","name":"canary/loss-classifier","relayMinerId":"relay-under-audit","promoted":0,"absorbed":1,"tampers":0,"cumulativeCrossed":false,"msg":"canary divergences classified (drop gate / tamper p=1)"}
{"level":30,"time":1781929569046,"pid":10116,"hostname":"Quang","name":"canary/loss-classifier","relayMinerId":"relay-under-audit","promoted":0,"absorbed":1,"tampers":0,"cumulativeCrossed":false,"msg":"canary divergences classified (drop gate / tamper p=1)"}
{"level":30,"time":1781929569046,"pid":10116,"hostname":"Quang","name":"canary/loss-classifier","relayMinerId":"relay-under-audit","promoted":0,"absorbed":1,"tampers":0,"cumulativeCrossed":false,"msg":"canary divergences classified (drop gate / tamper p=1)"}
{"level":30,"time":1781929569046,"pid":10116,"hostname":"Quang","name":"canary/loss-classifier","relayMinerId":"relay-under-audit","promoted":0,"absorbed":1,"tampers":0,"cumulativeCrossed":false,"msg":"canary divergences classified (drop gate / tamper p=1)"}
{"level":30,"time":1781929569046,"pid":10116,"hostname":"Quang","name":"canary/loss-classifier","relayMinerId":"relay-under-audit","promoted":0,"absorbed":1,"tampers":0,"cumulativeCrossed":false,"msg":"canary divergences classified (drop gate / tamper p=1)"}
{"level":30,"time":1781929569046,"pid":10116,"hostname":"Quang","name":"canary/loss-classifier","relayMinerId":"relay-under-audit","promoted":0,"absorbed":1,"tampers":0,"cumulativeCrossed":false,"msg":"canary divergences classified (drop gate / tamper p=1)"}
{"level":30,"time":1781929569046,"pid":10116,"hostname":"Quang","name":"canary/loss-classifier","relayMinerId":"relay-under-audit","promoted":0,"absorbed":1,"tampers":0,"cumulativeCrossed":false,"msg":"canary divergences classified (drop gate / tamper p=1)"}
{"level":30,"time":1781929569046,"pid":10116,"hostname":"Quang","name":"canary/loss-classifier","relayMinerId":"relay-under-audit","promoted":0,"absorbed":1,"tampers":0,"cumulativeCrossed":false,"msg":"canary divergences classified (drop gate / tamper p=1)"}
{"level":30,"time":1781929569046,"pid":10116,"hostname":"Quang","name":"canary/loss-classifier","relayMinerId":"relay-under-audit","promoted":0,"absorbed":1,"tampers":0,"cumulativeCrossed":false,"msg":"canary divergences classified (drop gate / tamper p=1)"}
{"level":30,"time":1781929569046,"pid":10116,"hostname":"Quang","name":"canary/loss-classifier","relayMinerId":"relay-under-audit","promoted":0,"absorbed":1,"tampers":0,"cumulativeCrossed":false,"msg":"canary divergences classified (drop gate / tamper p=1)"}
{"level":30,"time":1781929569046,"pid":10116,"hostname":"Quang","name":"canary/loss-classifier","relayMinerId":"relay-under-audit","promoted":0,"absorbed":1,"tampers":0,"cumulativeCrossed":false,"msg":"canary divergences classified (drop gate / tamper p=1)"}
{"level":30,"time":1781929569046,"pid":10116,"hostname":"Quang","name":"canary/loss-classifier","relayMinerId":"relay-under-audit","promoted":0,"absorbed":1,"tampers":0,"cumulativeCrossed":false,"msg":"canary divergences classified (drop gate / tamper p=1)"}
{"level":30,"time":1781929569046,"pid":10116,"hostname":"Quang","name":"canary/loss-classifier","relayMinerId":"relay-under-audit","promoted":0,"absorbed":1,"tampers":0,"cumulativeCrossed":false,"msg":"canary divergences classified (drop gate / tamper p=1)"}
{"level":30,"time":1781929569046,"pid":10116,"hostname":"Quang","name":"canary/loss-classifier","relayMinerId":"relay-under-audit","promoted":0,"absorbed":1,"tampers":0,"cumulativeCrossed":false,"msg":"canary divergences classified (drop gate / tamper p=1)"}
{"level":30,"time":1781929569046,"pid":10116,"hostname":"Quang","name":"canary/loss-classifier","relayMinerId":"relay-under-audit","promoted":0,"absorbed":1,"tampers":0,"cumulativeCrossed":false,"msg":"canary divergences classified (drop gate / tamper p=1)"}
{"level":30,"time":1781929569046,"pid":10116,"hostname":"Quang","name":"canary/loss-classifier","relayMinerId":"relay-under-audit","promoted":0,"absorbed":1,"tampers":0,"cumulativeCrossed":false,"msg":"canary divergences classified (drop gate / tamper p=1)"}
{"level":30,"time":1781929569046,"pid":10116,"hostname":"Quang","name":"canary/loss-classifier","relayMinerId":"relay-under-audit","promoted":0,"absorbed":1,"tampers":0,"cumulativeCrossed":false,"msg":"canary divergences classified (drop gate / tamper p=1)"}
{"level":30,"time":1781929569046,"pid":10116,"hostname":"Quang","name":"canary/loss-classifier","relayMinerId":"relay-under-audit","promoted":0,"absorbed":1,"tampers":0,"cumulativeCrossed":false,"msg":"canary divergences classified (drop gate / tamper p=1)"}
{"level":30,"time":1781929569046,"pid":10116,"hostname":"Quang","name":"canary/loss-classifier","relayMinerId":"relay-under-audit","promoted":0,"absorbed":1,"tampers":0,"cumulativeCrossed":false,"msg":"canary divergences classified (drop gate / tamper p=1)"}
{"level":30,"time":1781929569046,"pid":10116,"hostname":"Quang","name":"canary/loss-classifier","relayMinerId":"relay-under-audit","promoted":0,"absorbed":1,"tampers":0,"cumulativeCrossed":false,"msg":"canary divergences classified (drop gate / tamper p=1)"}
{"level":30,"time":1781929569046,"pid":10116,"hostname":"Quang","name":"canary/loss-classifier","relayMinerId":"relay-under-audit","promoted":0,"absorbed":1,"tampers":0,"cumulativeCrossed":false,"msg":"canary divergences classified (drop gate / tamper p=1)"}
{"level":30,"time":1781929569046,"pid":10116,"hostname":"Quang","name":"canary/loss-classifier","relayMinerId":"relay-under-audit","promoted":0,"absorbed":1,"tampers":0,"cumulativeCrossed":false,"msg":"canary divergences classified (drop gate / tamper p=1)"}
{"level":30,"time":1781929569046,"pid":10116,"hostname":"Quang","name":"canary/loss-classifier","relayMinerId":"relay-under-audit","promoted":0,"absorbed":1,"tampers":0,"cumulativeCrossed":false,"msg":"canary divergences classified (drop gate / tamper p=1)"}
{"level":30,"time":1781929569046,"pid":10116,"hostname":"Quang","name":"canary/loss-classifier","relayMinerId":"relay-under-audit","promoted":0,"absorbed":1,"tampers":0,"cumulativeCrossed":false,"msg":"canary divergences classified (drop gate / tamper p=1)"}
{"level":30,"time":1781929569046,"pid":10116,"hostname":"Quang","name":"canary/loss-classifier","relayMinerId":"relay-under-audit","promoted":0,"absorbed":1,"tampers":0,"cumulativeCrossed":false,"msg":"canary divergences classified (drop gate / tamper p=1)"}
{"level":30,"time":1781929569046,"pid":10116,"hostname":"Quang","name":"canary/loss-classifier","relayMinerId":"relay-under-audit","promoted":0,"absorbed":1,"tampers":0,"cumulativeCrossed":false,"msg":"canary divergences classified (drop gate / tamper p=1)"}
{"level":30,"time":1781929569048,"pid":10116,"hostname":"Quang","name":"canary/loss-classifier","relayMinerId":"relay-under-audit","promoted":0,"absorbed":1,"tampers":0,"cumulativeCrossed":false,"msg":"canary divergences classified (drop gate / tamper p=1)"}
{"level":30,"time":1781929569048,"pid":10116,"hostname":"Quang","name":"canary/loss-classifier","relayMinerId":"relay-under-audit","promoted":0,"absorbed":1,"tampers":0,"cumulativeCrossed":false,"msg":"canary divergences classified (drop gate / tamper p=1)"}
{"level":30,"time":1781929569048,"pid":10116,"hostname":"Quang","name":"canary/loss-classifier","relayMinerId":"relay-under-audit","promoted":0,"absorbed":1,"tampers":0,"cumulativeCrossed":false,"msg":"canary divergences classified (drop gate / tamper p=1)"}
{"level":30,"time":1781929569048,"pid":10116,"hostname":"Quang","name":"canary/loss-classifier","relayMinerId":"relay-under-audit","promoted":0,"absorbed":1,"tampers":0,"cumulativeCrossed":false,"msg":"canary divergences classified (drop gate / tamper p=1)"}
{"level":30,"time":1781929569048,"pid":10116,"hostname":"Quang","name":"canary/loss-classifier","relayMinerId":"relay-under-audit","promoted":0,"absorbed":1,"tampers":0,"cumulativeCrossed":false,"msg":"canary divergences classified (drop gate / tamper p=1)"}
{"level":30,"time":1781929569048,"pid":10116,"hostname":"Quang","name":"canary/loss-classifier","relayMinerId":"relay-under-audit","promoted":0,"absorbed":1,"tampers":0,"cumulativeCrossed":false,"msg":"canary divergences classified (drop gate / tamper p=1)"}
{"level":30,"time":1781929569048,"pid":10116,"hostname":"Quang","name":"canary/loss-classifier","relayMinerId":"relay-under-audit","promoted":0,"absorbed":1,"tampers":0,"cumulativeCrossed":false,"msg":"canary divergences classified (drop gate / tamper p=1)"}
{"level":30,"time":1781929569048,"pid":10116,"hostname":"Quang","name":"canary/loss-classifier","relayMinerId":"relay-under-audit","promoted":0,"absorbed":1,"tampers":0,"cumulativeCrossed":false,"msg":"canary divergences classified (drop gate / tamper p=1)"}
{"level":30,"time":1781929569048,"pid":10116,"hostname":"Quang","name":"canary/loss-classifier","relayMinerId":"relay-under-audit","promoted":0,"absorbed":1,"tampers":0,"cumulativeCrossed":false,"msg":"canary divergences classified (drop gate / tamper p=1)"}
{"level":30,"time":1781929569048,"pid":10116,"hostname":"Quang","name":"canary/loss-classifier","relayMinerId":"relay-under-audit","promoted":0,"absorbed":1,"tampers":0,"cumulativeCrossed":false,"msg":"canary divergences classified (drop gate / tamper p=1)"}
{"level":30,"time":1781929569048,"pid":10116,"hostname":"Quang","name":"canary/loss-classifier","relayMinerId":"relay-under-audit","promoted":0,"absorbed":1,"tampers":0,"cumulativeCrossed":false,"msg":"canary divergences classified (drop gate / tamper p=1)"}
{"level":30,"time":1781929569048,"pid":10116,"hostname":"Quang","name":"canary/loss-classifier","relayMinerId":"relay-under-audit","promoted":0,"absorbed":1,"tampers":0,"cumulativeCrossed":false,"msg":"canary divergences classified (drop gate / tamper p=1)"}
{"level":30,"time":1781929569048,"pid":10116,"hostname":"Quang","name":"canary/loss-classifier","relayMinerId":"relay-under-audit","promoted":0,"absorbed":1,"tampers":0,"cumulativeCrossed":false,"msg":"canary divergences classified (drop gate / tamper p=1)"}
{"level":30,"time":1781929569048,"pid":10116,"hostname":"Quang","name":"canary/loss-classifier","relayMinerId":"relay-under-audit","promoted":0,"absorbed":1,"tampers":0,"cumulativeCrossed":false,"msg":"canary divergences classified (drop gate / tamper p=1)"}
{"level":30,"time":1781929569048,"pid":10116,"hostname":"Quang","name":"canary/loss-classifier","relayMinerId":"relay-under-audit","promoted":0,"absorbed":1,"tampers":0,"cumulativeCrossed":false,"msg":"canary divergences classified (drop gate / tamper p=1)"}
{"level":30,"time":1781929569048,"pid":10116,"hostname":"Quang","name":"canary/loss-classifier","relayMinerId":"relay-under-audit","promoted":0,"absorbed":1,"tampers":0,"cumulativeCrossed":false,"msg":"canary divergences classified (drop gate / tamper p=1)"}
{"level":30,"time":1781929569048,"pid":10116,"hostname":"Quang","name":"canary/loss-classifier","relayMinerId":"relay-under-audit","promoted":0,"absorbed":1,"tampers":0,"cumulativeCrossed":false,"msg":"canary divergences classified (drop gate / tamper p=1)"}
{"level":30,"time":1781929569048,"pid":10116,"hostname":"Quang","name":"canary/loss-classifier","relayMinerId":"relay-under-audit","promoted":0,"absorbed":1,"tampers":0,"cumulativeCrossed":false,"msg":"canary divergences classified (drop gate / tamper p=1)"}
{"level":30,"time":1781929569048,"pid":10116,"hostname":"Quang","name":"canary/loss-classifier","relayMinerId":"relay-under-audit","promoted":0,"absorbed":1,"tampers":0,"cumulativeCrossed":false,"msg":"canary divergences classified (drop gate / tamper p=1)"}
{"level":30,"time":1781929569048,"pid":10116,"hostname":"Quang","name":"canary/loss-classifier","relayMinerId":"relay-under-audit","promoted":0,"absorbed":1,"tampers":0,"cumulativeCrossed":false,"msg":"canary divergences classified (drop gate / tamper p=1)"}
{"level":30,"time":1781929569048,"pid":10116,"hostname":"Quang","name":"canary/loss-classifier","relayMinerId":"relay-under-audit","promoted":0,"absorbed":1,"tampers":0,"cumulativeCrossed":false,"msg":"canary divergences classified (drop gate / tamper p=1)"}
{"level":30,"time":1781929569049,"pid":10116,"hostname":"Quang","name":"canary/loss-classifier","relayMinerId":"relay-under-audit","promoted":1,"absorbed":0,"tampers":1,"cumulativeCrossed":false,"msg":"canary divergences classified (drop gate / tamper p=1)"}
 [32m✓[39m src/canary/__tests__/cell-salt.test.ts [2m([22m[2m5 tests[22m[2m)[22m[32m 35[2mms[22m[39m
 [32m✓[39m src/canary/__tests__/validator-pool.test.ts [2m([22m[2m6 tests[22m[2m)[22m[32m 34[2mms[22m[39m
{"level":40,"time":1781929569056,"pid":35108,"hostname":"Quang","name":"test/validator-discovery","target":"0x0000000000000000000000000000000000000000000000000000000000000099::validator_registry::get_active_validators","err":"MoveAbort(...)","msg":"validator discovery devInspect error — falling back to self-only"}
{"level":40,"time":1781929569058,"pid":35108,"hostname":"Quang","name":"test/validator-discovery","target":"0x0000000000000000000000000000000000000000000000000000000000000099::validator_registry::get_active_validators","msg":"validator discovery devInspect returned no values — falling back to self-only"}
{"level":40,"time":1781929569059,"pid":35108,"hostname":"Quang","name":"test/validator-discovery","target":"0x0000000000000000000000000000000000000000000000000000000000000099::validator_registry::get_active_validators","err":{"type":"Error","message":"RPC unreachable","stack":"Error: RPC unreachable\n    at Object.devInspectTransactionBlock (C:\\Thesis\\dvconf\\dvconf-daemons\\apps\\validator-daemon\\src\\canary\\__tests__\\validator-discovery.test.ts:78:13)\n    at discoverActiveValidatorMinerIds (C:\\Thesis\\dvconf\\dvconf-daemons\\apps\\validator-daemon\\src\\canary\\validator-discovery.ts:82:29)\n    at C:\\Thesis\\dvconf\\dvconf-daemons\\apps\\validator-daemon\\src\\canary\\__tests__\\validator-discovery.test.ts:130:23\n    at file:///C:/Thesis/dvconf/dvconf-daemons/node_modules/.pnpm/@vitest+runner@3.2.4/node_modules/@vitest/runner/dist/chunk-hooks.js:155:11\n    at file:///C:/Thesis/dvconf/dvconf-daemons/node_modules/.pnpm/@vitest+runner@3.2.4/node_modules/@vitest/runner/dist/chunk-hooks.js:752:26\n    at file:///C:/Thesis/dvconf/dvconf-daemons/node_modules/.pnpm/@vitest+runner@3.2.4/node_modules/@vitest/runner/dist/chunk-hooks.js:1897:20\n    at new Promise (<anonymous>)\n    at runWithTimeout (file:///C:/Thesis/dvconf/dvconf-daemons/node_modules/.pnpm/@vitest+runner@3.2.4/node_modules/@vitest/runner/dist/chunk-hooks.js:1863:10)\n    at runTest (file:///C:/Thesis/dvconf/dvconf-daemons/node_modules/.pnpm/@vitest+runner@3.2.4/node_modules/@vitest/runner/dist/chunk-hooks.js:1574:12)\n    at processTicksAndRejections (node:internal/process/task_queues:95:5)"},"msg":"validator discovery failed — falling back to self-only"}
 [32m✓[39m src/canary/__tests__/loss-classifier.test.ts [2m([22m[2m13 tests[22m[2m)[22m[32m 23[2mms[22m[39m
 [32m✓[39m src/canary/__tests__/cell.test.ts [2m([22m[2m9 tests[22m[2m)[22m[32m 41[2mms[22m[39m
 [32m✓[39m src/canary/__tests__/validator-discovery.test.ts [2m([22m[2m7 tests[22m[2m)[22m[32m 27[2mms[22m[39m
{"level":30,"time":1781929569137,"pid":13164,"hostname":"Quang","name":"canary/proof","roomId":"0x1111111111111111111111111111111111111111111111111111111111111111","relayMinerId":"0x2222222222222222222222222222222222222222222222222222222222222222","canaryId":7,"frameSeq":42,"drop":false,"attesters":2,"msg":"canary proof-of-divergence built (Wallet-B only)"}
{"level":30,"time":1781929569151,"pid":13164,"hostname":"Quang","name":"canary/proof","roomId":"0x1111111111111111111111111111111111111111111111111111111111111111","relayMinerId":"0x2222222222222222222222222222222222222222222222222222222222222222","canaryId":7,"frameSeq":42,"drop":false,"attesters":2,"msg":"canary proof-of-divergence built (Wallet-B only)"}
{"level":30,"time":1781929569183,"pid":13164,"hostname":"Quang","name":"canary/proof","roomId":"0x1111111111111111111111111111111111111111111111111111111111111111","relayMinerId":"0x2222222222222222222222222222222222222222222222222222222222222222","canaryId":7,"frameSeq":42,"drop":false,"attesters":2,"msg":"canary proof-of-divergence built (Wallet-B only)"}
{"level":30,"time":1781929569191,"pid":13164,"hostname":"Quang","name":"canary/proof","roomId":"0x1111111111111111111111111111111111111111111111111111111111111111","relayMinerId":"0x2222222222222222222222222222222222222222222222222222222222222222","canaryId":7,"frameSeq":42,"drop":false,"attesters":2,"msg":"canary proof-of-divergence built (Wallet-B only)"}
{"level":30,"time":1781929569200,"pid":13164,"hostname":"Quang","name":"canary/proof","roomId":"0x1111111111111111111111111111111111111111111111111111111111111111","relayMinerId":"0x2222222222222222222222222222222222222222222222222222222222222222","canaryId":7,"frameSeq":42,"drop":true,"attesters":2,"msg":"canary proof-of-divergence built (Wallet-B only)"}
{"level":30,"time":1781929569227,"pid":13164,"hostname":"Quang","name":"canary/proof","roomId":"0x1111111111111111111111111111111111111111111111111111111111111111","relayMinerId":"0x2222222222222222222222222222222222222222222222222222222222222222","canaryId":7,"frameSeq":42,"drop":false,"attesters":2,"msg":"canary proof-of-divergence built (Wallet-B only)"}
{"level":30,"time":1781929569235,"pid":13164,"hostname":"Quang","name":"canary/proof","roomId":"0x1111111111111111111111111111111111111111111111111111111111111111","relayMinerId":"0x2222222222222222222222222222222222222222222222222222222222222222","canaryId":7,"frameSeq":42,"drop":true,"attesters":2,"msg":"canary proof-of-divergence built (Wallet-B only)"}
 [32m✓[39m src/canary/__tests__/proof.test.ts [2m([22m[2m12 tests[22m[2m)[22m[32m 222[2mms[22m[39m
[90mstdout[2m | src/canary/__tests__/keying.test.ts[2m > [22m[2mREQ-CFA-001 deriveCanaryKey — PathC salt-mix equivalence[2m > [22m[2m(a) deriveCanaryKey returns an AES-GCM CryptoKey usable by encryptFrame
[22m[39m{"timestamp":"2026-06-20T04:26:09.455Z","level":"INFO","source":"frontend","module":"webrtc/sframe-transform","message":"encrypted frame","context":{"kid":42,"ctr":0,"byteLength":69,"codecOffset":10}}

 [32m✓[39m src/canary/__tests__/keying.test.ts [2m([22m[2m6 tests[22m[2m)[22m[32m 41[2mms[22m[39m
 [32m✓[39m src/__tests__/index.test.ts [2m([22m[2m12 tests[22m[2m)[22m[32m 91[2mms[22m[39m
[90mstdout[2m | src/canary/__tests__/publisher.test.ts[2m > [22m[2mREQ-CFA-002 CanaryPublisher.produce — DRY byte-equality with the verifier[2m > [22m[2m(a) produced frames EQUAL the verifier-recomputed expected set (DRY, no re-implementation)
[22m[39m{"timestamp":"2026-06-20T04:26:09.599Z","level":"INFO","source":"frontend","module":"webrtc/sframe-transform","message":"encrypted frame","context":{"kid":7,"ctr":0,"byteLength":62,"codecOffset":10}}

[90mstdout[2m | src/canary/__tests__/publisher.test.ts[2m > [22m[2mREQ-CFA-002 CanaryPublisher.produce — DRY byte-equality with the verifier[2m > [22m[2m(a) produced frames EQUAL the verifier-recomputed expected set (DRY, no re-implementation)
[22m[39m{"timestamp":"2026-06-20T04:26:09.603Z","level":"INFO","source":"frontend","module":"webrtc/sframe-transform","message":"encrypted frame","context":{"kid":7,"ctr":1,"byteLength":62,"codecOffset":10}}

[90mstdout[2m | src/canary/__tests__/publisher.test.ts[2m > [22m[2mREQ-CFA-002 CanaryPublisher.produce — DRY byte-equality with the verifier[2m > [22m[2m(a) produced frames EQUAL the verifier-recomputed expected set (DRY, no re-implementation)
[22m[39m{"timestamp":"2026-06-20T04:26:09.605Z","level":"INFO","source":"frontend","module":"webrtc/sframe-transform","message":"encrypted frame","context":{"kid":7,"ctr":2,"byteLength":62,"codecOffset":10}}

[90mstdout[2m | src/canary/__tests__/publisher.test.ts[2m > [22m[2mREQ-CFA-002 CanaryPublisher.produce — DRY byte-equality with the verifier[2m > [22m[2m(a) produced frames EQUAL the verifier-recomputed expected set (DRY, no re-implementation)
[22m[39m{"timestamp":"2026-06-20T04:26:09.606Z","level":"INFO","source":"frontend","module":"webrtc/sframe-transform","message":"encrypted frame","context":{"kid":7,"ctr":3,"byteLength":62,"codecOffset":10}}

[90mstdout[2m | src/canary/__tests__/publisher.test.ts[2m > [22m[2mREQ-CFA-002 CanaryPublisher.produce — DRY byte-equality with the verifier[2m > [22m[2m(a) produced frames EQUAL the verifier-recomputed expected set (DRY, no re-implementation)
[22m[39m{"timestamp":"2026-06-20T04:26:09.608Z","level":"INFO","source":"frontend","module":"webrtc/sframe-transform","message":"encrypted frame","context":{"kid":7,"ctr":4,"byteLength":62,"codecOffset":10}}

[90mstdout[2m | src/canary/__tests__/publisher.test.ts[2m > [22m[2mREQ-CFA-002 CanaryPublisher.produce — DRY byte-equality with the verifier[2m > [22m[2m(a) produced frames EQUAL the verifier-recomputed expected set (DRY, no re-implementation)
[22m[39m{"timestamp":"2026-06-20T04:26:09.609Z","level":"INFO","source":"frontend","module":"webrtc/sframe-transform","message":"encrypted frame","context":{"kid":7,"ctr":5,"byteLength":62,"codecOffset":10}}

[90mstdout[2m | src/canary/__tests__/publisher.test.ts[2m > [22m[2mREQ-CFA-002 CanaryPublisher.produce — DRY byte-equality with the verifier[2m > [22m[2m(a) produced frames EQUAL the verifier-recomputed expected set (DRY, no re-implementation)
[22m[39m{"timestamp":"2026-06-20T04:26:09.611Z","level":"INFO","source":"frontend","module":"webrtc/sframe-transform","message":"encrypted frame","context":{"kid":7,"ctr":0,"byteLength":62,"codecOffset":10}}

[90mstdout[2m | src/canary/__tests__/publisher.test.ts[2m > [22m[2mREQ-CFA-002 CanaryPublisher.produce — DRY byte-equality with the verifier[2m > [22m[2m(a) produced frames EQUAL the verifier-recomputed expected set (DRY, no re-implementation)
[22m[39m{"timestamp":"2026-06-20T04:26:09.612Z","level":"INFO","source":"frontend","module":"webrtc/sframe-transform","message":"encrypted frame","context":{"kid":7,"ctr":1,"byteLength":62,"codecOffset":10}}

[90mstdout[2m | src/canary/__tests__/publisher.test.ts[2m > [22m[2mREQ-CFA-002 CanaryPublisher.produce — DRY byte-equality with the verifier[2m > [22m[2m(a) produced frames EQUAL the verifier-recomputed expected set (DRY, no re-implementation)
[22m[39m{"timestamp":"2026-06-20T04:26:09.614Z","level":"INFO","source":"frontend","module":"webrtc/sframe-transform","message":"encrypted frame","context":{"kid":7,"ctr":2,"byteLength":62,"codecOffset":10}}

[90mstdout[2m | src/canary/__tests__/publisher.test.ts[2m > [22m[2mREQ-CFA-002 CanaryPublisher.produce — DRY byte-equality with the verifier[2m > [22m[2m(a) produced frames EQUAL the verifier-recomputed expected set (DRY, no re-implementation)
[22m[39m{"timestamp":"2026-06-20T04:26:09.615Z","level":"INFO","source":"frontend","module":"webrtc/sframe-transform","message":"encrypted frame","context":{"kid":7,"ctr":3,"byteLength":62,"codecOffset":10}}

[90mstdout[2m | src/canary/__tests__/publisher.test.ts[2m > [22m[2mREQ-CFA-002 CanaryPublisher.produce — DRY byte-equality with the verifier[2m > [22m[2m(a) produced frames EQUAL the verifier-recomputed expected set (DRY, no re-implementation)
[22m[39m{"timestamp":"2026-06-20T04:26:09.617Z","level":"INFO","source":"frontend","module":"webrtc/sframe-transform","message":"encrypted frame","context":{"kid":7,"ctr":4,"byteLength":62,"codecOffset":10}}

[90mstdout[2m | src/canary/__tests__/publisher.test.ts[2m > [22m[2mREQ-CFA-002 CanaryPublisher.produce — DRY byte-equality with the verifier[2m > [22m[2m(a) produced frames EQUAL the verifier-recomputed expected set (DRY, no re-implementation)
[22m[39m{"timestamp":"2026-06-20T04:26:09.618Z","level":"INFO","source":"frontend","module":"webrtc/sframe-transform","message":"encrypted frame","context":{"kid":7,"ctr":5,"byteLength":62,"codecOffset":10}}

[90mstdout[2m | src/canary/__tests__/publisher.test.ts[2m > [22m[2mREQ-CFA-002 CanaryPublisher.produce — DRY byte-equality with the verifier[2m > [22m[2m(a) every produced frame carries the real partial-SFrame layout (config 0x01 trailer, fixed length, kid+ctr)
[22m[39m{"timestamp":"2026-06-20T04:26:09.621Z","level":"INFO","source":"frontend","module":"webrtc/sframe-transform","message":"encrypted frame","context":{"kid":7,"ctr":0,"byteLength":62,"codecOffset":10}}

[90mstdout[2m | src/canary/__tests__/publisher.test.ts[2m > [22m[2mREQ-CFA-002 CanaryPublisher.produce — DRY byte-equality with the verifier[2m > [22m[2m(a) every produced frame carries the real partial-SFrame layout (config 0x01 trailer, fixed length, kid+ctr)
[22m[39m{"timestamp":"2026-06-20T04:26:09.622Z","level":"INFO","source":"frontend","module":"webrtc/sframe-transform","message":"encrypted frame","context":{"kid":7,"ctr":1,"byteLength":62,"codecOffset":10}}

[90mstdout[2m | src/canary/__tests__/publisher.test.ts[2m > [22m[2mREQ-CFA-002 CanaryPublisher.produce — DRY byte-equality with the verifier[2m > [22m[2m(a) every produced frame carries the real partial-SFrame layout (config 0x01 trailer, fixed length, kid+ctr)
[22m[39m{"timestamp":"2026-06-20T04:26:09.623Z","level":"INFO","source":"frontend","module":"webrtc/sframe-transform","message":"encrypted frame","context":{"kid":7,"ctr":2,"byteLength":62,"codecOffset":10}}

[90mstdout[2m | src/canary/__tests__/publisher.test.ts[2m > [22m[2mREQ-CFA-002 CanaryPublisher.produce — DRY byte-equality with the verifier[2m > [22m[2m(a) every produced frame carries the real partial-SFrame layout (config 0x01 trailer, fixed length, kid+ctr)
[22m[39m{"timestamp":"2026-06-20T04:26:09.624Z","level":"INFO","source":"frontend","module":"webrtc/sframe-transform","message":"encrypted frame","context":{"kid":7,"ctr":3,"byteLength":62,"codecOffset":10}}

[90mstdout[2m | src/canary/__tests__/publisher.test.ts[2m > [22m[2mREQ-CFA-002 CanaryPublisher.produce — DRY byte-equality with the verifier[2m > [22m[2m(a) every produced frame carries the real partial-SFrame layout (config 0x01 trailer, fixed length, kid+ctr)
[22m[39m{"timestamp":"2026-06-20T04:26:09.625Z","level":"INFO","source":"frontend","module":"webrtc/sframe-transform","message":"encrypted frame","context":{"kid":7,"ctr":4,"byteLength":62,"codecOffset":10}}

[90mstdout[2m | src/canary/__tests__/publisher.test.ts[2m > [22m[2mREQ-CFA-002 CanaryPublisher.produce — DRY byte-equality with the verifier[2m > [22m[2m(a) every produced frame carries the real partial-SFrame layout (config 0x01 trailer, fixed length, kid+ctr)
[22m[39m{"timestamp":"2026-06-20T04:26:09.626Z","level":"INFO","source":"frontend","module":"webrtc/sframe-transform","message":"encrypted frame","context":{"kid":7,"ctr":5,"byteLength":62,"codecOffset":10}}

[90mstdout[2m | src/canary/__tests__/publisher.test.ts[2m > [22m[2mREQ-CFA-002 CanaryPublisher.produce — DRY byte-equality with the verifier[2m > [22m[2m(a) SELF-FORWARD: publisher output fed to verifyForwardedCanary ⇒ byteIdentical==mediaPackets, 0 divergences
[22m[39m{"timestamp":"2026-06-20T04:26:09.629Z","level":"INFO","source":"frontend","module":"webrtc/sframe-transform","message":"encrypted frame","context":{"kid":7,"ctr":0,"byteLength":62,"codecOffset":10}}

[90mstdout[2m | src/canary/__tests__/publisher.test.ts[2m > [22m[2mREQ-CFA-002 CanaryPublisher.produce — DRY byte-equality with the verifier[2m > [22m[2m(a) SELF-FORWARD: publisher output fed to verifyForwardedCanary ⇒ byteIdentical==mediaPackets, 0 divergences
[22m[39m{"timestamp":"2026-06-20T04:26:09.629Z","level":"INFO","source":"frontend","module":"webrtc/sframe-transform","message":"encrypted frame","context":{"kid":7,"ctr":1,"byteLength":62,"codecOffset":10}}

[90mstdout[2m | src/canary/__tests__/publisher.test.ts[2m > [22m[2mREQ-CFA-002 CanaryPublisher.produce — DRY byte-equality with the verifier[2m > [22m[2m(a) SELF-FORWARD: publisher output fed to verifyForwardedCanary ⇒ byteIdentical==mediaPackets, 0 divergences
[22m[39m{"timestamp":"2026-06-20T04:26:09.630Z","level":"INFO","source":"frontend","module":"webrtc/sframe-transform","message":"encrypted frame","context":{"kid":7,"ctr":2,"byteLength":62,"codecOffset":10}}

[90mstdout[2m | src/canary/__tests__/publisher.test.ts[2m > [22m[2mREQ-CFA-002 CanaryPublisher.produce — DRY byte-equality with the verifier[2m > [22m[2m(a) SELF-FORWARD: publisher output fed to verifyForwardedCanary ⇒ byteIdentical==mediaPackets, 0 divergences
[22m[39m{"timestamp":"2026-06-20T04:26:09.631Z","level":"INFO","source":"frontend","module":"webrtc/sframe-transform","message":"encrypted frame","context":{"kid":7,"ctr":3,"byteLength":62,"codecOffset":10}}

[90mstdout[2m | src/canary/__tests__/publisher.test.ts[2m > [22m[2mREQ-CFA-002 CanaryPublisher.produce — DRY byte-equality with the verifier[2m > [22m[2m(a) SELF-FORWARD: publisher output fed to verifyForwardedCanary ⇒ byteIdentical==mediaPackets, 0 divergences
[22m[39m{"timestamp":"2026-06-20T04:26:09.631Z","level":"INFO","source":"frontend","module":"webrtc/sframe-transform","message":"encrypted frame","context":{"kid":7,"ctr":4,"byteLength":62,"codecOffset":10}}

[90mstdout[2m | src/canary/__tests__/publisher.test.ts[2m > [22m[2mREQ-CFA-002 CanaryPublisher.produce — DRY byte-equality with the verifier[2m > [22m[2m(a) SELF-FORWARD: publisher output fed to verifyForwardedCanary ⇒ byteIdentical==mediaPackets, 0 divergences
[22m[39m{"timestamp":"2026-06-20T04:26:09.632Z","level":"INFO","source":"frontend","module":"webrtc/sframe-transform","message":"encrypted frame","context":{"kid":7,"ctr":5,"byteLength":62,"codecOffset":10}}

[90mstdout[2m | src/canary/__tests__/publisher.test.ts[2m > [22m[2mREQ-CFA-002 CanaryPublisher.produce — DRY byte-equality with the verifier[2m > [22m[2m(a) SELF-FORWARD: publisher output fed to verifyForwardedCanary ⇒ byteIdentical==mediaPackets, 0 divergences
[22m[39m{"timestamp":"2026-06-20T04:26:09.633Z","level":"INFO","source":"frontend","module":"webrtc/sframe-transform","message":"encrypted frame","context":{"kid":7,"ctr":0,"byteLength":62,"codecOffset":10}}

[90mstdout[2m | src/canary/__tests__/publisher.test.ts[2m > [22m[2mREQ-CFA-002 CanaryPublisher.produce — DRY byte-equality with the verifier[2m > [22m[2m(a) SELF-FORWARD: publisher output fed to verifyForwardedCanary ⇒ byteIdentical==mediaPackets, 0 divergences
[22m[39m{"timestamp":"2026-06-20T04:26:09.634Z","level":"INFO","source":"frontend","module":"webrtc/sframe-transform","message":"encrypted frame","context":{"kid":7,"ctr":1,"byteLength":62,"codecOffset":10}}

[90mstdout[2m | src/canary/__tests__/publisher.test.ts[2m > [22m[2mREQ-CFA-002 CanaryPublisher.produce — DRY byte-equality with the verifier[2m > [22m[2m(a) SELF-FORWARD: publisher output fed to verifyForwardedCanary ⇒ byteIdentical==mediaPackets, 0 divergences
[22m[39m{"timestamp":"2026-06-20T04:26:09.634Z","level":"INFO","source":"frontend","module":"webrtc/sframe-transform","message":"encrypted frame","context":{"kid":7,"ctr":2,"byteLength":62,"codecOffset":10}}

[90mstdout[2m | src/canary/__tests__/publisher.test.ts[2m > [22m[2mREQ-CFA-002 CanaryPublisher.produce — DRY byte-equality with the verifier[2m > [22m[2m(a) SELF-FORWARD: publisher output fed to verifyForwardedCanary ⇒ byteIdentical==mediaPackets, 0 divergences
[22m[39m{"timestamp":"2026-06-20T04:26:09.635Z","level":"INFO","source":"frontend","module":"webrtc/sframe-transform","message":"encrypted frame","context":{"kid":7,"ctr":3,"byteLength":62,"codecOffset":10}}

[90mstdout[2m | src/canary/__tests__/publisher.test.ts[2m > [22m[2mREQ-CFA-002 CanaryPublisher.produce — DRY byte-equality with the verifier[2m > [22m[2m(a) SELF-FORWARD: publisher output fed to verifyForwardedCanary ⇒ byteIdentical==mediaPackets, 0 divergences
[22m[39m{"timestamp":"2026-06-20T04:26:09.636Z","level":"INFO","source":"frontend","module":"webrtc/sframe-transform","message":"encrypted frame","context":{"kid":7,"ctr":4,"byteLength":62,"codecOffset":10}}

[90mstdout[2m | src/canary/__tests__/publisher.test.ts[2m > [22m[2mREQ-CFA-002 CanaryPublisher.produce — DRY byte-equality with the verifier[2m > [22m[2m(a) SELF-FORWARD: publisher output fed to verifyForwardedCanary ⇒ byteIdentical==mediaPackets, 0 divergences
[22m[39m{"timestamp":"2026-06-20T04:26:09.636Z","level":"INFO","source":"frontend","module":"webrtc/sframe-transform","message":"encrypted frame","context":{"kid":7,"ctr":5,"byteLength":62,"codecOffset":10}}

{"level":30,"time":1781929569637,"pid":34428,"hostname":"Quang","name":"canary/verifier","canaryKid":7,"mediaPackets":6,"byteIdentical":6,"divergences":0,"msg":"canary forwarding verified"}
[90mstdout[2m | src/canary/__tests__/publisher.test.ts[2m > [22m[2mREQ-CFA-002 CanaryPublisher.publish — covert no-password join + media-plane emission[2m > [22m[2m(b) joins via the NO-PASSWORD path (no roster broadcast) and emits every produced frame
[22m[39m{"timestamp":"2026-06-20T04:26:09.639Z","level":"INFO","source":"frontend","module":"webrtc/sframe-transform","message":"encrypted frame","context":{"kid":7,"ctr":0,"byteLength":62,"codecOffset":10}}

[90mstdout[2m | src/canary/__tests__/publisher.test.ts[2m > [22m[2mREQ-CFA-002 CanaryPublisher.publish — covert no-password join + media-plane emission[2m > [22m[2m(b) joins via the NO-PASSWORD path (no roster broadcast) and emits every produced frame
[22m[39m{"timestamp":"2026-06-20T04:26:09.640Z","level":"INFO","source":"frontend","module":"webrtc/sframe-transform","message":"encrypted frame","context":{"kid":7,"ctr":1,"byteLength":62,"codecOffset":10}}

[90mstdout[2m | src/canary/__tests__/publisher.test.ts[2m > [22m[2mREQ-CFA-002 CanaryPublisher.publish — covert no-password join + media-plane emission[2m > [22m[2m(b) joins via the NO-PASSWORD path (no roster broadcast) and emits every produced frame
[22m[39m{"timestamp":"2026-06-20T04:26:09.641Z","level":"INFO","source":"frontend","module":"webrtc/sframe-transform","message":"encrypted frame","context":{"kid":7,"ctr":2,"byteLength":62,"codecOffset":10}}

[90mstdout[2m | src/canary/__tests__/publisher.test.ts[2m > [22m[2mREQ-CFA-002 CanaryPublisher.publish — covert no-password join + media-plane emission[2m > [22m[2m(b) joins via the NO-PASSWORD path (no roster broadcast) and emits every produced frame
[22m[39m{"timestamp":"2026-06-20T04:26:09.642Z","level":"INFO","source":"frontend","module":"webrtc/sframe-transform","message":"encrypted frame","context":{"kid":7,"ctr":3,"byteLength":62,"codecOffset":10}}

[90mstdout[2m | src/canary/__tests__/publisher.test.ts[2m > [22m[2mREQ-CFA-002 CanaryPublisher.publish — covert no-password join + media-plane emission[2m > [22m[2m(b) joins via the NO-PASSWORD path (no roster broadcast) and emits every produced frame
[22m[39m{"timestamp":"2026-06-20T04:26:09.643Z","level":"INFO","source":"frontend","module":"webrtc/sframe-transform","message":"encrypted frame","context":{"kid":7,"ctr":4,"byteLength":62,"codecOffset":10}}

[90mstdout[2m | src/canary/__tests__/publisher.test.ts[2m > [22m[2mREQ-CFA-002 CanaryPublisher.publish — covert no-password join + media-plane emission[2m > [22m[2m(b) joins via the NO-PASSWORD path (no roster broadcast) and emits every produced frame
[22m[39m{"timestamp":"2026-06-20T04:26:09.643Z","level":"INFO","source":"frontend","module":"webrtc/sframe-transform","message":"encrypted frame","context":{"kid":7,"ctr":5,"byteLength":62,"codecOffset":10}}

{"level":30,"time":1781929569643,"pid":34428,"hostname":"Quang","name":"canary/publisher","relayHomeId":"relay-home-7","canaryKid":7,"frames":6,"msg":"covert canary stream published (no-password join, no roster broadcast)"}
[90mstdout[2m | src/canary/__tests__/publisher.test.ts[2m > [22m[2mREQ-CFA-002 CanaryPublisher.publish — covert no-password join + media-plane emission[2m > [22m[2m(b) the emitted frames verify clean against the verifier (publish ≡ produce on the wire)
[22m[39m{"timestamp":"2026-06-20T04:26:09.644Z","level":"INFO","source":"frontend","module":"webrtc/sframe-transform","message":"encrypted frame","context":{"kid":7,"ctr":0,"byteLength":62,"codecOffset":10}}

[90mstdout[2m | src/canary/__tests__/publisher.test.ts[2m > [22m[2mREQ-CFA-002 CanaryPublisher.publish — covert no-password join + media-plane emission[2m > [22m[2m(b) the emitted frames verify clean against the verifier (publish ≡ produce on the wire)
[22m[39m{"timestamp":"2026-06-20T04:26:09.645Z","level":"INFO","source":"frontend","module":"webrtc/sframe-transform","message":"encrypted frame","context":{"kid":7,"ctr":1,"byteLength":62,"codecOffset":10}}

[90mstdout[2m | src/canary/__tests__/publisher.test.ts[2m > [22m[2mREQ-CFA-002 CanaryPublisher.publish — covert no-password join + media-plane emission[2m > [22m[2m(b) the emitted frames verify clean against the verifier (publish ≡ produce on the wire)
[22m[39m{"timestamp":"2026-06-20T04:26:09.646Z","level":"INFO","source":"frontend","module":"webrtc/sframe-transform","message":"encrypted frame","context":{"kid":7,"ctr":2,"byteLength":62,"codecOffset":10}}

[90mstdout[2m | src/canary/__tests__/publisher.test.ts[2m > [22m[2mREQ-CFA-002 CanaryPublisher.publish — covert no-password join + media-plane emission[2m > [22m[2m(b) the emitted frames verify clean against the verifier (publish ≡ produce on the wire)
[22m[39m{"timestamp":"2026-06-20T04:26:09.646Z","level":"INFO","source":"frontend","module":"webrtc/sframe-transform","message":"encrypted frame","context":{"kid":7,"ctr":3,"byteLength":62,"codecOffset":10}}

[90mstdout[2m | src/canary/__tests__/publisher.test.ts[2m > [22m[2mREQ-CFA-002 CanaryPublisher.publish — covert no-password join + media-plane emission[2m > [22m[2m(b) the emitted frames verify clean against the verifier (publish ≡ produce on the wire)
[22m[39m{"timestamp":"2026-06-20T04:26:09.647Z","level":"INFO","source":"frontend","module":"webrtc/sframe-transform","message":"encrypted frame","context":{"kid":7,"ctr":4,"byteLength":62,"codecOffset":10}}

[90mstdout[2m | src/canary/__tests__/publisher.test.ts[2m > [22m[2mREQ-CFA-002 CanaryPublisher.publish — covert no-password join + media-plane emission[2m > [22m[2m(b) the emitted frames verify clean against the verifier (publish ≡ produce on the wire)
[22m[39m{"timestamp":"2026-06-20T04:26:09.647Z","level":"INFO","source":"frontend","module":"webrtc/sframe-transform","message":"encrypted frame","context":{"kid":7,"ctr":5,"byteLength":62,"codecOffset":10}}

{"level":30,"time":1781929569648,"pid":34428,"hostname":"Quang","name":"canary/publisher","relayHomeId":"relay-home-7","canaryKid":7,"frames":6,"msg":"covert canary stream published (no-password join, no roster broadcast)"}
[90mstdout[2m | src/canary/__tests__/publisher.test.ts[2m > [22m[2mREQ-CFA-002 CanaryPublisher.publish — covert no-password join + media-plane emission[2m > [22m[2m(b) the emitted frames verify clean against the verifier (publish ≡ produce on the wire)
[22m[39m{"timestamp":"2026-06-20T04:26:09.649Z","level":"INFO","source":"frontend","module":"webrtc/sframe-transform","message":"encrypted frame","context":{"kid":7,"ctr":0,"byteLength":62,"codecOffset":10}}

[90mstdout[2m | src/canary/__tests__/publisher.test.ts[2m > [22m[2mREQ-CFA-002 CanaryPublisher.publish — covert no-password join + media-plane emission[2m > [22m[2m(b) the emitted frames verify clean against the verifier (publish ≡ produce on the wire)
[22m[39m{"timestamp":"2026-06-20T04:26:09.649Z","level":"INFO","source":"frontend","module":"webrtc/sframe-transform","message":"encrypted frame","context":{"kid":7,"ctr":1,"byteLength":62,"codecOffset":10}}

[90mstdout[2m | src/canary/__tests__/publisher.test.ts[2m > [22m[2mREQ-CFA-002 CanaryPublisher.publish — covert no-password join + media-plane emission[2m > [22m[2m(b) the emitted frames verify clean against the verifier (publish ≡ produce on the wire)
[22m[39m{"timestamp":"2026-06-20T04:26:09.650Z","level":"INFO","source":"frontend","module":"webrtc/sframe-transform","message":"encrypted frame","context":{"kid":7,"ctr":2,"byteLength":62,"codecOffset":10}}

[90mstdout[2m | src/canary/__tests__/publisher.test.ts[2m > [22m[2mREQ-CFA-002 CanaryPublisher.publish — covert no-password join + media-plane emission[2m > [22m[2m(b) the emitted frames verify clean against the verifier (publish ≡ produce on the wire)
[22m[39m{"timestamp":"2026-06-20T04:26:09.651Z","level":"INFO","source":"frontend","module":"webrtc/sframe-transform","message":"encrypted frame","context":{"kid":7,"ctr":3,"byteLength":62,"codecOffset":10}}

[90mstdout[2m | src/canary/__tests__/publisher.test.ts[2m > [22m[2mREQ-CFA-002 CanaryPublisher.publish — covert no-password join + media-plane emission[2m > [22m[2m(b) the emitted frames verify clean against the verifier (publish ≡ produce on the wire)
[22m[39m{"timestamp":"2026-06-20T04:26:09.652Z","level":"INFO","source":"frontend","module":"webrtc/sframe-transform","message":"encrypted frame","context":{"kid":7,"ctr":4,"byteLength":62,"codecOffset":10}}

[90mstdout[2m | src/canary/__tests__/publisher.test.ts[2m > [22m[2mREQ-CFA-002 CanaryPublisher.publish — covert no-password join + media-plane emission[2m > [22m[2m(b) the emitted frames verify clean against the verifier (publish ≡ produce on the wire)
[22m[39m{"timestamp":"2026-06-20T04:26:09.653Z","level":"INFO","source":"frontend","module":"webrtc/sframe-transform","message":"encrypted frame","context":{"kid":7,"ctr":5,"byteLength":62,"codecOffset":10}}

{"level":30,"time":1781929569653,"pid":34428,"hostname":"Quang","name":"canary/verifier","canaryKid":7,"mediaPackets":6,"byteIdentical":6,"divergences":0,"msg":"canary forwarding verified"}
 [32m✓[39m src/canary/__tests__/publisher.test.ts [2m([22m[2m5 tests[22m[2m)[22m[32m 65[2mms[22m[39m

[2m Test Files [22m [1m[32m11 passed[39m[22m[90m (11)[39m
[2m      Tests [22m [1m[32m85 passed[39m[22m[90m (85)[39m
[2m   Start at [22m 11:26:07
[2m   Duration [22m 2.37s[2m (transform 1.36s, setup 0ms, collect 11.90s, tests 591ms, environment 3ms, prepare 2.84s)[22m

