
[1m[46m RUN [49m[22m [36mv3.2.4 [39m[90mC:/Thesis/dvconf/dvconf-daemons/apps/validator-daemon[39m

{"level":30,"time":1781929565661,"pid":18536,"hostname":"Quang","name":"canary/loss-classifier","relayMinerId":"relay-under-audit","promoted":1,"absorbed":0,"tampers":1,"cumulativeCrossed":false,"msg":"canary divergences classified (drop gate / tamper p=1)"}
{"level":30,"time":1781929565663,"pid":18536,"hostname":"Quang","name":"canary/loss-classifier","relayMinerId":"relay-under-audit","promoted":1,"absorbed":1,"tampers":1,"cumulativeCrossed":false,"msg":"canary divergences classified (drop gate / tamper p=1)"}
{"level":30,"time":1781929565664,"pid":18536,"hostname":"Quang","name":"canary/loss-classifier","relayMinerId":"relay-under-audit","promoted":0,"absorbed":1,"tampers":0,"cumulativeCrossed":false,"msg":"canary divergences classified (drop gate / tamper p=1)"}
{"level":30,"time":1781929565664,"pid":18536,"hostname":"Quang","name":"canary/loss-classifier","relayMinerId":"relay-under-audit","promoted":0,"absorbed":1,"tampers":0,"cumulativeCrossed":false,"msg":"canary divergences classified (drop gate / tamper p=1)"}
{"level":30,"time":1781929565665,"pid":18536,"hostname":"Quang","name":"canary/loss-classifier","relayMinerId":"relay-under-audit","promoted":1,"absorbed":0,"tampers":0,"cumulativeCrossed":true,"msg":"canary divergences classified (drop gate / tamper p=1)"}
{"level":30,"time":1781929565666,"pid":18536,"hostname":"Quang","name":"canary/loss-classifier","relayMinerId":"relay-under-audit","promoted":0,"absorbed":1,"tampers":0,"cumulativeCrossed":true,"msg":"canary divergences classified (drop gate / tamper p=1)"}
{"level":30,"time":1781929565666,"pid":18536,"hostname":"Quang","name":"canary/loss-classifier","relayMinerId":"relay-under-audit","promoted":0,"absorbed":1,"tampers":0,"cumulativeCrossed":false,"msg":"canary divergences classified (drop gate / tamper p=1)"}
{"level":30,"time":1781929565666,"pid":18536,"hostname":"Quang","name":"canary/loss-classifier","relayMinerId":"relay-under-audit","promoted":1,"absorbed":0,"tampers":1,"cumulativeCrossed":true,"msg":"canary divergences classified (drop gate / tamper p=1)"}
{"level":30,"time":1781929565667,"pid":18536,"hostname":"Quang","name":"canary/loss-classifier","relayMinerId":"relay-X","promoted":1,"absorbed":0,"tampers":0,"cumulativeCrossed":true,"msg":"canary divergences classified (drop gate / tamper p=1)"}
{"level":30,"time":1781929565667,"pid":18536,"hostname":"Quang","name":"canary/loss-classifier","relayMinerId":"relay-Y","promoted":0,"absorbed":1,"tampers":0,"cumulativeCrossed":false,"msg":"canary divergences classified (drop gate / tamper p=1)"}
{"level":30,"time":1781929565667,"pid":18536,"hostname":"Quang","name":"canary/loss-classifier","relayMinerId":"relay-under-audit","promoted":0,"absorbed":1,"tampers":0,"cumulativeCrossed":false,"msg":"canary divergences classified (drop gate / tamper p=1)"}
{"level":30,"time":1781929565667,"pid":18536,"hostname":"Quang","name":"canary/loss-classifier","relayMinerId":"relay-under-audit","promoted":0,"absorbed":1,"tampers":0,"cumulativeCrossed":false,"msg":"canary divergences classified (drop gate / tamper p=1)"}
{"level":30,"time":1781929565668,"pid":18536,"hostname":"Quang","name":"canary/loss-classifier","relayMinerId":"relay-under-audit","promoted":0,"absorbed":1,"tampers":0,"cumulativeCrossed":false,"msg":"canary divergences classified (drop gate / tamper p=1)"}
{"level":30,"time":1781929565668,"pid":18536,"hostname":"Quang","name":"canary/loss-classifier","relayMinerId":"relay-under-audit","promoted":0,"absorbed":1,"tampers":0,"cumulativeCrossed":false,"msg":"canary divergences classified (drop gate / tamper p=1)"}
{"level":30,"time":1781929565668,"pid":18536,"hostname":"Quang","name":"canary/loss-classifier","relayMinerId":"relay-under-audit","promoted":1,"absorbed":0,"tampers":0,"cumulativeCrossed":true,"msg":"canary divergences classified (drop gate / tamper p=1)"}
{"level":30,"time":1781929565668,"pid":18536,"hostname":"Quang","name":"canary/loss-classifier","relayMinerId":"relay-under-audit","promoted":1,"absorbed":0,"tampers":0,"cumulativeCrossed":true,"msg":"canary divergences classified (drop gate / tamper p=1)"}
{"level":30,"time":1781929565668,"pid":18536,"hostname":"Quang","name":"canary/loss-classifier","relayMinerId":"relay-under-audit","promoted":1,"absorbed":0,"tampers":0,"cumulativeCrossed":true,"msg":"canary divergences classified (drop gate / tamper p=1)"}
{"level":30,"time":1781929565668,"pid":18536,"hostname":"Quang","name":"canary/loss-classifier","relayMinerId":"relay-under-audit","promoted":1,"absorbed":0,"tampers":0,"cumulativeCrossed":true,"msg":"canary divergences classified (drop gate / tamper p=1)"}
{"level":30,"time":1781929565668,"pid":18536,"hostname":"Quang","name":"canary/loss-classifier","relayMinerId":"relay-under-audit","promoted":1,"absorbed":0,"tampers":0,"cumulativeCrossed":true,"msg":"canary divergences classified (drop gate / tamper p=1)"}
{"level":30,"time":1781929565668,"pid":18536,"hostname":"Quang","name":"canary/loss-classifier","relayMinerId":"relay-under-audit","promoted":1,"absorbed":0,"tampers":0,"cumulativeCrossed":true,"msg":"canary divergences classified (drop gate / tamper p=1)"}
{"level":30,"time":1781929565668,"pid":18536,"hostname":"Quang","name":"canary/loss-classifier","relayMinerId":"relay-under-audit","promoted":1,"absorbed":0,"tampers":0,"cumulativeCrossed":true,"msg":"canary divergences classified (drop gate / tamper p=1)"}
{"level":30,"time":1781929565668,"pid":18536,"hostname":"Quang","name":"canary/loss-classifier","relayMinerId":"relay-under-audit","promoted":1,"absorbed":0,"tampers":0,"cumulativeCrossed":true,"msg":"canary divergences classified (drop gate / tamper p=1)"}
{"level":30,"time":1781929565668,"pid":18536,"hostname":"Quang","name":"canary/loss-classifier","relayMinerId":"relay-under-audit","promoted":1,"absorbed":0,"tampers":0,"cumulativeCrossed":true,"msg":"canary divergences classified (drop gate / tamper p=1)"}
{"level":30,"time":1781929565668,"pid":18536,"hostname":"Quang","name":"canary/loss-classifier","relayMinerId":"relay-under-audit","promoted":1,"absorbed":0,"tampers":0,"cumulativeCrossed":true,"msg":"canary divergences classified (drop gate / tamper p=1)"}
{"level":30,"time":1781929565668,"pid":18536,"hostname":"Quang","name":"canary/loss-classifier","relayMinerId":"relay-under-audit","promoted":1,"absorbed":0,"tampers":0,"cumulativeCrossed":true,"msg":"canary divergences classified (drop gate / tamper p=1)"}
{"level":30,"time":1781929565668,"pid":18536,"hostname":"Quang","name":"canary/loss-classifier","relayMinerId":"relay-under-audit","promoted":1,"absorbed":0,"tampers":0,"cumulativeCrossed":true,"msg":"canary divergences classified (drop gate / tamper p=1)"}
{"level":30,"time":1781929565668,"pid":18536,"hostname":"Quang","name":"canary/loss-classifier","relayMinerId":"relay-under-audit","promoted":1,"absorbed":0,"tampers":0,"cumulativeCrossed":true,"msg":"canary divergences classified (drop gate / tamper p=1)"}
{"level":30,"time":1781929565668,"pid":18536,"hostname":"Quang","name":"canary/loss-classifier","relayMinerId":"relay-under-audit","promoted":1,"absorbed":0,"tampers":0,"cumulativeCrossed":true,"msg":"canary divergences classified (drop gate / tamper p=1)"}
{"level":30,"time":1781929565668,"pid":18536,"hostname":"Quang","name":"canary/loss-classifier","relayMinerId":"relay-under-audit","promoted":1,"absorbed":0,"tampers":0,"cumulativeCrossed":true,"msg":"canary divergences classified (drop gate / tamper p=1)"}
{"level":30,"time":1781929565668,"pid":18536,"hostname":"Quang","name":"canary/loss-classifier","relayMinerId":"relay-under-audit","promoted":1,"absorbed":0,"tampers":0,"cumulativeCrossed":true,"msg":"canary divergences classified (drop gate / tamper p=1)"}
{"level":30,"time":1781929565668,"pid":18536,"hostname":"Quang","name":"canary/loss-classifier","relayMinerId":"relay-under-audit","promoted":1,"absorbed":0,"tampers":0,"cumulativeCrossed":true,"msg":"canary divergences classified (drop gate / tamper p=1)"}
{"level":30,"time":1781929565668,"pid":18536,"hostname":"Quang","name":"canary/loss-classifier","relayMinerId":"relay-under-audit","promoted":1,"absorbed":0,"tampers":0,"cumulativeCrossed":true,"msg":"canary divergences classified (drop gate / tamper p=1)"}
{"level":30,"time":1781929565668,"pid":18536,"hostname":"Quang","name":"canary/loss-classifier","relayMinerId":"relay-under-audit","promoted":1,"absorbed":0,"tampers":0,"cumulativeCrossed":true,"msg":"canary divergences classified (drop gate / tamper p=1)"}
{"level":30,"time":1781929565668,"pid":18536,"hostname":"Quang","name":"canary/loss-classifier","relayMinerId":"relay-under-audit","promoted":1,"absorbed":0,"tampers":0,"cumulativeCrossed":true,"msg":"canary divergences classified (drop gate / tamper p=1)"}
{"level":30,"time":1781929565668,"pid":18536,"hostname":"Quang","name":"canary/loss-classifier","relayMinerId":"relay-under-audit","promoted":1,"absorbed":0,"tampers":0,"cumulativeCrossed":true,"msg":"canary divergences classified (drop gate / tamper p=1)"}
{"level":30,"time":1781929565668,"pid":18536,"hostname":"Quang","name":"canary/loss-classifier","relayMinerId":"relay-under-audit","promoted":1,"absorbed":0,"tampers":0,"cumulativeCrossed":true,"msg":"canary divergences classified (drop gate / tamper p=1)"}
{"level":30,"time":1781929565668,"pid":18536,"hostname":"Quang","name":"canary/loss-classifier","relayMinerId":"relay-under-audit","promoted":1,"absorbed":0,"tampers":0,"cumulativeCrossed":true,"msg":"canary divergences classified (drop gate / tamper p=1)"}
{"level":30,"time":1781929565668,"pid":18536,"hostname":"Quang","name":"canary/loss-classifier","relayMinerId":"relay-under-audit","promoted":1,"absorbed":0,"tampers":0,"cumulativeCrossed":true,"msg":"canary divergences classified (drop gate / tamper p=1)"}
{"level":30,"time":1781929565668,"pid":18536,"hostname":"Quang","name":"canary/loss-classifier","relayMinerId":"relay-under-audit","promoted":1,"absorbed":0,"tampers":0,"cumulativeCrossed":true,"msg":"canary divergences classified (drop gate / tamper p=1)"}
{"level":30,"time":1781929565668,"pid":18536,"hostname":"Quang","name":"canary/loss-classifier","relayMinerId":"relay-under-audit","promoted":1,"absorbed":0,"tampers":0,"cumulativeCrossed":true,"msg":"canary divergences classified (drop gate / tamper p=1)"}
{"level":30,"time":1781929565668,"pid":18536,"hostname":"Quang","name":"canary/loss-classifier","relayMinerId":"relay-under-audit","promoted":1,"absorbed":0,"tampers":0,"cumulativeCrossed":true,"msg":"canary divergences classified (drop gate / tamper p=1)"}
{"level":30,"time":1781929565668,"pid":18536,"hostname":"Quang","name":"canary/loss-classifier","relayMinerId":"relay-under-audit","promoted":1,"absorbed":0,"tampers":0,"cumulativeCrossed":true,"msg":"canary divergences classified (drop gate / tamper p=1)"}
{"level":30,"time":1781929565668,"pid":18536,"hostname":"Quang","name":"canary/loss-classifier","relayMinerId":"relay-under-audit","promoted":1,"absorbed":0,"tampers":0,"cumulativeCrossed":true,"msg":"canary divergences classified (drop gate / tamper p=1)"}
{"level":30,"time":1781929565668,"pid":18536,"hostname":"Quang","name":"canary/loss-classifier","relayMinerId":"relay-under-audit","promoted":1,"absorbed":0,"tampers":0,"cumulativeCrossed":true,"msg":"canary divergences classified (drop gate / tamper p=1)"}
{"level":30,"time":1781929565668,"pid":18536,"hostname":"Quang","name":"canary/loss-classifier","relayMinerId":"relay-under-audit","promoted":1,"absorbed":0,"tampers":0,"cumulativeCrossed":true,"msg":"canary divergences classified (drop gate / tamper p=1)"}
{"level":30,"time":1781929565668,"pid":18536,"hostname":"Quang","name":"canary/loss-classifier","relayMinerId":"relay-under-audit","promoted":1,"absorbed":0,"tampers":0,"cumulativeCrossed":true,"msg":"canary divergences classified (drop gate / tamper p=1)"}
{"level":30,"time":1781929565668,"pid":18536,"hostname":"Quang","name":"canary/loss-classifier","relayMinerId":"relay-under-audit","promoted":1,"absorbed":0,"tampers":0,"cumulativeCrossed":true,"msg":"canary divergences classified (drop gate / tamper p=1)"}
{"level":30,"time":1781929565668,"pid":18536,"hostname":"Quang","name":"canary/loss-classifier","relayMinerId":"relay-under-audit","promoted":1,"absorbed":0,"tampers":0,"cumulativeCrossed":true,"msg":"canary divergences classified (drop gate / tamper p=1)"}
{"level":30,"time":1781929565668,"pid":18536,"hostname":"Quang","name":"canary/loss-classifier","relayMinerId":"relay-under-audit","promoted":1,"absorbed":0,"tampers":0,"cumulativeCrossed":true,"msg":"canary divergences classified (drop gate / tamper p=1)"}
{"level":30,"time":1781929565668,"pid":18536,"hostname":"Quang","name":"canary/loss-classifier","relayMinerId":"relay-under-audit","promoted":1,"absorbed":0,"tampers":0,"cumulativeCrossed":true,"msg":"canary divergences classified (drop gate / tamper p=1)"}
{"level":30,"time":1781929565668,"pid":18536,"hostname":"Quang","name":"canary/loss-classifier","relayMinerId":"relay-under-audit","promoted":0,"absorbed":1,"tampers":0,"cumulativeCrossed":false,"msg":"canary divergences classified (drop gate / tamper p=1)"}
{"level":30,"time":1781929565668,"pid":18536,"hostname":"Quang","name":"canary/loss-classifier","relayMinerId":"relay-under-audit","promoted":0,"absorbed":1,"tampers":0,"cumulativeCrossed":false,"msg":"canary divergences classified (drop gate / tamper p=1)"}
{"level":30,"time":1781929565668,"pid":18536,"hostname":"Quang","name":"canary/loss-classifier","relayMinerId":"relay-under-audit","promoted":0,"absorbed":1,"tampers":0,"cumulativeCrossed":false,"msg":"canary divergences classified (drop gate / tamper p=1)"}
{"level":30,"time":1781929565668,"pid":18536,"hostname":"Quang","name":"canary/loss-classifier","relayMinerId":"relay-under-audit","promoted":0,"absorbed":1,"tampers":0,"cumulativeCrossed":false,"msg":"canary divergences classified (drop gate / tamper p=1)"}
{"level":30,"time":1781929565668,"pid":18536,"hostname":"Quang","name":"canary/loss-classifier","relayMinerId":"relay-under-audit","promoted":0,"absorbed":1,"tampers":0,"cumulativeCrossed":false,"msg":"canary divergences classified (drop gate / tamper p=1)"}
{"level":30,"time":1781929565668,"pid":18536,"hostname":"Quang","name":"canary/loss-classifier","relayMinerId":"relay-under-audit","promoted":0,"absorbed":1,"tampers":0,"cumulativeCrossed":false,"msg":"canary divergences classified (drop gate / tamper p=1)"}
{"level":30,"time":1781929565668,"pid":18536,"hostname":"Quang","name":"canary/loss-classifier","relayMinerId":"relay-under-audit","promoted":0,"absorbed":1,"tampers":0,"cumulativeCrossed":false,"msg":"canary divergences classified (drop gate / tamper p=1)"}
{"level":30,"time":1781929565668,"pid":18536,"hostname":"Quang","name":"canary/loss-classifier","relayMinerId":"relay-under-audit","promoted":0,"absorbed":1,"tampers":0,"cumulativeCrossed":false,"msg":"canary divergences classified (drop gate / tamper p=1)"}
{"level":30,"time":1781929565668,"pid":18536,"hostname":"Quang","name":"canary/loss-classifier","relayMinerId":"relay-under-audit","promoted":0,"absorbed":1,"tampers":0,"cumulativeCrossed":false,"msg":"canary divergences classified (drop gate / tamper p=1)"}
{"level":30,"time":1781929565668,"pid":18536,"hostname":"Quang","name":"canary/loss-classifier","relayMinerId":"relay-under-audit","promoted":0,"absorbed":1,"tampers":0,"cumulativeCrossed":false,"msg":"canary divergences classified (drop gate / tamper p=1)"}
{"level":30,"time":1781929565669,"pid":18536,"hostname":"Quang","name":"canary/loss-classifier","relayMinerId":"relay-under-audit","promoted":0,"absorbed":1,"tampers":0,"cumulativeCrossed":false,"msg":"canary divergences classified (drop gate / tamper p=1)"}
{"level":30,"time":1781929565669,"pid":18536,"hostname":"Quang","name":"canary/loss-classifier","relayMinerId":"relay-under-audit","promoted":0,"absorbed":1,"tampers":0,"cumulativeCrossed":false,"msg":"canary divergences classified (drop gate / tamper p=1)"}
{"level":30,"time":1781929565669,"pid":18536,"hostname":"Quang","name":"canary/loss-classifier","relayMinerId":"relay-under-audit","promoted":0,"absorbed":1,"tampers":0,"cumulativeCrossed":false,"msg":"canary divergences classified (drop gate / tamper p=1)"}
{"level":30,"time":1781929565669,"pid":18536,"hostname":"Quang","name":"canary/loss-classifier","relayMinerId":"relay-under-audit","promoted":0,"absorbed":1,"tampers":0,"cumulativeCrossed":false,"msg":"canary divergences classified (drop gate / tamper p=1)"}
{"level":30,"time":1781929565669,"pid":18536,"hostname":"Quang","name":"canary/loss-classifier","relayMinerId":"relay-under-audit","promoted":0,"absorbed":1,"tampers":0,"cumulativeCrossed":false,"msg":"canary divergences classified (drop gate / tamper p=1)"}
{"level":30,"time":1781929565669,"pid":18536,"hostname":"Quang","name":"canary/loss-classifier","relayMinerId":"relay-under-audit","promoted":0,"absorbed":1,"tampers":0,"cumulativeCrossed":false,"msg":"canary divergences classified (drop gate / tamper p=1)"}
{"level":30,"time":1781929565669,"pid":18536,"hostname":"Quang","name":"canary/loss-classifier","relayMinerId":"relay-under-audit","promoted":0,"absorbed":1,"tampers":0,"cumulativeCrossed":false,"msg":"canary divergences classified (drop gate / tamper p=1)"}
{"level":30,"time":1781929565669,"pid":18536,"hostname":"Quang","name":"canary/loss-classifier","relayMinerId":"relay-under-audit","promoted":0,"absorbed":1,"tampers":0,"cumulativeCrossed":false,"msg":"canary divergences classified (drop gate / tamper p=1)"}
{"level":30,"time":1781929565669,"pid":18536,"hostname":"Quang","name":"canary/loss-classifier","relayMinerId":"relay-under-audit","promoted":0,"absorbed":1,"tampers":0,"cumulativeCrossed":false,"msg":"canary divergences classified (drop gate / tamper p=1)"}
{"level":30,"time":1781929565669,"pid":18536,"hostname":"Quang","name":"canary/loss-classifier","relayMinerId":"relay-under-audit","promoted":0,"absorbed":1,"tampers":0,"cumulativeCrossed":false,"msg":"canary divergences classified (drop gate / tamper p=1)"}
{"level":30,"time":1781929565669,"pid":18536,"hostname":"Quang","name":"canary/loss-classifier","relayMinerId":"relay-under-audit","promoted":0,"absorbed":1,"tampers":0,"cumulativeCrossed":false,"msg":"canary divergences classified (drop gate / tamper p=1)"}
{"level":30,"time":1781929565669,"pid":18536,"hostname":"Quang","name":"canary/loss-classifier","relayMinerId":"relay-under-audit","promoted":0,"absorbed":1,"tampers":0,"cumulativeCrossed":false,"msg":"canary divergences classified (drop gate / tamper p=1)"}
{"level":30,"time":1781929565669,"pid":18536,"hostname":"Quang","name":"canary/loss-classifier","relayMinerId":"relay-under-audit","promoted":0,"absorbed":1,"tampers":0,"cumulativeCrossed":false,"msg":"canary divergences classified (drop gate / tamper p=1)"}
{"level":30,"time":1781929565669,"pid":18536,"hostname":"Quang","name":"canary/loss-classifier","relayMinerId":"relay-under-audit","promoted":0,"absorbed":1,"tampers":0,"cumulativeCrossed":false,"msg":"canary divergences classified (drop gate / tamper p=1)"}
{"level":30,"time":1781929565669,"pid":18536,"hostname":"Quang","name":"canary/loss-classifier","relayMinerId":"relay-under-audit","promoted":0,"absorbed":1,"tampers":0,"cumulativeCrossed":false,"msg":"canary divergences classified (drop gate / tamper p=1)"}
{"level":30,"time":1781929565669,"pid":18536,"hostname":"Quang","name":"canary/loss-classifier","relayMinerId":"relay-under-audit","promoted":0,"absorbed":1,"tampers":0,"cumulativeCrossed":false,"msg":"canary divergences classified (drop gate / tamper p=1)"}
{"level":30,"time":1781929565669,"pid":18536,"hostname":"Quang","name":"canary/loss-classifier","relayMinerId":"relay-under-audit","promoted":0,"absorbed":1,"tampers":0,"cumulativeCrossed":false,"msg":"canary divergences classified (drop gate / tamper p=1)"}
{"level":30,"time":1781929565669,"pid":18536,"hostname":"Quang","name":"canary/loss-classifier","relayMinerId":"relay-under-audit","promoted":0,"absorbed":1,"tampers":0,"cumulativeCrossed":false,"msg":"canary divergences classified (drop gate / tamper p=1)"}
{"level":30,"time":1781929565669,"pid":18536,"hostname":"Quang","name":"canary/loss-classifier","relayMinerId":"relay-under-audit","promoted":0,"absorbed":1,"tampers":0,"cumulativeCrossed":false,"msg":"canary divergences classified (drop gate / tamper p=1)"}
{"level":30,"time":1781929565669,"pid":18536,"hostname":"Quang","name":"canary/loss-classifier","relayMinerId":"relay-under-audit","promoted":0,"absorbed":1,"tampers":0,"cumulativeCrossed":false,"msg":"canary divergences classified (drop gate / tamper p=1)"}
{"level":30,"time":1781929565669,"pid":18536,"hostname":"Quang","name":"canary/loss-classifier","relayMinerId":"relay-under-audit","promoted":0,"absorbed":1,"tampers":0,"cumulativeCrossed":false,"msg":"canary divergences classified (drop gate / tamper p=1)"}
{"level":30,"time":1781929565669,"pid":18536,"hostname":"Quang","name":"canary/loss-classifier","relayMinerId":"relay-under-audit","promoted":0,"absorbed":1,"tampers":0,"cumulativeCrossed":false,"msg":"canary divergences classified (drop gate / tamper p=1)"}
{"level":30,"time":1781929565669,"pid":18536,"hostname":"Quang","name":"canary/loss-classifier","relayMinerId":"relay-under-audit","promoted":0,"absorbed":1,"tampers":0,"cumulativeCrossed":false,"msg":"canary divergences classified (drop gate / tamper p=1)"}
{"level":30,"time":1781929565669,"pid":18536,"hostname":"Quang","name":"canary/loss-classifier","relayMinerId":"relay-under-audit","promoted":0,"absorbed":1,"tampers":0,"cumulativeCrossed":false,"msg":"canary divergences classified (drop gate / tamper p=1)"}
{"level":30,"time":1781929565669,"pid":18536,"hostname":"Quang","name":"canary/loss-classifier","relayMinerId":"relay-under-audit","promoted":0,"absorbed":1,"tampers":0,"cumulativeCrossed":false,"msg":"canary divergences classified (drop gate / tamper p=1)"}
{"level":30,"time":1781929565669,"pid":18536,"hostname":"Quang","name":"canary/loss-classifier","relayMinerId":"relay-under-audit","promoted":0,"absorbed":1,"tampers":0,"cumulativeCrossed":false,"msg":"canary divergences classified (drop gate / tamper p=1)"}
{"level":30,"time":1781929565669,"pid":18536,"hostname":"Quang","name":"canary/loss-classifier","relayMinerId":"relay-under-audit","promoted":0,"absorbed":1,"tampers":0,"cumulativeCrossed":false,"msg":"canary divergences classified (drop gate / tamper p=1)"}
{"level":30,"time":1781929565669,"pid":18536,"hostname":"Quang","name":"canary/loss-classifier","relayMinerId":"relay-under-audit","promoted":0,"absorbed":1,"tampers":0,"cumulativeCrossed":false,"msg":"canary divergences classified (drop gate / tamper p=1)"}
{"level":30,"time":1781929565669,"pid":18536,"hostname":"Quang","name":"canary/loss-classifier","relayMinerId":"relay-under-audit","promoted":0,"absorbed":1,"tampers":0,"cumulativeCrossed":false,"msg":"canary divergences classified (drop gate / tamper p=1)"}
{"level":30,"time":1781929565669,"pid":18536,"hostname":"Quang","name":"canary/loss-classifier","relayMinerId":"relay-under-audit","promoted":0,"absorbed":1,"tampers":0,"cumulativeCrossed":false,"msg":"canary divergences classified (drop gate / tamper p=1)"}
{"level":30,"time":1781929565669,"pid":18536,"hostname":"Quang","name":"canary/loss-classifier","relayMinerId":"relay-under-audit","promoted":0,"absorbed":1,"tampers":0,"cumulativeCrossed":false,"msg":"canary divergences classified (drop gate / tamper p=1)"}
{"level":30,"time":1781929565669,"pid":18536,"hostname":"Quang","name":"canary/loss-classifier","relayMinerId":"relay-under-audit","promoted":0,"absorbed":1,"tampers":0,"cumulativeCrossed":false,"msg":"canary divergences classified (drop gate / tamper p=1)"}
{"level":30,"time":1781929565669,"pid":18536,"hostname":"Quang","name":"canary/loss-classifier","relayMinerId":"relay-under-audit","promoted":0,"absorbed":1,"tampers":0,"cumulativeCrossed":false,"msg":"canary divergences classified (drop gate / tamper p=1)"}
{"level":30,"time":1781929565669,"pid":18536,"hostname":"Quang","name":"canary/loss-classifier","relayMinerId":"relay-under-audit","promoted":0,"absorbed":1,"tampers":0,"cumulativeCrossed":false,"msg":"canary divergences classified (drop gate / tamper p=1)"}
{"level":30,"time":1781929565669,"pid":18536,"hostname":"Quang","name":"canary/loss-classifier","relayMinerId":"relay-under-audit","promoted":0,"absorbed":1,"tampers":0,"cumulativeCrossed":false,"msg":"canary divergences classified (drop gate / tamper p=1)"}
{"level":30,"time":1781929565669,"pid":18536,"hostname":"Quang","name":"canary/loss-classifier","relayMinerId":"relay-under-audit","promoted":0,"absorbed":1,"tampers":0,"cumulativeCrossed":false,"msg":"canary divergences classified (drop gate / tamper p=1)"}
{"level":30,"time":1781929565669,"pid":18536,"hostname":"Quang","name":"canary/loss-classifier","relayMinerId":"relay-under-audit","promoted":0,"absorbed":1,"tampers":0,"cumulativeCrossed":false,"msg":"canary divergences classified (drop gate / tamper p=1)"}
{"level":30,"time":1781929565669,"pid":18536,"hostname":"Quang","name":"canary/loss-classifier","relayMinerId":"relay-under-audit","promoted":0,"absorbed":1,"tampers":0,"cumulativeCrossed":false,"msg":"canary divergences classified (drop gate / tamper p=1)"}
{"level":30,"time":1781929565669,"pid":18536,"hostname":"Quang","name":"canary/loss-classifier","relayMinerId":"relay-under-audit","promoted":0,"absorbed":1,"tampers":0,"cumulativeCrossed":false,"msg":"canary divergences classified (drop gate / tamper p=1)"}
{"level":30,"time":1781929565669,"pid":18536,"hostname":"Quang","name":"canary/loss-classifier","relayMinerId":"relay-under-audit","promoted":0,"absorbed":1,"tampers":0,"cumulativeCrossed":false,"msg":"canary divergences classified (drop gate / tamper p=1)"}
{"level":30,"time":1781929565669,"pid":18536,"hostname":"Quang","name":"canary/loss-classifier","relayMinerId":"relay-under-audit","promoted":0,"absorbed":1,"tampers":0,"cumulativeCrossed":false,"msg":"canary divergences classified (drop gate / tamper p=1)"}
{"level":30,"time":1781929565669,"pid":18536,"hostname":"Quang","name":"canary/loss-classifier","relayMinerId":"relay-under-audit","promoted":0,"absorbed":1,"tampers":0,"cumulativeCrossed":false,"msg":"canary divergences classified (drop gate / tamper p=1)"}
{"level":30,"time":1781929565669,"pid":18536,"hostname":"Quang","name":"canary/loss-classifier","relayMinerId":"relay-under-audit","promoted":0,"absorbed":1,"tampers":0,"cumulativeCrossed":false,"msg":"canary divergences classified (drop gate / tamper p=1)"}
{"level":30,"time":1781929565669,"pid":18536,"hostname":"Quang","name":"canary/loss-classifier","relayMinerId":"relay-under-audit","promoted":0,"absorbed":1,"tampers":0,"cumulativeCrossed":false,"msg":"canary divergences classified (drop gate / tamper p=1)"}
{"level":30,"time":1781929565669,"pid":18536,"hostname":"Quang","name":"canary/loss-classifier","relayMinerId":"relay-under-audit","promoted":0,"absorbed":1,"tampers":0,"cumulativeCrossed":false,"msg":"canary divergences classified (drop gate / tamper p=1)"}
{"level":30,"time":1781929565669,"pid":18536,"hostname":"Quang","name":"canary/loss-classifier","relayMinerId":"relay-under-audit","promoted":0,"absorbed":1,"tampers":0,"cumulativeCrossed":false,"msg":"canary divergences classified (drop gate / tamper p=1)"}
{"level":30,"time":1781929565669,"pid":18536,"hostname":"Quang","name":"canary/loss-classifier","relayMinerId":"relay-under-audit","promoted":0,"absorbed":1,"tampers":0,"cumulativeCrossed":false,"msg":"canary divergences classified (drop gate / tamper p=1)"}
{"level":30,"time":1781929565669,"pid":18536,"hostname":"Quang","name":"canary/loss-classifier","relayMinerId":"relay-under-audit","promoted":0,"absorbed":1,"tampers":0,"cumulativeCrossed":false,"msg":"canary divergences classified (drop gate / tamper p=1)"}
{"level":30,"time":1781929565669,"pid":18536,"hostname":"Quang","name":"canary/loss-classifier","relayMinerId":"relay-under-audit","promoted":0,"absorbed":1,"tampers":0,"cumulativeCrossed":false,"msg":"canary divergences classified (drop gate / tamper p=1)"}
{"level":30,"time":1781929565669,"pid":18536,"hostname":"Quang","name":"canary/loss-classifier","relayMinerId":"relay-under-audit","promoted":0,"absorbed":1,"tampers":0,"cumulativeCrossed":false,"msg":"canary divergences classified (drop gate / tamper p=1)"}
{"level":30,"time":1781929565669,"pid":18536,"hostname":"Quang","name":"canary/loss-classifier","relayMinerId":"relay-under-audit","promoted":0,"absorbed":1,"tampers":0,"cumulativeCrossed":false,"msg":"canary divergences classified (drop gate / tamper p=1)"}
{"level":30,"time":1781929565669,"pid":18536,"hostname":"Quang","name":"canary/loss-classifier","relayMinerId":"relay-under-audit","promoted":0,"absorbed":1,"tampers":0,"cumulativeCrossed":false,"msg":"canary divergences classified (drop gate / tamper p=1)"}
{"level":30,"time":1781929565669,"pid":18536,"hostname":"Quang","name":"canary/loss-classifier","relayMinerId":"relay-under-audit","promoted":0,"absorbed":1,"tampers":0,"cumulativeCrossed":false,"msg":"canary divergences classified (drop gate / tamper p=1)"}
{"level":30,"time":1781929565669,"pid":18536,"hostname":"Quang","name":"canary/loss-classifier","relayMinerId":"relay-under-audit","promoted":0,"absorbed":1,"tampers":0,"cumulativeCrossed":false,"msg":"canary divergences classified (drop gate / tamper p=1)"}
{"level":30,"time":1781929565669,"pid":18536,"hostname":"Quang","name":"canary/loss-classifier","relayMinerId":"relay-under-audit","promoted":0,"absorbed":1,"tampers":0,"cumulativeCrossed":false,"msg":"canary divergences classified (drop gate / tamper p=1)"}
{"level":30,"time":1781929565669,"pid":18536,"hostname":"Quang","name":"canary/loss-classifier","relayMinerId":"relay-under-audit","promoted":0,"absorbed":1,"tampers":0,"cumulativeCrossed":false,"msg":"canary divergences classified (drop gate / tamper p=1)"}
{"level":30,"time":1781929565669,"pid":18536,"hostname":"Quang","name":"canary/loss-classifier","relayMinerId":"relay-under-audit","promoted":0,"absorbed":1,"tampers":0,"cumulativeCrossed":false,"msg":"canary divergences classified (drop gate / tamper p=1)"}
{"level":30,"time":1781929565669,"pid":18536,"hostname":"Quang","name":"canary/loss-classifier","relayMinerId":"relay-under-audit","promoted":0,"absorbed":1,"tampers":0,"cumulativeCrossed":false,"msg":"canary divergences classified (drop gate / tamper p=1)"}
{"level":30,"time":1781929565669,"pid":18536,"hostname":"Quang","name":"canary/loss-classifier","relayMinerId":"relay-under-audit","promoted":0,"absorbed":1,"tampers":0,"cumulativeCrossed":false,"msg":"canary divergences classified (drop gate / tamper p=1)"}
{"level":30,"time":1781929565669,"pid":18536,"hostname":"Quang","name":"canary/loss-classifier","relayMinerId":"relay-under-audit","promoted":0,"absorbed":1,"tampers":0,"cumulativeCrossed":false,"msg":"canary divergences classified (drop gate / tamper p=1)"}
{"level":30,"time":1781929565669,"pid":18536,"hostname":"Quang","name":"canary/loss-classifier","relayMinerId":"relay-under-audit","promoted":0,"absorbed":1,"tampers":0,"cumulativeCrossed":false,"msg":"canary divergences classified (drop gate / tamper p=1)"}
{"level":30,"time":1781929565669,"pid":18536,"hostname":"Quang","name":"canary/loss-classifier","relayMinerId":"relay-under-audit","promoted":0,"absorbed":1,"tampers":0,"cumulativeCrossed":false,"msg":"canary divergences classified (drop gate / tamper p=1)"}
{"level":30,"time":1781929565669,"pid":18536,"hostname":"Quang","name":"canary/loss-classifier","relayMinerId":"relay-under-audit","promoted":0,"absorbed":1,"tampers":0,"cumulativeCrossed":false,"msg":"canary divergences classified (drop gate / tamper p=1)"}
{"level":30,"time":1781929565669,"pid":18536,"hostname":"Quang","name":"canary/loss-classifier","relayMinerId":"relay-under-audit","promoted":0,"absorbed":1,"tampers":0,"cumulativeCrossed":false,"msg":"canary divergences classified (drop gate / tamper p=1)"}
{"level":30,"time":1781929565669,"pid":18536,"hostname":"Quang","name":"canary/loss-classifier","relayMinerId":"relay-under-audit","promoted":0,"absorbed":1,"tampers":0,"cumulativeCrossed":false,"msg":"canary divergences classified (drop gate / tamper p=1)"}
{"level":30,"time":1781929565669,"pid":18536,"hostname":"Quang","name":"canary/loss-classifier","relayMinerId":"relay-under-audit","promoted":0,"absorbed":1,"tampers":0,"cumulativeCrossed":false,"msg":"canary divergences classified (drop gate / tamper p=1)"}
{"level":30,"time":1781929565669,"pid":18536,"hostname":"Quang","name":"canary/loss-classifier","relayMinerId":"relay-under-audit","promoted":0,"absorbed":1,"tampers":0,"cumulativeCrossed":false,"msg":"canary divergences classified (drop gate / tamper p=1)"}
 [32m✓[39m src/canary/__tests__/loss-classifier.test.ts [2m([22m[2m13 tests[22m[2m)[22m[32m 12[2mms[22m[39m
{"level":30,"time":1781929565669,"pid":18536,"hostname":"Quang","name":"canary/loss-classifier","relayMinerId":"relay-under-audit","promoted":0,"absorbed":1,"tampers":0,"cumulativeCrossed":false,"msg":"canary divergences classified (drop gate / tamper p=1)"}
{"level":30,"time":1781929565669,"pid":18536,"hostname":"Quang","name":"canary/loss-classifier","relayMinerId":"relay-under-audit","promoted":0,"absorbed":1,"tampers":0,"cumulativeCrossed":false,"msg":"canary divergences classified (drop gate / tamper p=1)"}
{"level":30,"time":1781929565669,"pid":18536,"hostname":"Quang","name":"canary/loss-classifier","relayMinerId":"relay-under-audit","promoted":0,"absorbed":1,"tampers":0,"cumulativeCrossed":false,"msg":"canary divergences classified (drop gate / tamper p=1)"}
{"level":30,"time":1781929565669,"pid":18536,"hostname":"Quang","name":"canary/loss-classifier","relayMinerId":"relay-under-audit","promoted":0,"absorbed":1,"tampers":0,"cumulativeCrossed":false,"msg":"canary divergences classified (drop gate / tamper p=1)"}
{"level":30,"time":1781929565669,"pid":18536,"hostname":"Quang","name":"canary/loss-classifier","relayMinerId":"relay-under-audit","promoted":0,"absorbed":1,"tampers":0,"cumulativeCrossed":false,"msg":"canary divergences classified (drop gate / tamper p=1)"}
{"level":30,"time":1781929565669,"pid":18536,"hostname":"Quang","name":"canary/loss-classifier","relayMinerId":"relay-under-audit","promoted":0,"absorbed":1,"tampers":0,"cumulativeCrossed":false,"msg":"canary divergences classified (drop gate / tamper p=1)"}
{"level":30,"time":1781929565669,"pid":18536,"hostname":"Quang","name":"canary/loss-classifier","relayMinerId":"relay-under-audit","promoted":0,"absorbed":1,"tampers":0,"cumulativeCrossed":false,"msg":"canary divergences classified (drop gate / tamper p=1)"}
{"level":30,"time":1781929565669,"pid":18536,"hostname":"Quang","name":"canary/loss-classifier","relayMinerId":"relay-under-audit","promoted":0,"absorbed":1,"tampers":0,"cumulativeCrossed":false,"msg":"canary divergences classified (drop gate / tamper p=1)"}
{"level":30,"time":1781929565669,"pid":18536,"hostname":"Quang","name":"canary/loss-classifier","relayMinerId":"relay-under-audit","promoted":0,"absorbed":1,"tampers":0,"cumulativeCrossed":false,"msg":"canary divergences classified (drop gate / tamper p=1)"}
{"level":30,"time":1781929565669,"pid":18536,"hostname":"Quang","name":"canary/loss-classifier","relayMinerId":"relay-under-audit","promoted":0,"absorbed":1,"tampers":0,"cumulativeCrossed":false,"msg":"canary divergences classified (drop gate / tamper p=1)"}
{"level":30,"time":1781929565669,"pid":18536,"hostname":"Quang","name":"canary/loss-classifier","relayMinerId":"relay-under-audit","promoted":0,"absorbed":1,"tampers":0,"cumulativeCrossed":false,"msg":"canary divergences classified (drop gate / tamper p=1)"}
{"level":30,"time":1781929565669,"pid":18536,"hostname":"Quang","name":"canary/loss-classifier","relayMinerId":"relay-under-audit","promoted":0,"absorbed":1,"tampers":0,"cumulativeCrossed":false,"msg":"canary divergences classified (drop gate / tamper p=1)"}
{"level":30,"time":1781929565669,"pid":18536,"hostname":"Quang","name":"canary/loss-classifier","relayMinerId":"relay-under-audit","promoted":0,"absorbed":1,"tampers":0,"cumulativeCrossed":false,"msg":"canary divergences classified (drop gate / tamper p=1)"}
{"level":30,"time":1781929565669,"pid":18536,"hostname":"Quang","name":"canary/loss-classifier","relayMinerId":"relay-under-audit","promoted":0,"absorbed":1,"tampers":0,"cumulativeCrossed":false,"msg":"canary divergences classified (drop gate / tamper p=1)"}
{"level":30,"time":1781929565669,"pid":18536,"hostname":"Quang","name":"canary/loss-classifier","relayMinerId":"relay-under-audit","promoted":0,"absorbed":1,"tampers":0,"cumulativeCrossed":false,"msg":"canary divergences classified (drop gate / tamper p=1)"}
{"level":30,"time":1781929565669,"pid":18536,"hostname":"Quang","name":"canary/loss-classifier","relayMinerId":"relay-under-audit","promoted":0,"absorbed":1,"tampers":0,"cumulativeCrossed":false,"msg":"canary divergences classified (drop gate / tamper p=1)"}
{"level":30,"time":1781929565669,"pid":18536,"hostname":"Quang","name":"canary/loss-classifier","relayMinerId":"relay-under-audit","promoted":0,"absorbed":1,"tampers":0,"cumulativeCrossed":false,"msg":"canary divergences classified (drop gate / tamper p=1)"}
{"level":30,"time":1781929565669,"pid":18536,"hostname":"Quang","name":"canary/loss-classifier","relayMinerId":"relay-under-audit","promoted":0,"absorbed":1,"tampers":0,"cumulativeCrossed":false,"msg":"canary divergences classified (drop gate / tamper p=1)"}
{"level":30,"time":1781929565669,"pid":18536,"hostname":"Quang","name":"canary/loss-classifier","relayMinerId":"relay-under-audit","promoted":0,"absorbed":1,"tampers":0,"cumulativeCrossed":false,"msg":"canary divergences classified (drop gate / tamper p=1)"}
{"level":30,"time":1781929565669,"pid":18536,"hostname":"Quang","name":"canary/loss-classifier","relayMinerId":"relay-under-audit","promoted":0,"absorbed":1,"tampers":0,"cumulativeCrossed":false,"msg":"canary divergences classified (drop gate / tamper p=1)"}
{"level":30,"time":1781929565669,"pid":18536,"hostname":"Quang","name":"canary/loss-classifier","relayMinerId":"relay-under-audit","promoted":0,"absorbed":1,"tampers":0,"cumulativeCrossed":false,"msg":"canary divergences classified (drop gate / tamper p=1)"}
{"level":30,"time":1781929565669,"pid":18536,"hostname":"Quang","name":"canary/loss-classifier","relayMinerId":"relay-under-audit","promoted":0,"absorbed":1,"tampers":0,"cumulativeCrossed":false,"msg":"canary divergences classified (drop gate / tamper p=1)"}
{"level":30,"time":1781929565669,"pid":18536,"hostname":"Quang","name":"canary/loss-classifier","relayMinerId":"relay-under-audit","promoted":0,"absorbed":1,"tampers":0,"cumulativeCrossed":false,"msg":"canary divergences classified (drop gate / tamper p=1)"}
{"level":30,"time":1781929565670,"pid":18536,"hostname":"Quang","name":"canary/loss-classifier","relayMinerId":"relay-under-audit","promoted":0,"absorbed":1,"tampers":0,"cumulativeCrossed":false,"msg":"canary divergences classified (drop gate / tamper p=1)"}
{"level":30,"time":1781929565670,"pid":18536,"hostname":"Quang","name":"canary/loss-classifier","relayMinerId":"relay-under-audit","promoted":0,"absorbed":1,"tampers":0,"cumulativeCrossed":false,"msg":"canary divergences classified (drop gate / tamper p=1)"}
{"level":30,"time":1781929565670,"pid":18536,"hostname":"Quang","name":"canary/loss-classifier","relayMinerId":"relay-under-audit","promoted":0,"absorbed":1,"tampers":0,"cumulativeCrossed":false,"msg":"canary divergences classified (drop gate / tamper p=1)"}
{"level":30,"time":1781929565670,"pid":18536,"hostname":"Quang","name":"canary/loss-classifier","relayMinerId":"relay-under-audit","promoted":0,"absorbed":1,"tampers":0,"cumulativeCrossed":false,"msg":"canary divergences classified (drop gate / tamper p=1)"}
{"level":30,"time":1781929565670,"pid":18536,"hostname":"Quang","name":"canary/loss-classifier","relayMinerId":"relay-under-audit","promoted":0,"absorbed":1,"tampers":0,"cumulativeCrossed":false,"msg":"canary divergences classified (drop gate / tamper p=1)"}
{"level":30,"time":1781929565670,"pid":18536,"hostname":"Quang","name":"canary/loss-classifier","relayMinerId":"relay-under-audit","promoted":0,"absorbed":1,"tampers":0,"cumulativeCrossed":false,"msg":"canary divergences classified (drop gate / tamper p=1)"}
{"level":30,"time":1781929565670,"pid":18536,"hostname":"Quang","name":"canary/loss-classifier","relayMinerId":"relay-under-audit","promoted":0,"absorbed":1,"tampers":0,"cumulativeCrossed":false,"msg":"canary divergences classified (drop gate / tamper p=1)"}
{"level":30,"time":1781929565670,"pid":18536,"hostname":"Quang","name":"canary/loss-classifier","relayMinerId":"relay-under-audit","promoted":0,"absorbed":1,"tampers":0,"cumulativeCrossed":false,"msg":"canary divergences classified (drop gate / tamper p=1)"}
{"level":30,"time":1781929565670,"pid":18536,"hostname":"Quang","name":"canary/loss-classifier","relayMinerId":"relay-under-audit","promoted":0,"absorbed":1,"tampers":0,"cumulativeCrossed":false,"msg":"canary divergences classified (drop gate / tamper p=1)"}
{"level":30,"time":1781929565670,"pid":18536,"hostname":"Quang","name":"canary/loss-classifier","relayMinerId":"relay-under-audit","promoted":0,"absorbed":1,"tampers":0,"cumulativeCrossed":false,"msg":"canary divergences classified (drop gate / tamper p=1)"}
{"level":30,"time":1781929565670,"pid":18536,"hostname":"Quang","name":"canary/loss-classifier","relayMinerId":"relay-under-audit","promoted":0,"absorbed":1,"tampers":0,"cumulativeCrossed":false,"msg":"canary divergences classified (drop gate / tamper p=1)"}
{"level":30,"time":1781929565670,"pid":18536,"hostname":"Quang","name":"canary/loss-classifier","relayMinerId":"relay-under-audit","promoted":0,"absorbed":1,"tampers":0,"cumulativeCrossed":false,"msg":"canary divergences classified (drop gate / tamper p=1)"}
{"level":30,"time":1781929565670,"pid":18536,"hostname":"Quang","name":"canary/loss-classifier","relayMinerId":"relay-under-audit","promoted":0,"absorbed":1,"tampers":0,"cumulativeCrossed":false,"msg":"canary divergences classified (drop gate / tamper p=1)"}
{"level":30,"time":1781929565670,"pid":18536,"hostname":"Quang","name":"canary/loss-classifier","relayMinerId":"relay-under-audit","promoted":0,"absorbed":1,"tampers":0,"cumulativeCrossed":false,"msg":"canary divergences classified (drop gate / tamper p=1)"}
{"level":30,"time":1781929565670,"pid":18536,"hostname":"Quang","name":"canary/loss-classifier","relayMinerId":"relay-under-audit","promoted":0,"absorbed":1,"tampers":0,"cumulativeCrossed":false,"msg":"canary divergences classified (drop gate / tamper p=1)"}
{"level":30,"time":1781929565670,"pid":18536,"hostname":"Quang","name":"canary/loss-classifier","relayMinerId":"relay-under-audit","promoted":0,"absorbed":1,"tampers":0,"cumulativeCrossed":false,"msg":"canary divergences classified (drop gate / tamper p=1)"}
{"level":30,"time":1781929565670,"pid":18536,"hostname":"Quang","name":"canary/loss-classifier","relayMinerId":"relay-under-audit","promoted":0,"absorbed":1,"tampers":0,"cumulativeCrossed":false,"msg":"canary divergences classified (drop gate / tamper p=1)"}
{"level":30,"time":1781929565670,"pid":18536,"hostname":"Quang","name":"canary/loss-classifier","relayMinerId":"relay-under-audit","promoted":0,"absorbed":1,"tampers":0,"cumulativeCrossed":false,"msg":"canary divergences classified (drop gate / tamper p=1)"}
{"level":30,"time":1781929565670,"pid":18536,"hostname":"Quang","name":"canary/loss-classifier","relayMinerId":"relay-under-audit","promoted":0,"absorbed":1,"tampers":0,"cumulativeCrossed":false,"msg":"canary divergences classified (drop gate / tamper p=1)"}
{"level":30,"time":1781929565670,"pid":18536,"hostname":"Quang","name":"canary/loss-classifier","relayMinerId":"relay-under-audit","promoted":0,"absorbed":1,"tampers":0,"cumulativeCrossed":false,"msg":"canary divergences classified (drop gate / tamper p=1)"}
{"level":30,"time":1781929565670,"pid":18536,"hostname":"Quang","name":"canary/loss-classifier","relayMinerId":"relay-under-audit","promoted":0,"absorbed":1,"tampers":0,"cumulativeCrossed":false,"msg":"canary divergences classified (drop gate / tamper p=1)"}
{"level":30,"time":1781929565670,"pid":18536,"hostname":"Quang","name":"canary/loss-classifier","relayMinerId":"relay-under-audit","promoted":0,"absorbed":1,"tampers":0,"cumulativeCrossed":false,"msg":"canary divergences classified (drop gate / tamper p=1)"}
{"level":30,"time":1781929565670,"pid":18536,"hostname":"Quang","name":"canary/loss-classifier","relayMinerId":"relay-under-audit","promoted":0,"absorbed":1,"tampers":0,"cumulativeCrossed":false,"msg":"canary divergences classified (drop gate / tamper p=1)"}
{"level":30,"time":1781929565670,"pid":18536,"hostname":"Quang","name":"canary/loss-classifier","relayMinerId":"relay-under-audit","promoted":0,"absorbed":1,"tampers":0,"cumulativeCrossed":false,"msg":"canary divergences classified (drop gate / tamper p=1)"}
{"level":30,"time":1781929565670,"pid":18536,"hostname":"Quang","name":"canary/loss-classifier","relayMinerId":"relay-under-audit","promoted":0,"absorbed":1,"tampers":0,"cumulativeCrossed":false,"msg":"canary divergences classified (drop gate / tamper p=1)"}
{"level":30,"time":1781929565670,"pid":18536,"hostname":"Quang","name":"canary/loss-classifier","relayMinerId":"relay-under-audit","promoted":0,"absorbed":1,"tampers":0,"cumulativeCrossed":false,"msg":"canary divergences classified (drop gate / tamper p=1)"}
{"level":30,"time":1781929565670,"pid":18536,"hostname":"Quang","name":"canary/loss-classifier","relayMinerId":"relay-under-audit","promoted":0,"absorbed":1,"tampers":0,"cumulativeCrossed":false,"msg":"canary divergences classified (drop gate / tamper p=1)"}
{"level":30,"time":1781929565670,"pid":18536,"hostname":"Quang","name":"canary/loss-classifier","relayMinerId":"relay-under-audit","promoted":0,"absorbed":1,"tampers":0,"cumulativeCrossed":false,"msg":"canary divergences classified (drop gate / tamper p=1)"}
{"level":30,"time":1781929565670,"pid":18536,"hostname":"Quang","name":"canary/loss-classifier","relayMinerId":"relay-under-audit","promoted":0,"absorbed":1,"tampers":0,"cumulativeCrossed":false,"msg":"canary divergences classified (drop gate / tamper p=1)"}
{"level":30,"time":1781929565670,"pid":18536,"hostname":"Quang","name":"canary/loss-classifier","relayMinerId":"relay-under-audit","promoted":0,"absorbed":1,"tampers":0,"cumulativeCrossed":false,"msg":"canary divergences classified (drop gate / tamper p=1)"}
{"level":30,"time":1781929565670,"pid":18536,"hostname":"Quang","name":"canary/loss-classifier","relayMinerId":"relay-under-audit","promoted":0,"absorbed":1,"tampers":0,"cumulativeCrossed":false,"msg":"canary divergences classified (drop gate / tamper p=1)"}
{"level":30,"time":1781929565670,"pid":18536,"hostname":"Quang","name":"canary/loss-classifier","relayMinerId":"relay-under-audit","promoted":0,"absorbed":1,"tampers":0,"cumulativeCrossed":false,"msg":"canary divergences classified (drop gate / tamper p=1)"}
{"level":30,"time":1781929565670,"pid":18536,"hostname":"Quang","name":"canary/loss-classifier","relayMinerId":"relay-under-audit","promoted":0,"absorbed":1,"tampers":0,"cumulativeCrossed":false,"msg":"canary divergences classified (drop gate / tamper p=1)"}
{"level":30,"time":1781929565670,"pid":18536,"hostname":"Quang","name":"canary/loss-classifier","relayMinerId":"relay-under-audit","promoted":0,"absorbed":1,"tampers":0,"cumulativeCrossed":false,"msg":"canary divergences classified (drop gate / tamper p=1)"}
{"level":30,"time":1781929565670,"pid":18536,"hostname":"Quang","name":"canary/loss-classifier","relayMinerId":"relay-under-audit","promoted":0,"absorbed":1,"tampers":0,"cumulativeCrossed":false,"msg":"canary divergences classified (drop gate / tamper p=1)"}
{"level":30,"time":1781929565670,"pid":18536,"hostname":"Quang","name":"canary/loss-classifier","relayMinerId":"relay-under-audit","promoted":0,"absorbed":1,"tampers":0,"cumulativeCrossed":false,"msg":"canary divergences classified (drop gate / tamper p=1)"}
{"level":30,"time":1781929565670,"pid":18536,"hostname":"Quang","name":"canary/loss-classifier","relayMinerId":"relay-under-audit","promoted":0,"absorbed":1,"tampers":0,"cumulativeCrossed":false,"msg":"canary divergences classified (drop gate / tamper p=1)"}
{"level":30,"time":1781929565670,"pid":18536,"hostname":"Quang","name":"canary/loss-classifier","relayMinerId":"relay-under-audit","promoted":0,"absorbed":1,"tampers":0,"cumulativeCrossed":false,"msg":"canary divergences classified (drop gate / tamper p=1)"}
{"level":30,"time":1781929565670,"pid":18536,"hostname":"Quang","name":"canary/loss-classifier","relayMinerId":"relay-under-audit","promoted":0,"absorbed":1,"tampers":0,"cumulativeCrossed":false,"msg":"canary divergences classified (drop gate / tamper p=1)"}
{"level":30,"time":1781929565670,"pid":18536,"hostname":"Quang","name":"canary/loss-classifier","relayMinerId":"relay-under-audit","promoted":0,"absorbed":1,"tampers":0,"cumulativeCrossed":false,"msg":"canary divergences classified (drop gate / tamper p=1)"}
{"level":30,"time":1781929565670,"pid":18536,"hostname":"Quang","name":"canary/loss-classifier","relayMinerId":"relay-under-audit","promoted":0,"absorbed":1,"tampers":0,"cumulativeCrossed":false,"msg":"canary divergences classified (drop gate / tamper p=1)"}
{"level":30,"time":1781929565670,"pid":18536,"hostname":"Quang","name":"canary/loss-classifier","relayMinerId":"relay-under-audit","promoted":0,"absorbed":1,"tampers":0,"cumulativeCrossed":false,"msg":"canary divergences classified (drop gate / tamper p=1)"}
{"level":30,"time":1781929565670,"pid":18536,"hostname":"Quang","name":"canary/loss-classifier","relayMinerId":"relay-under-audit","promoted":0,"absorbed":1,"tampers":0,"cumulativeCrossed":false,"msg":"canary divergences classified (drop gate / tamper p=1)"}
{"level":30,"time":1781929565670,"pid":18536,"hostname":"Quang","name":"canary/loss-classifier","relayMinerId":"relay-under-audit","promoted":0,"absorbed":1,"tampers":0,"cumulativeCrossed":false,"msg":"canary divergences classified (drop gate / tamper p=1)"}
{"level":30,"time":1781929565670,"pid":18536,"hostname":"Quang","name":"canary/loss-classifier","relayMinerId":"relay-under-audit","promoted":0,"absorbed":1,"tampers":0,"cumulativeCrossed":false,"msg":"canary divergences classified (drop gate / tamper p=1)"}
{"level":30,"time":1781929565670,"pid":18536,"hostname":"Quang","name":"canary/loss-classifier","relayMinerId":"relay-under-audit","promoted":0,"absorbed":1,"tampers":0,"cumulativeCrossed":false,"msg":"canary divergences classified (drop gate / tamper p=1)"}
{"level":30,"time":1781929565670,"pid":18536,"hostname":"Quang","name":"canary/loss-classifier","relayMinerId":"relay-under-audit","promoted":0,"absorbed":1,"tampers":0,"cumulativeCrossed":false,"msg":"canary divergences classified (drop gate / tamper p=1)"}
{"level":30,"time":1781929565670,"pid":18536,"hostname":"Quang","name":"canary/loss-classifier","relayMinerId":"relay-under-audit","promoted":0,"absorbed":1,"tampers":0,"cumulativeCrossed":false,"msg":"canary divergences classified (drop gate / tamper p=1)"}
{"level":30,"time":1781929565670,"pid":18536,"hostname":"Quang","name":"canary/loss-classifier","relayMinerId":"relay-under-audit","promoted":0,"absorbed":1,"tampers":0,"cumulativeCrossed":false,"msg":"canary divergences classified (drop gate / tamper p=1)"}
{"level":30,"time":1781929565670,"pid":18536,"hostname":"Quang","name":"canary/loss-classifier","relayMinerId":"relay-under-audit","promoted":0,"absorbed":1,"tampers":0,"cumulativeCrossed":false,"msg":"canary divergences classified (drop gate / tamper p=1)"}
{"level":30,"time":1781929565670,"pid":18536,"hostname":"Quang","name":"canary/loss-classifier","relayMinerId":"relay-under-audit","promoted":0,"absorbed":1,"tampers":0,"cumulativeCrossed":false,"msg":"canary divergences classified (drop gate / tamper p=1)"}
{"level":30,"time":1781929565670,"pid":18536,"hostname":"Quang","name":"canary/loss-classifier","relayMinerId":"relay-under-audit","promoted":0,"absorbed":1,"tampers":0,"cumulativeCrossed":false,"msg":"canary divergences classified (drop gate / tamper p=1)"}
{"level":30,"time":1781929565670,"pid":18536,"hostname":"Quang","name":"canary/loss-classifier","relayMinerId":"relay-under-audit","promoted":0,"absorbed":1,"tampers":0,"cumulativeCrossed":false,"msg":"canary divergences classified (drop gate / tamper p=1)"}
{"level":30,"time":1781929565670,"pid":18536,"hostname":"Quang","name":"canary/loss-classifier","relayMinerId":"relay-under-audit","promoted":0,"absorbed":1,"tampers":0,"cumulativeCrossed":false,"msg":"canary divergences classified (drop gate / tamper p=1)"}
{"level":30,"time":1781929565670,"pid":18536,"hostname":"Quang","name":"canary/loss-classifier","relayMinerId":"relay-under-audit","promoted":0,"absorbed":1,"tampers":0,"cumulativeCrossed":false,"msg":"canary divergences classified (drop gate / tamper p=1)"}
{"level":30,"time":1781929565670,"pid":18536,"hostname":"Quang","name":"canary/loss-classifier","relayMinerId":"relay-under-audit","promoted":0,"absorbed":1,"tampers":0,"cumulativeCrossed":false,"msg":"canary divergences classified (drop gate / tamper p=1)"}
{"level":30,"time":1781929565670,"pid":18536,"hostname":"Quang","name":"canary/loss-classifier","relayMinerId":"relay-under-audit","promoted":0,"absorbed":1,"tampers":0,"cumulativeCrossed":false,"msg":"canary divergences classified (drop gate / tamper p=1)"}
{"level":30,"time":1781929565670,"pid":18536,"hostname":"Quang","name":"canary/loss-classifier","relayMinerId":"relay-under-audit","promoted":0,"absorbed":1,"tampers":0,"cumulativeCrossed":false,"msg":"canary divergences classified (drop gate / tamper p=1)"}
{"level":30,"time":1781929565670,"pid":18536,"hostname":"Quang","name":"canary/loss-classifier","relayMinerId":"relay-under-audit","promoted":0,"absorbed":1,"tampers":0,"cumulativeCrossed":false,"msg":"canary divergences classified (drop gate / tamper p=1)"}
{"level":30,"time":1781929565670,"pid":18536,"hostname":"Quang","name":"canary/loss-classifier","relayMinerId":"relay-under-audit","promoted":0,"absorbed":1,"tampers":0,"cumulativeCrossed":false,"msg":"canary divergences classified (drop gate / tamper p=1)"}
{"level":30,"time":1781929565670,"pid":18536,"hostname":"Quang","name":"canary/loss-classifier","relayMinerId":"relay-under-audit","promoted":0,"absorbed":1,"tampers":0,"cumulativeCrossed":false,"msg":"canary divergences classified (drop gate / tamper p=1)"}
{"level":30,"time":1781929565670,"pid":18536,"hostname":"Quang","name":"canary/loss-classifier","relayMinerId":"relay-under-audit","promoted":0,"absorbed":1,"tampers":0,"cumulativeCrossed":false,"msg":"canary divergences classified (drop gate / tamper p=1)"}
{"level":30,"time":1781929565670,"pid":18536,"hostname":"Quang","name":"canary/loss-classifier","relayMinerId":"relay-under-audit","promoted":0,"absorbed":1,"tampers":0,"cumulativeCrossed":false,"msg":"canary divergences classified (drop gate / tamper p=1)"}
{"level":30,"time":1781929565670,"pid":18536,"hostname":"Quang","name":"canary/loss-classifier","relayMinerId":"relay-under-audit","promoted":0,"absorbed":1,"tampers":0,"cumulativeCrossed":false,"msg":"canary divergences classified (drop gate / tamper p=1)"}
{"level":30,"time":1781929565670,"pid":18536,"hostname":"Quang","name":"canary/loss-classifier","relayMinerId":"relay-under-audit","promoted":0,"absorbed":1,"tampers":0,"cumulativeCrossed":false,"msg":"canary divergences classified (drop gate / tamper p=1)"}
{"level":30,"time":1781929565670,"pid":18536,"hostname":"Quang","name":"canary/loss-classifier","relayMinerId":"relay-under-audit","promoted":0,"absorbed":1,"tampers":0,"cumulativeCrossed":false,"msg":"canary divergences classified (drop gate / tamper p=1)"}
{"level":30,"time":1781929565670,"pid":18536,"hostname":"Quang","name":"canary/loss-classifier","relayMinerId":"relay-under-audit","promoted":0,"absorbed":1,"tampers":0,"cumulativeCrossed":false,"msg":"canary divergences classified (drop gate / tamper p=1)"}
{"level":30,"time":1781929565670,"pid":18536,"hostname":"Quang","name":"canary/loss-classifier","relayMinerId":"relay-under-audit","promoted":0,"absorbed":1,"tampers":0,"cumulativeCrossed":false,"msg":"canary divergences classified (drop gate / tamper p=1)"}
{"level":30,"time":1781929565670,"pid":18536,"hostname":"Quang","name":"canary/loss-classifier","relayMinerId":"relay-under-audit","promoted":0,"absorbed":1,"tampers":0,"cumulativeCrossed":false,"msg":"canary divergences classified (drop gate / tamper p=1)"}
{"level":30,"time":1781929565670,"pid":18536,"hostname":"Quang","name":"canary/loss-classifier","relayMinerId":"relay-under-audit","promoted":0,"absorbed":1,"tampers":0,"cumulativeCrossed":false,"msg":"canary divergences classified (drop gate / tamper p=1)"}
{"level":30,"time":1781929565670,"pid":18536,"hostname":"Quang","name":"canary/loss-classifier","relayMinerId":"relay-under-audit","promoted":0,"absorbed":1,"tampers":0,"cumulativeCrossed":false,"msg":"canary divergences classified (drop gate / tamper p=1)"}
{"level":30,"time":1781929565670,"pid":18536,"hostname":"Quang","name":"canary/loss-classifier","relayMinerId":"relay-under-audit","promoted":0,"absorbed":1,"tampers":0,"cumulativeCrossed":false,"msg":"canary divergences classified (drop gate / tamper p=1)"}
{"level":30,"time":1781929565670,"pid":18536,"hostname":"Quang","name":"canary/loss-classifier","relayMinerId":"relay-under-audit","promoted":0,"absorbed":1,"tampers":0,"cumulativeCrossed":false,"msg":"canary divergences classified (drop gate / tamper p=1)"}
{"level":30,"time":1781929565670,"pid":18536,"hostname":"Quang","name":"canary/loss-classifier","relayMinerId":"relay-under-audit","promoted":0,"absorbed":1,"tampers":0,"cumulativeCrossed":false,"msg":"canary divergences classified (drop gate / tamper p=1)"}
{"level":30,"time":1781929565670,"pid":18536,"hostname":"Quang","name":"canary/loss-classifier","relayMinerId":"relay-under-audit","promoted":0,"absorbed":1,"tampers":0,"cumulativeCrossed":false,"msg":"canary divergences classified (drop gate / tamper p=1)"}
{"level":30,"time":1781929565670,"pid":18536,"hostname":"Quang","name":"canary/loss-classifier","relayMinerId":"relay-under-audit","promoted":0,"absorbed":1,"tampers":0,"cumulativeCrossed":false,"msg":"canary divergences classified (drop gate / tamper p=1)"}
{"level":30,"time":1781929565670,"pid":18536,"hostname":"Quang","name":"canary/loss-classifier","relayMinerId":"relay-under-audit","promoted":0,"absorbed":1,"tampers":0,"cumulativeCrossed":false,"msg":"canary divergences classified (drop gate / tamper p=1)"}
{"level":30,"time":1781929565670,"pid":18536,"hostname":"Quang","name":"canary/loss-classifier","relayMinerId":"relay-under-audit","promoted":0,"absorbed":1,"tampers":0,"cumulativeCrossed":false,"msg":"canary divergences classified (drop gate / tamper p=1)"}
{"level":30,"time":1781929565670,"pid":18536,"hostname":"Quang","name":"canary/loss-classifier","relayMinerId":"relay-under-audit","promoted":0,"absorbed":1,"tampers":0,"cumulativeCrossed":false,"msg":"canary divergences classified (drop gate / tamper p=1)"}
{"level":30,"time":1781929565670,"pid":18536,"hostname":"Quang","name":"canary/loss-classifier","relayMinerId":"relay-under-audit","promoted":0,"absorbed":1,"tampers":0,"cumulativeCrossed":false,"msg":"canary divergences classified (drop gate / tamper p=1)"}
{"level":30,"time":1781929565670,"pid":18536,"hostname":"Quang","name":"canary/loss-classifier","relayMinerId":"relay-under-audit","promoted":0,"absorbed":1,"tampers":0,"cumulativeCrossed":false,"msg":"canary divergences classified (drop gate / tamper p=1)"}
{"level":30,"time":1781929565670,"pid":18536,"hostname":"Quang","name":"canary/loss-classifier","relayMinerId":"relay-under-audit","promoted":0,"absorbed":1,"tampers":0,"cumulativeCrossed":false,"msg":"canary divergences classified (drop gate / tamper p=1)"}
{"level":30,"time":1781929565670,"pid":18536,"hostname":"Quang","name":"canary/loss-classifier","relayMinerId":"relay-under-audit","promoted":0,"absorbed":1,"tampers":0,"cumulativeCrossed":false,"msg":"canary divergences classified (drop gate / tamper p=1)"}
{"level":30,"time":1781929565670,"pid":18536,"hostname":"Quang","name":"canary/loss-classifier","relayMinerId":"relay-under-audit","promoted":0,"absorbed":1,"tampers":0,"cumulativeCrossed":false,"msg":"canary divergences classified (drop gate / tamper p=1)"}
{"level":30,"time":1781929565670,"pid":18536,"hostname":"Quang","name":"canary/loss-classifier","relayMinerId":"relay-under-audit","promoted":0,"absorbed":1,"tampers":0,"cumulativeCrossed":false,"msg":"canary divergences classified (drop gate / tamper p=1)"}
{"level":30,"time":1781929565670,"pid":18536,"hostname":"Quang","name":"canary/loss-classifier","relayMinerId":"relay-under-audit","promoted":0,"absorbed":1,"tampers":0,"cumulativeCrossed":false,"msg":"canary divergences classified (drop gate / tamper p=1)"}
{"level":30,"time":1781929565670,"pid":18536,"hostname":"Quang","name":"canary/loss-classifier","relayMinerId":"relay-under-audit","promoted":0,"absorbed":1,"tampers":0,"cumulativeCrossed":false,"msg":"canary divergences classified (drop gate / tamper p=1)"}
{"level":30,"time":1781929565670,"pid":18536,"hostname":"Quang","name":"canary/loss-classifier","relayMinerId":"relay-under-audit","promoted":0,"absorbed":1,"tampers":0,"cumulativeCrossed":false,"msg":"canary divergences classified (drop gate / tamper p=1)"}
{"level":30,"time":1781929565670,"pid":18536,"hostname":"Quang","name":"canary/loss-classifier","relayMinerId":"relay-under-audit","promoted":0,"absorbed":1,"tampers":0,"cumulativeCrossed":false,"msg":"canary divergences classified (drop gate / tamper p=1)"}
{"level":30,"time":1781929565670,"pid":18536,"hostname":"Quang","name":"canary/loss-classifier","relayMinerId":"relay-under-audit","promoted":0,"absorbed":1,"tampers":0,"cumulativeCrossed":false,"msg":"canary divergences classified (drop gate / tamper p=1)"}
{"level":30,"time":1781929565670,"pid":18536,"hostname":"Quang","name":"canary/loss-classifier","relayMinerId":"relay-under-audit","promoted":0,"absorbed":1,"tampers":0,"cumulativeCrossed":false,"msg":"canary divergences classified (drop gate / tamper p=1)"}
{"level":30,"time":1781929565670,"pid":18536,"hostname":"Quang","name":"canary/loss-classifier","relayMinerId":"relay-under-audit","promoted":0,"absorbed":1,"tampers":0,"cumulativeCrossed":false,"msg":"canary divergences classified (drop gate / tamper p=1)"}
{"level":30,"time":1781929565670,"pid":18536,"hostname":"Quang","name":"canary/loss-classifier","relayMinerId":"relay-under-audit","promoted":0,"absorbed":1,"tampers":0,"cumulativeCrossed":false,"msg":"canary divergences classified (drop gate / tamper p=1)"}
{"level":30,"time":1781929565670,"pid":18536,"hostname":"Quang","name":"canary/loss-classifier","relayMinerId":"relay-under-audit","promoted":0,"absorbed":1,"tampers":0,"cumulativeCrossed":false,"msg":"canary divergences classified (drop gate / tamper p=1)"}
{"level":30,"time":1781929565670,"pid":18536,"hostname":"Quang","name":"canary/loss-classifier","relayMinerId":"relay-under-audit","promoted":0,"absorbed":1,"tampers":0,"cumulativeCrossed":false,"msg":"canary divergences classified (drop gate / tamper p=1)"}
{"level":30,"time":1781929565670,"pid":18536,"hostname":"Quang","name":"canary/loss-classifier","relayMinerId":"relay-under-audit","promoted":0,"absorbed":1,"tampers":0,"cumulativeCrossed":false,"msg":"canary divergences classified (drop gate / tamper p=1)"}
{"level":30,"time":1781929565670,"pid":18536,"hostname":"Quang","name":"canary/loss-classifier","relayMinerId":"relay-under-audit","promoted":0,"absorbed":1,"tampers":0,"cumulativeCrossed":false,"msg":"canary divergences classified (drop gate / tamper p=1)"}
{"level":30,"time":1781929565670,"pid":18536,"hostname":"Quang","name":"canary/loss-classifier","relayMinerId":"relay-under-audit","promoted":0,"absorbed":1,"tampers":0,"cumulativeCrossed":false,"msg":"canary divergences classified (drop gate / tamper p=1)"}
{"level":30,"time":1781929565670,"pid":18536,"hostname":"Quang","name":"canary/loss-classifier","relayMinerId":"relay-under-audit","promoted":0,"absorbed":1,"tampers":0,"cumulativeCrossed":false,"msg":"canary divergences classified (drop gate / tamper p=1)"}
{"level":30,"time":1781929565671,"pid":18536,"hostname":"Quang","name":"canary/loss-classifier","relayMinerId":"relay-under-audit","promoted":0,"absorbed":1,"tampers":0,"cumulativeCrossed":false,"msg":"canary divergences classified (drop gate / tamper p=1)"}
{"level":30,"time":1781929565671,"pid":18536,"hostname":"Quang","name":"canary/loss-classifier","relayMinerId":"relay-under-audit","promoted":1,"absorbed":0,"tampers":1,"cumulativeCrossed":false,"msg":"canary divergences classified (drop gate / tamper p=1)"}

[2m Test Files [22m [1m[32m1 passed[39m[22m[90m (1)[39m
[2m      Tests [22m [1m[32m13 passed[39m[22m[90m (13)[39m
[2m   Start at [22m 11:26:04
[2m   Duration [22m 1.10s[2m (transform 170ms, setup 0ms, collect 578ms, tests 12ms, environment 0ms, prepare 189ms)[22m

