
[1m[46m RUN [49m[22m [36mv3.2.4 [39m[90mC:/Thesis/dvconf/dvconf-daemons/apps/validator-daemon[39m

{"level":50,"time":1781934462444,"pid":26360,"hostname":"Quang","name":"canary/cell","err":{"type":"TypeError","message":"deps.getRelays is not a function","stack":"TypeError: deps.getRelays is not a function\n    at tick (C:\\Thesis\\dvconf\\dvconf-daemons\\apps\\validator-daemon\\src\\canary\\cell.ts:288:27)\n    at startCanaryCellLoop (C:\\Thesis\\dvconf\\dvconf-daemons\\apps\\validator-daemon\\src\\canary\\cell.ts:304:3)\n    at runOneRound (C:\\Thesis\\dvconf\\dvconf-daemons\\apps\\validator-daemon\\src\\canary\\__tests__\\relay-scoped-cell-loop.test.ts:39:18)\n    at C:\\Thesis\\dvconf\\dvconf-daemons\\apps\\validator-daemon\\src\\canary\\__tests__\\relay-scoped-cell-loop.test.ts:58:18\n    at file:///C:/Thesis/dvconf/dvconf-daemons/node_modules/.pnpm/@vitest+runner@3.2.4/node_modules/@vitest/runner/dist/chunk-hooks.js:155:11\n    at file:///C:/Thesis/dvconf/dvconf-daemons/node_modules/.pnpm/@vitest+runner@3.2.4/node_modules/@vitest/runner/dist/chunk-hooks.js:752:26\n    at file:///C:/Thesis/dvconf/dvconf-daemons/node_modules/.pnpm/@vitest+runner@3.2.4/node_modules/@vitest/runner/dist/chunk-hooks.js:1897:20\n    at new Promise (<anonymous>)\n    at runWithTimeout (file:///C:/Thesis/dvconf/dvconf-daemons/node_modules/.pnpm/@vitest+runner@3.2.4/node_modules/@vitest/runner/dist/chunk-hooks.js:1863:10)\n    at runTest (file:///C:/Thesis/dvconf/dvconf-daemons/node_modules/.pnpm/@vitest+runner@3.2.4/node_modules/@vitest/runner/dist/chunk-hooks.js:1574:12)"},"msg":"canary cell round failed (loop continues)"}
{"level":50,"time":1781934462452,"pid":26360,"hostname":"Quang","name":"canary/cell","err":{"type":"TypeError","message":"deps.getRelays is not a function","stack":"TypeError: deps.getRelays is not a function\n    at tick (C:\\Thesis\\dvconf\\dvconf-daemons\\apps\\validator-daemon\\src\\canary\\cell.ts:288:27)\n    at startCanaryCellLoop (C:\\Thesis\\dvconf\\dvconf-daemons\\apps\\validator-daemon\\src\\canary\\cell.ts:304:3)\n    at runOneRound (C:\\Thesis\\dvconf\\dvconf-daemons\\apps\\validator-daemon\\src\\canary\\__tests__\\relay-scoped-cell-loop.test.ts:39:18)\n    at C:\\Thesis\\dvconf\\dvconf-daemons\\apps\\validator-daemon\\src\\canary\\__tests__\\relay-scoped-cell-loop.test.ts:95:18\n    at file:///C:/Thesis/dvconf/dvconf-daemons/node_modules/.pnpm/@vitest+runner@3.2.4/node_modules/@vitest/runner/dist/chunk-hooks.js:155:11\n    at file:///C:/Thesis/dvconf/dvconf-daemons/node_modules/.pnpm/@vitest+runner@3.2.4/node_modules/@vitest/runner/dist/chunk-hooks.js:752:26\n    at file:///C:/Thesis/dvconf/dvconf-daemons/node_modules/.pnpm/@vitest+runner@3.2.4/node_modules/@vitest/runner/dist/chunk-hooks.js:1897:20\n    at new Promise (<anonymous>)\n    at runWithTimeout (file:///C:/Thesis/dvconf/dvconf-daemons/node_modules/.pnpm/@vitest+runner@3.2.4/node_modules/@vitest/runner/dist/chunk-hooks.js:1863:10)\n    at runTest (file:///C:/Thesis/dvconf/dvconf-daemons/node_modules/.pnpm/@vitest+runner@3.2.4/node_modules/@vitest/runner/dist/chunk-hooks.js:1574:12)"},"msg":"canary cell round failed (loop continues)"}
{"level":30,"time":1781934462449,"pid":26360,"hostname":"Quang","name":"canary/cell","intervalMs":1000000,"msg":"canary cell loop started"}
{"level":30,"time":1781934462449,"pid":26360,"hostname":"Quang","name":"canary/cell","msg":"canary cell loop stopped"}
{"level":30,"time":1781934462452,"pid":26360,"hostname":"Quang","name":"canary/cell","intervalMs":1000000,"msg":"canary cell loop started"}
{"level":30,"time":1781934462452,"pid":26360,"hostname":"Quang","name":"canary/cell","msg":"canary cell loop stopped"}
 [31m❯[39m src/canary/__tests__/relay-scoped-cell-loop.test.ts [2m([22m[2m3 tests[22m[2m | [22m[31m3 failed[39m[2m)[22m[32m 13[2mms[22m[39m
[31m   [31m×[31m per-(relay,room) cell loop (REQ-CFA-037 — NO silent re-union)[2m > [22ma multi-homed relay emits ONE cell per (relay,room) — distinct scoped pools[39m[32m 10[2mms[22m[39m
[31m     → expected null not to be null[39m
[31m   [31m×[31m per-(relay,room) cell loop (REQ-CFA-037 — NO silent re-union)[2m > [22mdistinct relays in distinct rooms each get their own scoped cell[39m[32m 1[2mms[22m[39m
[31m     → Cannot read properties of null (reading 'cells')[39m
[31m   [31m×[31m assignCells byte-identity preserved (REQ-CFA-038)[2m > [22mthe per-(relay,room) cell equals the M3 assignCells output for the SAME scoped pool[39m[32m 0[2mms[22m[39m
[31m     → (0 , buildRelayScopedValidatorPool) is not a function[39m
 [31m❯[39m src/canary/__tests__/validator-pool.test.ts [2m([22m[2m13 tests[22m[2m | [22m[31m7 failed[39m[2m)[22m[32m 24[2mms[22m[39m
   [32m✓[39m buildRoomScopedValidatorPool (REQ-CFA-024 / D-CFA-24)[2m > [22m(a) EXCLUDES a registry validator not in any active room[32m 2[2mms[22m[39m
   [32m✓[39m buildRoomScopedValidatorPool (REQ-CFA-024 / D-CFA-24)[2m > [22m(b) ALWAYS includes the self-entry, even with zero rooms[32m 0[2mms[22m[39m
   [32m✓[39m buildRoomScopedValidatorPool (REQ-CFA-024 / D-CFA-24)[2m > [22m(c) UNIONs two rooms A=[v1,v2] B=[v3,v4] across the daemon rooms[32m 0[2mms[22m[39m
   [32m✓[39m buildRoomScopedValidatorPool (REQ-CFA-024 / D-CFA-24)[2m > [22mde-duplicates a co-auditor that appears in BOTH rooms (no double-count)[32m 0[2mms[22m[39m
   [32m✓[39m buildRoomScopedValidatorPool (REQ-CFA-024 / D-CFA-24)[2m > [22mnever double-counts the self-entry if a room also lists it[32m 1[2mms[22m[39m
   [32m✓[39m room-scoped pool fed to assignCells — coverage honesty (REQ-CFA-025)[2m > [22m(d) a room dropping below the >=2 floor flips covered:true->false[32m 12[2mms[22m[39m
[31m   [31m×[31m buildRelayScopedValidatorPool (REQ-CFA-036 / D-CFA-30)[2m > [22m(a) relay-A's pool EXCLUDES a room-B-only co-auditor (no cross-room union)[39m[32m 4[2mms[22m[39m
[31m     → (0 , buildRelayScopedValidatorPool) is not a function[39m
[31m   [31m×[31m buildRelayScopedValidatorPool (REQ-CFA-036 / D-CFA-30)[2m > [22m(b) a relay serving as STANDBY in a room sees that room co-auditors[39m[32m 1[2mms[22m[39m
[31m     → (0 , buildRelayScopedValidatorPool) is not a function[39m
[31m   [31m×[31m buildRelayScopedValidatorPool (REQ-CFA-036 / D-CFA-30)[2m > [22m(c) ALWAYS includes the self-entry with its REAL session wallet[39m[32m 1[2mms[22m[39m
[31m     → (0 , buildRelayScopedValidatorPool) is not a function[39m
[31m   [31m×[31m buildRelayScopedValidatorPool (REQ-CFA-036 / D-CFA-30)[2m > [22m(d) a relay this daemon does not serve yields a self-only pool[39m[32m 0[2mms[22m[39m
[31m     → (0 , buildRelayScopedValidatorPool) is not a function[39m
[31m   [31m×[31m buildRelayScopedValidatorPool (REQ-CFA-036 / D-CFA-30)[2m > [22m(e) zero new chain read: never reads the demoted registry discovery set[39m[32m 0[2mms[22m[39m
[31m     → (0 , buildRelayScopedValidatorPool) is not a function[39m
[31m   [31m×[31m multi-homed relay disposition (REQ-CFA-037 / D-CFA-31 — NO silent re-union)[2m > [22mper-(relay,room) scoping: relay-M's room-A pool excludes room-B co-auditors[39m[32m 0[2mms[22m[39m
[31m     → (0 , buildRelayScopedValidatorPool) is not a function[39m
[31m   [31m×[31m multi-homed relay disposition (REQ-CFA-037 / D-CFA-31 — NO silent re-union)[2m > [22ma multi-room-in-one-call scope WOULD re-union — pin that the per-room slice is the contract[39m[32m 0[2mms[22m[39m
[31m     → (0 , buildRelayScopedValidatorPool) is not a function[39m

[31m⎯⎯⎯⎯⎯⎯[39m[1m[41m Failed Tests 10 [49m[22m[31m⎯⎯⎯⎯⎯⎯⎯[39m

[41m[1m FAIL [22m[49m src/canary/__tests__/relay-scoped-cell-loop.test.ts[2m > [22mper-(relay,room) cell loop (REQ-CFA-037 — NO silent re-union)[2m > [22ma multi-homed relay emits ONE cell per (relay,room) — distinct scoped pools
[31m[1mAssertionError[22m: expected null not to be null[39m
[36m [2m❯[22m src/canary/__tests__/relay-scoped-cell-loop.test.ts:[2m70:22[22m[39m
    [90m 68| [39m    })[33m;[39m
    [90m 69| [39m
    [90m 70| [39m    [34mexpect[39m(snap)[33m.[39mnot[33m.[39m[34mtoBeNull[39m()[33m;[39m
    [90m   | [39m                     [31m^[39m
    [90m 71| [39m    [90m// TWO cells for the SAME relay miner_id — one per (relay,room).[39m
    [90m 72| [39m    const relayMCells = snap!.cells.filter((c) => c.relayId === 'relay…

[31m[2m⎯⎯⎯⎯⎯⎯⎯⎯⎯⎯⎯⎯⎯⎯⎯⎯⎯⎯⎯⎯⎯⎯⎯[1/10]⎯[22m[39m

[41m[1m FAIL [22m[49m src/canary/__tests__/relay-scoped-cell-loop.test.ts[2m > [22mper-(relay,room) cell loop (REQ-CFA-037 — NO silent re-union)[2m > [22mdistinct relays in distinct rooms each get their own scoped cell
[31m[1mTypeError[22m: Cannot read properties of null (reading 'cells')[39m
[36m [2m❯[22m src/canary/__tests__/relay-scoped-cell-loop.test.ts:[2m106:18[22m[39m
    [90m104| [39m      }[33m,[39m
    [90m105| [39m    })[33m;[39m
    [90m106| [39m    expect(snap!.cells.map((c) => c.relayId).sort()).toEqual(['relay-A…
    [90m   | [39m                 [31m^[39m
    [90m107| [39m    [90m// relay-A's cell never contains v3/v4 (room-B-only).[39m
    [90m108| [39m    [35mconst[39m cellA [33m=[39m snap[33m![39m[33m.[39mcells[33m.[39m[34mfind[39m((c) [33m=>[39m c[33m.[39mrelayId [33m===[39m [32m'relay-A'[39m)[33m![39m[33m;[39m

[31m[2m⎯⎯⎯⎯⎯⎯⎯⎯⎯⎯⎯⎯⎯⎯⎯⎯⎯⎯⎯⎯⎯⎯⎯[2/10]⎯[22m[39m

[41m[1m FAIL [22m[49m src/canary/__tests__/relay-scoped-cell-loop.test.ts[2m > [22massignCells byte-identity preserved (REQ-CFA-038)[2m > [22mthe per-(relay,room) cell equals the M3 assignCells output for the SAME scoped pool
[31m[1mTypeError[22m: (0 , buildRelayScopedValidatorPool) is not a function[39m
[36m [2m❯[22m src/canary/__tests__/relay-scoped-cell-loop.test.ts:[2m120:24[22m[39m
    [90m118| [39m    // UNTOUCHED assignCells directly with that relay's scoped pool (s…
    [90m119| [39m    [35mconst[39m validatorIds [33m=[39m [[32m'v1'[39m[33m,[39m [32m'v2'[39m[33m,[39m [32m'v3'[39m][33m;[39m
    [90m120| [39m    [35mconst[39m scopedPool [33m=[39m [34mbuildRelayScopedValidatorPool[39m({
    [90m   | [39m                       [31m^[39m
    [90m121| [39m      activeRooms: [{ validatorIds, primaryRelayId: 'relay-A' } as Sco…
    [90m122| [39m      self[33m:[39m [33mSELF[39m[33m,[39m

[31m[2m⎯⎯⎯⎯⎯⎯⎯⎯⎯⎯⎯⎯⎯⎯⎯⎯⎯⎯⎯⎯⎯⎯⎯[3/10]⎯[22m[39m

[41m[1m FAIL [22m[49m src/canary/__tests__/validator-pool.test.ts[2m > [22mbuildRelayScopedValidatorPool (REQ-CFA-036 / D-CFA-30)[2m > [22m(a) relay-A's pool EXCLUDES a room-B-only co-auditor (no cross-room union)
[31m[1mTypeError[22m: (0 , buildRelayScopedValidatorPool) is not a function[39m
[36m [2m❯[22m src/canary/__tests__/validator-pool.test.ts:[2m158:26[22m[39m
    [90m156| [39m      relayId[33m:[39m [32m'relay-A'[39m[33m,[39m
    [90m157| [39m    }[33m;[39m
    [90m158| [39m    [35mconst[39m ids [33m=[39m [34mminerIds[39m([34mbuildRelayScopedValidatorPool[39m(input))[33m;[39m
    [90m   | [39m                         [31m^[39m
    [90m159| [39m    [90m// v3/v4 are room-B-only — they MUST NOT appear in relay-A's cell.[39m
    [90m160| [39m    [34mexpect[39m(ids)[33m.[39mnot[33m.[39m[34mtoContain[39m([32m'v3'[39m)[33m;[39m

[31m[2m⎯⎯⎯⎯⎯⎯⎯⎯⎯⎯⎯⎯⎯⎯⎯⎯⎯⎯⎯⎯⎯⎯⎯[4/10]⎯[22m[39m

[41m[1m FAIL [22m[49m src/canary/__tests__/validator-pool.test.ts[2m > [22mbuildRelayScopedValidatorPool (REQ-CFA-036 / D-CFA-30)[2m > [22m(b) a relay serving as STANDBY in a room sees that room co-auditors
[31m[1mTypeError[22m: (0 , buildRelayScopedValidatorPool) is not a function[39m
[36m [2m❯[22m src/canary/__tests__/validator-pool.test.ts:[2m174:21[22m[39m
    [90m172| [39m      relayId[33m:[39m [32m'relay-S'[39m[33m,[39m
    [90m173| [39m    }[33m;[39m
    [90m174| [39m    expect(minerIds(buildRelayScopedValidatorPool(input))).toEqual(['s…
    [90m   | [39m                    [31m^[39m
    [90m175| [39m  })[33m;[39m
    [90m176| [39m

[31m[2m⎯⎯⎯⎯⎯⎯⎯⎯⎯⎯⎯⎯⎯⎯⎯⎯⎯⎯⎯⎯⎯⎯⎯[5/10]⎯[22m[39m

[41m[1m FAIL [22m[49m src/canary/__tests__/validator-pool.test.ts[2m > [22mbuildRelayScopedValidatorPool (REQ-CFA-036 / D-CFA-30)[2m > [22m(c) ALWAYS includes the self-entry with its REAL session wallet
[31m[1mTypeError[22m: (0 , buildRelayScopedValidatorPool) is not a function[39m
[36m [2m❯[22m src/canary/__tests__/validator-pool.test.ts:[2m183:18[22m[39m
    [90m181| [39m      relayId[33m:[39m [32m'relay-A'[39m[33m,[39m
    [90m182| [39m    }[33m;[39m
    [90m183| [39m    [35mconst[39m pool [33m=[39m [34mbuildRelayScopedValidatorPool[39m(input)[33m;[39m
    [90m   | [39m                 [31m^[39m
    [90m184| [39m    [35mconst[39m selfEntry [33m=[39m pool[33m.[39m[34mfind[39m((v) [33m=>[39m v[33m.[39mminerId [33m===[39m [32m'self-miner'[39m)[33m;[39m
    [90m185| [39m    [34mexpect[39m(selfEntry[33m?.[39msessionWallet)[33m.[39m[34mtoBe[39m([32m'self-session'[39m)[33m;[39m

[31m[2m⎯⎯⎯⎯⎯⎯⎯⎯⎯⎯⎯⎯⎯⎯⎯⎯⎯⎯⎯⎯⎯⎯⎯[6/10]⎯[22m[39m

[41m[1m FAIL [22m[49m src/canary/__tests__/validator-pool.test.ts[2m > [22mbuildRelayScopedValidatorPool (REQ-CFA-036 / D-CFA-30)[2m > [22m(d) a relay this daemon does not serve yields a self-only pool
[31m[1mTypeError[22m: (0 , buildRelayScopedValidatorPool) is not a function[39m
[36m [2m❯[22m src/canary/__tests__/validator-pool.test.ts:[2m194:21[22m[39m
    [90m192| [39m      relayId[33m:[39m [32m'relay-UNKNOWN'[39m[33m,[39m
    [90m193| [39m    }[33m;[39m
    [90m194| [39m    expect(minerIds(buildRelayScopedValidatorPool(input))).toEqual(['s…
    [90m   | [39m                    [31m^[39m
    [90m195| [39m  })[33m;[39m
    [90m196| [39m

[31m[2m⎯⎯⎯⎯⎯⎯⎯⎯⎯⎯⎯⎯⎯⎯⎯⎯⎯⎯⎯⎯⎯⎯⎯[7/10]⎯[22m[39m

[41m[1m FAIL [22m[49m src/canary/__tests__/validator-pool.test.ts[2m > [22mbuildRelayScopedValidatorPool (REQ-CFA-036 / D-CFA-30)[2m > [22m(e) zero new chain read: never reads the demoted registry discovery set
[31m[1mTypeError[22m: (0 , buildRelayScopedValidatorPool) is not a function[39m
[36m [2m❯[22m src/canary/__tests__/validator-pool.test.ts:[2m207:21[22m[39m
    [90m205| [39m    // @ts-expect-error — RelayScopeInput has no `discovered` field by…
    [90m206| [39m    input[33m.[39mdiscovered [33m=[39m [[32m'reg-only'[39m][33m;[39m
    [90m207| [39m    expect(minerIds(buildRelayScopedValidatorPool(input))).not.toConta…
    [90m   | [39m                    [31m^[39m
    [90m208| [39m  })[33m;[39m
    [90m209| [39m})[33m;[39m

[31m[2m⎯⎯⎯⎯⎯⎯⎯⎯⎯⎯⎯⎯⎯⎯⎯⎯⎯⎯⎯⎯⎯⎯⎯[8/10]⎯[22m[39m

[41m[1m FAIL [22m[49m src/canary/__tests__/validator-pool.test.ts[2m > [22mmulti-homed relay disposition (REQ-CFA-037 / D-CFA-31 — NO silent re-union)[2m > [22mper-(relay,room) scoping: relay-M's room-A pool excludes room-B co-auditors
[31m[1mTypeError[22m: (0 , buildRelayScopedValidatorPool) is not a function[39m
[36m [2m❯[22m src/canary/__tests__/validator-pool.test.ts:[2m222:26[22m[39m
    [90m220| [39m
    [90m221| [39m    // Scope relay-M against ONLY room A's slice (the per-(relay,room)…
    [90m222| [39m    [35mconst[39m poolForRoomA [33m=[39m [34mbuildRelayScopedValidatorPool[39m({
    [90m   | [39m                         [31m^[39m
    [90m223| [39m      activeRooms[33m:[39m [roomA][33m,[39m
    [90m224| [39m      self[33m:[39m [33mSELF[39m[33m,[39m

[31m[2m⎯⎯⎯⎯⎯⎯⎯⎯⎯⎯⎯⎯⎯⎯⎯⎯⎯⎯⎯⎯⎯⎯⎯[9/10]⎯[22m[39m

[41m[1m FAIL [22m[49m src/canary/__tests__/validator-pool.test.ts[2m > [22mmulti-homed relay disposition (REQ-CFA-037 / D-CFA-31 — NO silent re-union)[2m > [22ma multi-room-in-one-call scope WOULD re-union — pin that the per-room slice is the contract
[31m[1mTypeError[22m: (0 , buildRelayScopedValidatorPool) is not a function[39m
[36m [2m❯[22m src/canary/__tests__/validator-pool.test.ts:[2m250:23[22m[39m
    [90m248| [39m    // the over-count closure DEPENDS on the caller passing ONE room p…
    [90m249| [39m    // the per-(relay,room) loop in startCanaryCellLoop is what guaran…
    [90m250| [39m    [35mconst[39m reUnioned [33m=[39m [34mbuildRelayScopedValidatorPool[39m({
    [90m   | [39m                      [31m^[39m
    [90m251| [39m      activeRooms: [scopedRoom(['v1', 'v2'], 'relay-M'), scopedRoom(['…
    [90m252| [39m      self[33m:[39m [33mSELF[39m[33m,[39m

[31m[2m⎯⎯⎯⎯⎯⎯⎯⎯⎯⎯⎯⎯⎯⎯⎯⎯⎯⎯⎯⎯⎯⎯[10/10]⎯[22m[39m


[2m Test Files [22m [1m[31m2 failed[39m[22m[90m (2)[39m
[2m      Tests [22m [1m[31m10 failed[39m[22m[2m | [22m[1m[32m6 passed[39m[22m[90m (16)[39m
[2m   Start at [22m 12:47:41
[2m   Duration [22m 1.11s[2m (transform 221ms, setup 0ms, collect 1.09s, tests 37ms, environment 0ms, prepare 391ms)[22m

undefined
C:\Thesis\dvconf\dvconf-daemons\apps\validator-daemon:
 ERR_PNPM_RECURSIVE_EXEC_FIRST_FAIL  Command failed with exit code 1: vitest run src/canary/__tests__/validator-pool.test.ts src/canary/__tests__/relay-scoped-cell-loop.test.ts
