
[1m[46m RUN [49m[22m [36mv3.2.4 [39m[90mC:/Thesis/dvconf/dvconf-daemons[39m

 [31m❯[39m apps/validator-daemon/src/canary/__tests__/cell-salt.test.ts [2m([22m[2m5 tests[22m[2m | [22m[31m2 failed[39m[2m)[22m[32m 50[2mms[22m[39m
   [32m✓[39m REQ-CFA-022 salted assignCells — relay cannot recompute coverage without the secret[2m > [22m(a) assignment is DETERMINISTIC given the SAME secret (validators agree)[32m 25[2mms[22m[39m
[31m   [31m×[31m REQ-CFA-022 salted assignCells — relay cannot recompute coverage without the secret[2m > [22m(b) a DIFFERENT secret yields a DIFFERENT covered set (a relay with a wrong secret cannot reproduce it)[39m[32m 11[2mms[22m[39m
[31m     → expected 'relay-A:miner-1,miner-2|relay-B:miner…' not to be 'relay-A:miner-1,miner-2|relay-B:miner…' // Object.is equality[39m
[31m   [31m×[31m REQ-CFA-022 salted assignCells — relay cannot recompute coverage without the secret[2m > [22m(c) the assignmentSecret is REQUIRED — an absent/empty secret is rejected (no public-input fallback)[39m[32m 8[2mms[22m[39m
[31m     → expected [Function] to throw an error[39m
   [32m✓[39m REQ-CFA-022 salted assignCells — relay cannot recompute coverage without the secret[2m > [22m(d) the assignmentSecret NEVER appears in the CellAssignment output (INV-C wire hygiene)[32m 3[2mms[22m[39m
   [32m✓[39m REQ-CFA-022 salted assignCells — relay cannot recompute coverage without the secret[2m > [22m(e) salting does not break the >=2-distinct coverage floor[32m 1[2mms[22m[39m

[31m⎯⎯⎯⎯⎯⎯⎯[39m[1m[41m Failed Tests 2 [49m[22m[31m⎯⎯⎯⎯⎯⎯⎯[39m

[41m[1m FAIL [22m[49m apps/validator-daemon/src/canary/__tests__/cell-salt.test.ts[2m > [22mREQ-CFA-022 salted assignCells — relay cannot recompute coverage without the secret[2m > [22m(b) a DIFFERENT secret yields a DIFFERENT covered set (a relay with a wrong secret cannot reproduce it)
[31m[1mAssertionError[22m: expected 'relay-A:miner-1,miner-2|relay-B:miner…' not to be 'relay-A:miner-1,miner-2|relay-B:miner…' // Object.is equality[39m
[36m [2m❯[22m apps/validator-daemon/src/canary/__tests__/cell-salt.test.ts:[2m80:42[22m[39m
    [90m 78| [39m    }
    [90m 79| [39m    // But the SELECTED set differs — a relay holding the wrong secret…
    [90m 80| [39m    expect(fingerprint(withSecret1)).not.toBe(fingerprint(withSecret2)…
    [90m   | [39m                                         [31m^[39m
    [90m 81| [39m  })[33m;[39m
    [90m 82| [39m

[31m[2m⎯⎯⎯⎯⎯⎯⎯⎯⎯⎯⎯⎯⎯⎯⎯⎯⎯⎯⎯⎯⎯⎯⎯⎯[1/2]⎯[22m[39m

[41m[1m FAIL [22m[49m apps/validator-daemon/src/canary/__tests__/cell-salt.test.ts[2m > [22mREQ-CFA-022 salted assignCells — relay cannot recompute coverage without the secret[2m > [22m(c) the assignmentSecret is REQUIRED — an absent/empty secret is rejected (no public-input fallback)
[31m[1mAssertionError[22m: expected [Function] to throw an error[39m
[36m [2m❯[22m apps/validator-daemon/src/canary/__tests__/cell-salt.test.ts:[2m86:73[22m[39m
    [90m 84| [39m    [35mconst[39m validators [33m=[39m [34mdistinctValidators[39m([34m4[39m)[33m;[39m
    [90m 85| [39m    // @ts-expect-error — deliberately omitting assignmentSecret to pr…
    [90m 86| [39m    expect(() => assignCells({ relays: RELAYS, validators, round: 0 })…
    [90m   | [39m                                                                        [31m^[39m
    [90m 87| [39m    [34mexpect[39m(() [33m=>[39m
    [90m 88| [39m      assignCells({ relays: RELAYS, validators, round: 0, assignmentSe…

[31m[2m⎯⎯⎯⎯⎯⎯⎯⎯⎯⎯⎯⎯⎯⎯⎯⎯⎯⎯⎯⎯⎯⎯⎯⎯[2/2]⎯[22m[39m


[2m Test Files [22m [1m[31m1 failed[39m[22m[90m (1)[39m
[2m      Tests [22m [1m[31m2 failed[39m[22m[2m | [22m[1m[32m3 passed[39m[22m[90m (5)[39m
[2m   Start at [22m 01:32:29
[2m   Duration [22m 2.07s[2m (transform 269ms, setup 0ms, collect 999ms, tests 50ms, environment 0ms, prepare 295ms)[22m

