
[1m[46m RUN [49m[22m [36mv3.2.4 [39m[90mC:/Thesis/dvconf/dvconf-daemons[39m

[90mstdout[2m | apps/relay/src/__tests__/integration/canary-forward.integration.test.ts[2m > [22m[2mREQ-CFA-003/009 INV-A — hermetic canary forward leg (REAL mediasoup + receiver-side equality)[2m > [22m[2mPOSITIVE: a content-blind relay forwards canary frames BIT-EXACT — verifier (cellSecret-only, local ctr) ⇒ byteIdentical==mediaPackets, 0 divergences
[22m[39m{"timestamp":"2026-06-19T13:03:22.524Z","level":"INFO","source":"frontend","module":"webrtc/sframe-transform","message":"encrypted frame","context":{"kid":7,"ctr":0,"byteLength":62,"codecOffset":10}}

[90mstdout[2m | apps/relay/src/__tests__/integration/canary-forward.integration.test.ts[2m > [22m[2mREQ-CFA-003/009 INV-A — hermetic canary forward leg (REAL mediasoup + receiver-side equality)[2m > [22m[2mPOSITIVE: a content-blind relay forwards canary frames BIT-EXACT — verifier (cellSecret-only, local ctr) ⇒ byteIdentical==mediaPackets, 0 divergences
[22m[39m{"timestamp":"2026-06-19T13:03:22.526Z","level":"INFO","source":"frontend","module":"webrtc/sframe-transform","message":"encrypted frame","context":{"kid":7,"ctr":1,"byteLength":62,"codecOffset":10}}

[90mstdout[2m | apps/relay/src/__tests__/integration/canary-forward.integration.test.ts[2m > [22m[2mREQ-CFA-003/009 INV-A — hermetic canary forward leg (REAL mediasoup + receiver-side equality)[2m > [22m[2mPOSITIVE: a content-blind relay forwards canary frames BIT-EXACT — verifier (cellSecret-only, local ctr) ⇒ byteIdentical==mediaPackets, 0 divergences
[22m[39m{"timestamp":"2026-06-19T13:03:22.527Z","level":"INFO","source":"frontend","module":"webrtc/sframe-transform","message":"encrypted frame","context":{"kid":7,"ctr":2,"byteLength":62,"codecOffset":10}}

[90mstdout[2m | apps/relay/src/__tests__/integration/canary-forward.integration.test.ts[2m > [22m[2mREQ-CFA-003/009 INV-A — hermetic canary forward leg (REAL mediasoup + receiver-side equality)[2m > [22m[2mPOSITIVE: a content-blind relay forwards canary frames BIT-EXACT — verifier (cellSecret-only, local ctr) ⇒ byteIdentical==mediaPackets, 0 divergences
[22m[39m{"timestamp":"2026-06-19T13:03:22.528Z","level":"INFO","source":"frontend","module":"webrtc/sframe-transform","message":"encrypted frame","context":{"kid":7,"ctr":3,"byteLength":62,"codecOffset":10}}

[90mstdout[2m | apps/relay/src/__tests__/integration/canary-forward.integration.test.ts[2m > [22m[2mREQ-CFA-003/009 INV-A — hermetic canary forward leg (REAL mediasoup + receiver-side equality)[2m > [22m[2mPOSITIVE: a content-blind relay forwards canary frames BIT-EXACT — verifier (cellSecret-only, local ctr) ⇒ byteIdentical==mediaPackets, 0 divergences
[22m[39m{"timestamp":"2026-06-19T13:03:22.528Z","level":"INFO","source":"frontend","module":"webrtc/sframe-transform","message":"encrypted frame","context":{"kid":7,"ctr":4,"byteLength":62,"codecOffset":10}}

[90mstdout[2m | apps/relay/src/__tests__/integration/canary-forward.integration.test.ts[2m > [22m[2mREQ-CFA-003/009 INV-A — hermetic canary forward leg (REAL mediasoup + receiver-side equality)[2m > [22m[2mPOSITIVE: a content-blind relay forwards canary frames BIT-EXACT — verifier (cellSecret-only, local ctr) ⇒ byteIdentical==mediaPackets, 0 divergences
[22m[39m{"timestamp":"2026-06-19T13:03:22.529Z","level":"INFO","source":"frontend","module":"webrtc/sframe-transform","message":"encrypted frame","context":{"kid":7,"ctr":5,"byteLength":62,"codecOffset":10}}

[90mstdout[2m | apps/relay/src/__tests__/integration/canary-forward.integration.test.ts[2m > [22m[2mREQ-CFA-003/009 INV-A — hermetic canary forward leg (REAL mediasoup + receiver-side equality)[2m > [22m[2mPOSITIVE: a content-blind relay forwards canary frames BIT-EXACT — verifier (cellSecret-only, local ctr) ⇒ byteIdentical==mediaPackets, 0 divergences
[22m[39m{"timestamp":"2026-06-19T13:03:23.508Z","level":"INFO","source":"frontend","module":"webrtc/sframe-transform","message":"encrypted frame","context":{"kid":7,"ctr":0,"byteLength":62,"codecOffset":10}}

[90mstdout[2m | apps/relay/src/__tests__/integration/canary-forward.integration.test.ts[2m > [22m[2mREQ-CFA-003/009 INV-A — hermetic canary forward leg (REAL mediasoup + receiver-side equality)[2m > [22m[2mPOSITIVE: a content-blind relay forwards canary frames BIT-EXACT — verifier (cellSecret-only, local ctr) ⇒ byteIdentical==mediaPackets, 0 divergences
[22m[39m{"timestamp":"2026-06-19T13:03:23.509Z","level":"INFO","source":"frontend","module":"webrtc/sframe-transform","message":"encrypted frame","context":{"kid":7,"ctr":1,"byteLength":62,"codecOffset":10}}

[90mstdout[2m | apps/relay/src/__tests__/integration/canary-forward.integration.test.ts[2m > [22m[2mREQ-CFA-003/009 INV-A — hermetic canary forward leg (REAL mediasoup + receiver-side equality)[2m > [22m[2mPOSITIVE: a content-blind relay forwards canary frames BIT-EXACT — verifier (cellSecret-only, local ctr) ⇒ byteIdentical==mediaPackets, 0 divergences
[22m[39m{"timestamp":"2026-06-19T13:03:23.510Z","level":"INFO","source":"frontend","module":"webrtc/sframe-transform","message":"encrypted frame","context":{"kid":7,"ctr":2,"byteLength":62,"codecOffset":10}}

[90mstdout[2m | apps/relay/src/__tests__/integration/canary-forward.integration.test.ts[2m > [22m[2mREQ-CFA-003/009 INV-A — hermetic canary forward leg (REAL mediasoup + receiver-side equality)[2m > [22m[2mPOSITIVE: a content-blind relay forwards canary frames BIT-EXACT — verifier (cellSecret-only, local ctr) ⇒ byteIdentical==mediaPackets, 0 divergences
[22m[39m{"timestamp":"2026-06-19T13:03:23.511Z","level":"INFO","source":"frontend","module":"webrtc/sframe-transform","message":"encrypted frame","context":{"kid":7,"ctr":3,"byteLength":62,"codecOffset":10}}

[90mstdout[2m | apps/relay/src/__tests__/integration/canary-forward.integration.test.ts[2m > [22m[2mREQ-CFA-003/009 INV-A — hermetic canary forward leg (REAL mediasoup + receiver-side equality)[2m > [22m[2mPOSITIVE: a content-blind relay forwards canary frames BIT-EXACT — verifier (cellSecret-only, local ctr) ⇒ byteIdentical==mediaPackets, 0 divergences
[22m[39m{"timestamp":"2026-06-19T13:03:23.511Z","level":"INFO","source":"frontend","module":"webrtc/sframe-transform","message":"encrypted frame","context":{"kid":7,"ctr":4,"byteLength":62,"codecOffset":10}}

[90mstdout[2m | apps/relay/src/__tests__/integration/canary-forward.integration.test.ts[2m > [22m[2mREQ-CFA-003/009 INV-A — hermetic canary forward leg (REAL mediasoup + receiver-side equality)[2m > [22m[2mPOSITIVE: a content-blind relay forwards canary frames BIT-EXACT — verifier (cellSecret-only, local ctr) ⇒ byteIdentical==mediaPackets, 0 divergences
[22m[39m{"timestamp":"2026-06-19T13:03:23.512Z","level":"INFO","source":"frontend","module":"webrtc/sframe-transform","message":"encrypted frame","context":{"kid":7,"ctr":5,"byteLength":62,"codecOffset":10}}

{"level":30,"time":1781874203513,"pid":21716,"hostname":"Quang","name":"canary/verifier","canaryKid":7,"mediaPackets":58,"byteIdentical":58,"divergences":0,"msg":"canary forwarding verified"}
[90mstdout[2m | apps/relay/src/__tests__/integration/canary-forward.integration.test.ts[2m > [22m[2mREQ-CFA-003/009 INV-A — hermetic canary forward leg (REAL mediasoup + receiver-side equality)[2m > [22m[2mPOSITIVE: a content-blind relay forwards canary frames BIT-EXACT — verifier (cellSecret-only, local ctr) ⇒ byteIdentical==mediaPackets, 0 divergences
[22m[39m[CFA-003 positive] forwarded=58 mediaPackets=58 byteIdentical=58 divergences=0

[90mstdout[2m | apps/relay/src/__tests__/integration/canary-forward.integration.test.ts[2m > [22m[2mREQ-CFA-003/009 INV-A — hermetic canary forward leg (REAL mediasoup + receiver-side equality)[2m > [22m[2mRED DROP TOOTH: a dropped canary seq (one body never sent) ⇒ a DROP divergence (observedHash MISSING) via the LOCAL expected-ctr gap, not the relay trailer
[22m[39m{"timestamp":"2026-06-19T13:03:23.515Z","level":"INFO","source":"frontend","module":"webrtc/sframe-transform","message":"encrypted frame","context":{"kid":7,"ctr":0,"byteLength":62,"codecOffset":10}}

[90mstdout[2m | apps/relay/src/__tests__/integration/canary-forward.integration.test.ts[2m > [22m[2mREQ-CFA-003/009 INV-A — hermetic canary forward leg (REAL mediasoup + receiver-side equality)[2m > [22m[2mRED DROP TOOTH: a dropped canary seq (one body never sent) ⇒ a DROP divergence (observedHash MISSING) via the LOCAL expected-ctr gap, not the relay trailer
[22m[39m{"timestamp":"2026-06-19T13:03:23.516Z","level":"INFO","source":"frontend","module":"webrtc/sframe-transform","message":"encrypted frame","context":{"kid":7,"ctr":1,"byteLength":62,"codecOffset":10}}

[90mstdout[2m | apps/relay/src/__tests__/integration/canary-forward.integration.test.ts[2m > [22m[2mREQ-CFA-003/009 INV-A — hermetic canary forward leg (REAL mediasoup + receiver-side equality)[2m > [22m[2mRED DROP TOOTH: a dropped canary seq (one body never sent) ⇒ a DROP divergence (observedHash MISSING) via the LOCAL expected-ctr gap, not the relay trailer
[22m[39m{"timestamp":"2026-06-19T13:03:23.516Z","level":"INFO","source":"frontend","module":"webrtc/sframe-transform","message":"encrypted frame","context":{"kid":7,"ctr":2,"byteLength":62,"codecOffset":10}}

[90mstdout[2m | apps/relay/src/__tests__/integration/canary-forward.integration.test.ts[2m > [22m[2mREQ-CFA-003/009 INV-A — hermetic canary forward leg (REAL mediasoup + receiver-side equality)[2m > [22m[2mRED DROP TOOTH: a dropped canary seq (one body never sent) ⇒ a DROP divergence (observedHash MISSING) via the LOCAL expected-ctr gap, not the relay trailer
[22m[39m{"timestamp":"2026-06-19T13:03:23.517Z","level":"INFO","source":"frontend","module":"webrtc/sframe-transform","message":"encrypted frame","context":{"kid":7,"ctr":3,"byteLength":62,"codecOffset":10}}

[90mstdout[2m | apps/relay/src/__tests__/integration/canary-forward.integration.test.ts[2m > [22m[2mREQ-CFA-003/009 INV-A — hermetic canary forward leg (REAL mediasoup + receiver-side equality)[2m > [22m[2mRED DROP TOOTH: a dropped canary seq (one body never sent) ⇒ a DROP divergence (observedHash MISSING) via the LOCAL expected-ctr gap, not the relay trailer
[22m[39m{"timestamp":"2026-06-19T13:03:23.517Z","level":"INFO","source":"frontend","module":"webrtc/sframe-transform","message":"encrypted frame","context":{"kid":7,"ctr":4,"byteLength":62,"codecOffset":10}}

[90mstdout[2m | apps/relay/src/__tests__/integration/canary-forward.integration.test.ts[2m > [22m[2mREQ-CFA-003/009 INV-A — hermetic canary forward leg (REAL mediasoup + receiver-side equality)[2m > [22m[2mRED DROP TOOTH: a dropped canary seq (one body never sent) ⇒ a DROP divergence (observedHash MISSING) via the LOCAL expected-ctr gap, not the relay trailer
[22m[39m{"timestamp":"2026-06-19T13:03:23.518Z","level":"INFO","source":"frontend","module":"webrtc/sframe-transform","message":"encrypted frame","context":{"kid":7,"ctr":5,"byteLength":62,"codecOffset":10}}

[90mstdout[2m | apps/relay/src/__tests__/integration/canary-forward.integration.test.ts[2m > [22m[2mREQ-CFA-003/009 INV-A — hermetic canary forward leg (REAL mediasoup + receiver-side equality)[2m > [22m[2mRED DROP TOOTH: a dropped canary seq (one body never sent) ⇒ a DROP divergence (observedHash MISSING) via the LOCAL expected-ctr gap, not the relay trailer
[22m[39m{"timestamp":"2026-06-19T13:03:24.491Z","level":"INFO","source":"frontend","module":"webrtc/sframe-transform","message":"encrypted frame","context":{"kid":7,"ctr":0,"byteLength":62,"codecOffset":10}}

[90mstdout[2m | apps/relay/src/__tests__/integration/canary-forward.integration.test.ts[2m > [22m[2mREQ-CFA-003/009 INV-A — hermetic canary forward leg (REAL mediasoup + receiver-side equality)[2m > [22m[2mRED DROP TOOTH: a dropped canary seq (one body never sent) ⇒ a DROP divergence (observedHash MISSING) via the LOCAL expected-ctr gap, not the relay trailer
[22m[39m{"timestamp":"2026-06-19T13:03:24.491Z","level":"INFO","source":"frontend","module":"webrtc/sframe-transform","message":"encrypted frame","context":{"kid":7,"ctr":1,"byteLength":62,"codecOffset":10}}

[90mstdout[2m | apps/relay/src/__tests__/integration/canary-forward.integration.test.ts[2m > [22m[2mREQ-CFA-003/009 INV-A — hermetic canary forward leg (REAL mediasoup + receiver-side equality)[2m > [22m[2mRED DROP TOOTH: a dropped canary seq (one body never sent) ⇒ a DROP divergence (observedHash MISSING) via the LOCAL expected-ctr gap, not the relay trailer
[22m[39m{"timestamp":"2026-06-19T13:03:24.492Z","level":"INFO","source":"frontend","module":"webrtc/sframe-transform","message":"encrypted frame","context":{"kid":7,"ctr":2,"byteLength":62,"codecOffset":10}}

[90mstdout[2m | apps/relay/src/__tests__/integration/canary-forward.integration.test.ts[2m > [22m[2mREQ-CFA-003/009 INV-A — hermetic canary forward leg (REAL mediasoup + receiver-side equality)[2m > [22m[2mRED DROP TOOTH: a dropped canary seq (one body never sent) ⇒ a DROP divergence (observedHash MISSING) via the LOCAL expected-ctr gap, not the relay trailer
[22m[39m{"timestamp":"2026-06-19T13:03:24.492Z","level":"INFO","source":"frontend","module":"webrtc/sframe-transform","message":"encrypted frame","context":{"kid":7,"ctr":3,"byteLength":62,"codecOffset":10}}

[90mstdout[2m | apps/relay/src/__tests__/integration/canary-forward.integration.test.ts[2m > [22m[2mREQ-CFA-003/009 INV-A — hermetic canary forward leg (REAL mediasoup + receiver-side equality)[2m > [22m[2mRED DROP TOOTH: a dropped canary seq (one body never sent) ⇒ a DROP divergence (observedHash MISSING) via the LOCAL expected-ctr gap, not the relay trailer
[22m[39m{"timestamp":"2026-06-19T13:03:24.493Z","level":"INFO","source":"frontend","module":"webrtc/sframe-transform","message":"encrypted frame","context":{"kid":7,"ctr":4,"byteLength":62,"codecOffset":10}}

[90mstdout[2m | apps/relay/src/__tests__/integration/canary-forward.integration.test.ts[2m > [22m[2mREQ-CFA-003/009 INV-A — hermetic canary forward leg (REAL mediasoup + receiver-side equality)[2m > [22m[2mRED DROP TOOTH: a dropped canary seq (one body never sent) ⇒ a DROP divergence (observedHash MISSING) via the LOCAL expected-ctr gap, not the relay trailer
[22m[39m{"timestamp":"2026-06-19T13:03:24.493Z","level":"INFO","source":"frontend","module":"webrtc/sframe-transform","message":"encrypted frame","context":{"kid":7,"ctr":5,"byteLength":62,"codecOffset":10}}

{"level":30,"time":1781874204494,"pid":21716,"hostname":"Quang","name":"canary/verifier","canaryKid":7,"mediaPackets":47,"byteIdentical":47,"divergences":1,"msg":"canary forwarding verified"}
[90mstdout[2m | apps/relay/src/__tests__/integration/canary-forward.integration.test.ts[2m > [22m[2mREQ-CFA-003/009 INV-A — hermetic canary forward leg (REAL mediasoup + receiver-side equality)[2m > [22m[2mRED DROP TOOTH: a dropped canary seq (one body never sent) ⇒ a DROP divergence (observedHash MISSING) via the LOCAL expected-ctr gap, not the relay trailer
[22m[39m[CFA-009 drop] forwarded=47 mediaPackets=47 byteIdentical=47 divergences=1 dropCtr=2

 [32m✓[39m apps/relay/src/__tests__/integration/canary-forward.integration.test.ts [2m([22m[2m2 tests[22m[2m)[22m[33m 2107[2mms[22m[39m
   [33m[2m✓[22m[39m REQ-CFA-003/009 INV-A — hermetic canary forward leg (REAL mediasoup + receiver-side equality)[2m > [22mPOSITIVE: a content-blind relay forwards canary frames BIT-EXACT — verifier (cellSecret-only, local ctr) ⇒ byteIdentical==mediaPackets, 0 divergences [33m 995[2mms[22m[39m
   [33m[2m✓[22m[39m REQ-CFA-003/009 INV-A — hermetic canary forward leg (REAL mediasoup + receiver-side equality)[2m > [22mRED DROP TOOTH: a dropped canary seq (one body never sent) ⇒ a DROP divergence (observedHash MISSING) via the LOCAL expected-ctr gap, not the relay trailer [33m 981[2mms[22m[39m

[2m Test Files [22m [1m[32m1 passed[39m[22m[90m (1)[39m
[2m      Tests [22m [1m[32m2 passed[39m[22m[90m (2)[39m
[2m   Start at [22m 20:03:20
[2m   Duration [22m 3.52s[2m (transform 182ms, setup 0ms, collect 1.14s, tests 2.11s, environment 0ms, prepare 100ms)[22m

